=== Oracle gratuit | seed=1 ===
Run: oracle_free__MiniGrid-DoorKey-8x8-v0__seed1__1777317229
  device=cuda, batch=1024, updates=488
  CSV → logs/oracle_free__MiniGrid-DoorKey-8x8-v0__seed1__1777317229.csv
  obs=(64, 64, 3), n_actions=8, query_action=7
  params=67,167,753
[   1/488] step=   1024 | ep=    1 | return= 0.837 | guided%= 12.1 | bc=0.0000 | cumQ=   108 | bc_coef=0.000 | sps=326
[  10/488] step=  10240 | ep=   63 | return= 0.776 | guided%= 25.4 | bc=0.0000 | cumQ=  1940 | bc_coef=0.000 | sps=466
[  20/488] step=  20480 | ep=  425 | return= 0.971 | guided%= 82.2 | bc=0.0000 | cumQ=  8436 | bc_coef=0.000 | sps=468
[  30/488] step=  30720 | ep=  974 | return= 0.976 | guided%= 90.5 | bc=0.0000 | cumQ= 17565 | bc_coef=0.000 | sps=465
[  40/488] step=  40960 | ep= 1536 | return= 0.977 | guided%= 93.1 | bc=0.0000 | cumQ= 27025 | bc_coef=0.000 | sps=463
[  50/488] step=  51200 | ep= 2109 | return= 0.976 | guided%= 89.8 | bc=0.0000 | cumQ= 36454 | bc_coef=0.000 | sps=462
[  60/488] step=  61440 | ep= 2641 | return= 0.976 | guided%= 93.2 | bc=0.0000 | cumQ= 45926 | bc_coef=0.000 | sps=461
[  70/488] step=  71680 | ep= 3199 | return= 0.975 | guided%= 90.6 | bc=0.0000 | cumQ= 55215 | bc_coef=0.000 | sps=461
[  80/488] step=  81920 | ep= 3746 | return= 0.975 | guided%= 91.3 | bc=0.0000 | cumQ= 64416 | bc_coef=0.000 | sps=460
[  90/488] step=  92160 | ep= 4311 | return= 0.976 | guided%= 88.8 | bc=0.0000 | cumQ= 73514 | bc_coef=0.000 | sps=460
[ 100/488] step= 102400 | ep= 4882 | return= 0.976 | guided%= 89.5 | bc=0.0000 | cumQ= 82672 | bc_coef=0.000 | sps=460
[ 110/488] step= 112640 | ep= 5451 | return= 0.975 | guided%= 89.3 | bc=0.0000 | cumQ= 91803 | bc_coef=0.000 | sps=460
[ 120/488] step= 122880 | ep= 5995 | return= 0.976 | guided%= 89.5 | bc=0.0000 | cumQ=100985 | bc_coef=0.000 | sps=460
[ 130/488] step= 133120 | ep= 6531 | return= 0.974 | guided%= 84.7 | bc=0.0000 | cumQ=109806 | bc_coef=0.000 | sps=460
[ 140/488] step= 143360 | ep= 7072 | return= 0.975 | guided%= 83.3 | bc=0.0000 | cumQ=118432 | bc_coef=0.000 | sps=460
[ 150/488] step= 153600 | ep= 7619 | return= 0.975 | guided%= 81.1 | bc=0.0000 | cumQ=126819 | bc_coef=0.000 | sps=460
[ 160/488] step= 163840 | ep= 8149 | return= 0.975 | guided%= 80.8 | bc=0.0000 | cumQ=135071 | bc_coef=0.000 | sps=460
[ 170/488] step= 174080 | ep= 8706 | return= 0.975 | guided%= 77.5 | bc=0.0000 | cumQ=143383 | bc_coef=0.000 | sps=460
[ 180/488] step= 184320 | ep= 9259 | return= 0.976 | guided%= 79.9 | bc=0.0000 | cumQ=151413 | bc_coef=0.000 | sps=460
[ 190/488] step= 194560 | ep= 9820 | return= 0.976 | guided%= 79.4 | bc=0.0000 | cumQ=159497 | bc_coef=0.000 | sps=460
[ 200/488] step= 204800 | ep=10381 | return= 0.976 | guided%= 76.7 | bc=0.0000 | cumQ=167516 | bc_coef=0.000 | sps=460
[ 210/488] step= 215040 | ep=10938 | return= 0.975 | guided%= 77.7 | bc=0.0000 | cumQ=175203 | bc_coef=0.000 | sps=460
[ 220/488] step= 225280 | ep=11491 | return= 0.976 | guided%= 77.5 | bc=0.0000 | cumQ=182988 | bc_coef=0.000 | sps=460
[ 230/488] step= 235520 | ep=12064 | return= 0.976 | guided%= 78.0 | bc=0.0000 | cumQ=191066 | bc_coef=0.000 | sps=460
[ 240/488] step= 245760 | ep=12625 | return= 0.976 | guided%= 76.2 | bc=0.0000 | cumQ=198783 | bc_coef=0.000 | sps=460
[ 250/488] step= 256000 | ep=13201 | return= 0.977 | guided%= 78.2 | bc=0.0000 | cumQ=206716 | bc_coef=0.000 | sps=460
[ 260/488] step= 266240 | ep=13767 | return= 0.975 | guided%= 81.7 | bc=0.0000 | cumQ=215031 | bc_coef=0.000 | sps=460
[ 270/488] step= 276480 | ep=14348 | return= 0.977 | guided%= 83.3 | bc=0.0000 | cumQ=223559 | bc_coef=0.000 | sps=460
[ 280/488] step= 286720 | ep=14910 | return= 0.976 | guided%= 84.6 | bc=0.0000 | cumQ=232257 | bc_coef=0.000 | sps=460
[ 290/488] step= 296960 | ep=15475 | return= 0.976 | guided%= 85.6 | bc=0.0000 | cumQ=240965 | bc_coef=0.000 | sps=460
[ 300/488] step= 307200 | ep=16047 | return= 0.976 | guided%= 84.5 | bc=0.0000 | cumQ=249631 | bc_coef=0.000 | sps=460
[ 310/488] step= 317440 | ep=16621 | return= 0.977 | guided%= 83.1 | bc=0.0000 | cumQ=258198 | bc_coef=0.000 | sps=460
[ 320/488] step= 327680 | ep=17189 | return= 0.977 | guided%= 80.7 | bc=0.0000 | cumQ=266590 | bc_coef=0.000 | sps=460
[ 330/488] step= 337920 | ep=17766 | return= 0.977 | guided%= 85.6 | bc=0.0000 | cumQ=275233 | bc_coef=0.000 | sps=460
[ 340/488] step= 348160 | ep=18336 | return= 0.977 | guided%= 89.2 | bc=0.0000 | cumQ=284303 | bc_coef=0.000 | sps=459
[ 350/488] step= 358400 | ep=18905 | return= 0.976 | guided%= 88.3 | bc=0.0000 | cumQ=293370 | bc_coef=0.000 | sps=459
[ 360/488] step= 368640 | ep=19480 | return= 0.976 | guided%= 88.0 | bc=0.0000 | cumQ=302496 | bc_coef=0.000 | sps=459
[ 370/488] step= 378880 | ep=20061 | return= 0.977 | guided%= 87.4 | bc=0.0000 | cumQ=311487 | bc_coef=0.000 | sps=459
[ 380/488] step= 389120 | ep=20632 | return= 0.976 | guided%= 84.8 | bc=0.0000 | cumQ=320289 | bc_coef=0.000 | sps=459
[ 390/488] step= 399360 | ep=21201 | return= 0.976 | guided%= 82.6 | bc=0.0000 | cumQ=329003 | bc_coef=0.000 | sps=459
[ 400/488] step= 409600 | ep=21768 | return= 0.976 | guided%= 87.6 | bc=0.0000 | cumQ=337809 | bc_coef=0.000 | sps=459
[ 410/488] step= 419840 | ep=22346 | return= 0.977 | guided%= 88.5 | bc=0.0000 | cumQ=346975 | bc_coef=0.000 | sps=459
[ 420/488] step= 430080 | ep=22909 | return= 0.977 | guided%= 89.8 | bc=0.0000 | cumQ=356253 | bc_coef=0.000 | sps=459
[ 430/488] step= 440320 | ep=23477 | return= 0.976 | guided%= 91.2 | bc=0.0000 | cumQ=365532 | bc_coef=0.000 | sps=459
[ 440/488] step= 450560 | ep=24056 | return= 0.977 | guided%= 89.9 | bc=0.0000 | cumQ=374882 | bc_coef=0.000 | sps=459
[ 450/488] step= 460800 | ep=24631 | return= 0.977 | guided%= 91.3 | bc=0.0000 | cumQ=384258 | bc_coef=0.000 | sps=459
[ 460/488] step= 471040 | ep=25213 | return= 0.977 | guided%= 91.0 | bc=0.0000 | cumQ=393617 | bc_coef=0.000 | sps=459
[ 470/488] step= 481280 | ep=25790 | return= 0.977 | guided%= 90.1 | bc=0.0000 | cumQ=402833 | bc_coef=0.000 | sps=459
[ 480/488] step= 491520 | ep=26361 | return= 0.976 | guided%= 89.7 | bc=0.0000 | cumQ=412032 | bc_coef=0.000 | sps=459
Generating plots...
Plots → figures/oracle_free__MiniGrid-DoorKey-8x8-v0__seed1__1777317229.png
=== Oracle payant  | seed=1 ===
Run: oracle_paid__MiniGrid-DoorKey-8x8-v0__seed1__1777318344
  device=cuda, batch=1024, updates=488
  CSV → logs/oracle_paid__MiniGrid-DoorKey-8x8-v0__seed1__1777318344.csv
  obs=(64, 64, 3), n_actions=8, query_action=7
  params=67,167,753
[   1/488] step=   1024 | ep=    1 | return= 0.697 | guided%= 12.1 | bc=0.0000 | cumQ=   108 | bc_coef=0.000 | sps=312
[  10/488] step=  10240 | ep=   84 | return= 0.600 | guided%= 25.7 | bc=0.0000 | cumQ=  1992 | bc_coef=0.000 | sps=463
[  20/488] step=  20480 | ep=  449 | return= 0.803 | guided%= 76.1 | bc=0.0000 | cumQ=  8142 | bc_coef=0.000 | sps=468
[  30/488] step=  30720 | ep=  924 | return= 0.829 | guided%= 71.3 | bc=0.0000 | cumQ= 15694 | bc_coef=0.000 | sps=467
[  40/488] step=  40960 | ep= 1453 | return= 0.854 | guided%= 65.8 | bc=0.0000 | cumQ= 22333 | bc_coef=0.000 | sps=466
[  50/488] step=  51200 | ep= 2011 | return= 0.867 | guided%= 59.1 | bc=0.0000 | cumQ= 28656 | bc_coef=0.000 | sps=466
[  60/488] step=  61440 | ep= 2562 | return= 0.872 | guided%= 56.2 | bc=0.0000 | cumQ= 34616 | bc_coef=0.000 | sps=465
[  70/488] step=  71680 | ep= 3116 | return= 0.874 | guided%= 53.0 | bc=0.0000 | cumQ= 40215 | bc_coef=0.000 | sps=465
[  80/488] step=  81920 | ep= 3660 | return= 0.873 | guided%= 53.3 | bc=0.0000 | cumQ= 45750 | bc_coef=0.000 | sps=465
[  90/488] step=  92160 | ep= 4197 | return= 0.869 | guided%= 53.1 | bc=0.0000 | cumQ= 51328 | bc_coef=0.000 | sps=465
[ 100/488] step= 102400 | ep= 4726 | return= 0.878 | guided%= 51.2 | bc=0.0000 | cumQ= 56486 | bc_coef=0.000 | sps=466
[ 110/488] step= 112640 | ep= 5251 | return= 0.874 | guided%= 52.5 | bc=0.0000 | cumQ= 61662 | bc_coef=0.000 | sps=466
[ 120/488] step= 122880 | ep= 5793 | return= 0.867 | guided%= 55.6 | bc=0.0000 | cumQ= 67252 | bc_coef=0.000 | sps=466
[ 130/488] step= 133120 | ep= 6334 | return= 0.869 | guided%= 53.9 | bc=0.0000 | cumQ= 72797 | bc_coef=0.000 | sps=466
[ 140/488] step= 143360 | ep= 6870 | return= 0.875 | guided%= 52.1 | bc=0.0000 | cumQ= 78171 | bc_coef=0.000 | sps=466
[ 150/488] step= 153600 | ep= 7403 | return= 0.874 | guided%= 52.9 | bc=0.0000 | cumQ= 83540 | bc_coef=0.000 | sps=466
[ 160/488] step= 163840 | ep= 7941 | return= 0.867 | guided%= 54.9 | bc=0.0000 | cumQ= 89008 | bc_coef=0.000 | sps=466
[ 170/488] step= 174080 | ep= 8489 | return= 0.877 | guided%= 53.0 | bc=0.0000 | cumQ= 94586 | bc_coef=0.000 | sps=466
[ 180/488] step= 184320 | ep= 9039 | return= 0.871 | guided%= 56.3 | bc=0.0000 | cumQ=100373 | bc_coef=0.000 | sps=466
[ 190/488] step= 194560 | ep= 9609 | return= 0.873 | guided%= 56.3 | bc=0.0000 | cumQ=106186 | bc_coef=0.000 | sps=466
[ 200/488] step= 204800 | ep=10185 | return= 0.876 | guided%= 56.5 | bc=0.0000 | cumQ=111993 | bc_coef=0.000 | sps=466
[ 210/488] step= 215040 | ep=10760 | return= 0.875 | guided%= 57.0 | bc=0.0000 | cumQ=117841 | bc_coef=0.000 | sps=465
[ 220/488] step= 225280 | ep=11323 | return= 0.872 | guided%= 57.1 | bc=0.0000 | cumQ=123661 | bc_coef=0.000 | sps=465
[ 230/488] step= 235520 | ep=11872 | return= 0.871 | guided%= 58.9 | bc=0.0000 | cumQ=129345 | bc_coef=0.000 | sps=465
[ 240/488] step= 245760 | ep=12391 | return= 0.864 | guided%= 58.7 | bc=0.0000 | cumQ=134915 | bc_coef=0.000 | sps=465
[ 250/488] step= 256000 | ep=12971 | return= 0.871 | guided%= 58.8 | bc=0.0000 | cumQ=141113 | bc_coef=0.000 | sps=465
[ 260/488] step= 266240 | ep=13536 | return= 0.862 | guided%= 60.1 | bc=0.0000 | cumQ=147200 | bc_coef=0.000 | sps=465
[ 270/488] step= 276480 | ep=14101 | return= 0.871 | guided%= 56.9 | bc=0.0000 | cumQ=153176 | bc_coef=0.000 | sps=465
[ 280/488] step= 286720 | ep=14655 | return= 0.871 | guided%= 54.7 | bc=0.0000 | cumQ=158874 | bc_coef=0.000 | sps=465
[ 290/488] step= 296960 | ep=15200 | return= 0.875 | guided%= 54.1 | bc=0.0000 | cumQ=164389 | bc_coef=0.000 | sps=465
[ 300/488] step= 307200 | ep=15762 | return= 0.880 | guided%= 53.4 | bc=0.0000 | cumQ=170037 | bc_coef=0.000 | sps=465
[ 310/488] step= 317440 | ep=16318 | return= 0.875 | guided%= 55.2 | bc=0.0000 | cumQ=175747 | bc_coef=0.000 | sps=465
[ 320/488] step= 327680 | ep=16871 | return= 0.880 | guided%= 53.8 | bc=0.0000 | cumQ=181202 | bc_coef=0.000 | sps=465
