=== Job 2872711 — exp=oracle_free seed=3 ===
Node: i21
Start: jeu 07 mai 2026 12:37:17 CEST
Saved → figures/oracle_free__Sokoban-small-v0__seed3__1778150248.png
Run: oracle_free__Sokoban-small-v0__seed3__1778150248
  device=cuda, batch=1024, updates=488
  CSV → logs/oracle_free__Sokoban-small-v0__seed3__1778150248.csv
  obs=(84, 84, 3), n_actions=10, query_action=9
  params=1,687,723
[SOKOBAN] Runtime Error/Warning: Generated Model with score == 0
[SOKOBAN] Retry . . .
[SOKOBAN] Runtime Error/Warning: Generated Model with score == 0
[SOKOBAN] Retry . . .
[   1/488] step=   1024 | ep=   13 | return=-1.477 | guided%= 11.2 | bc=0.0000 | cumQ=   114 | bc_coef=0.000 | sps=122
[SOKOBAN] Runtime Error/Warning: Generated Model with score == 0
[SOKOBAN] Retry . . .
[SOKOBAN] Runtime Error/Warning: Generated Model with score == 0
[SOKOBAN] Retry . . .
[SOKOBAN] Runtime Error/Warning: Generated Model with score == 0
[SOKOBAN] Retry . . .
[  10/488] step=  10240 | ep=  230 | return= 4.260 | guided%= 28.8 | bc=0.0000 | cumQ=  2048 | bc_coef=0.000 | sps=142
[SOKOBAN] Runtime Error/Warning: Generated Model with score == 0
[SOKOBAN] Retry . . .
[SOKOBAN] Runtime Error/Warning: Generated Model with score == 0
[SOKOBAN] Retry . . .
[SOKOBAN] Runtime Error/Warning: Generated Model with score == 0
[SOKOBAN] Retry . . .
[SOKOBAN] Runtime Error/Warning: Generated Model with score == 0
[SOKOBAN] Retry . . .
[SOKOBAN] Runtime Error/Warning: Generated Model with score == 0
[SOKOBAN] Retry . . .
[SOKOBAN] Runtime Error/Warning: Not enough free spots (#3) to place 1 player and 2 boxes.
[SOKOBAN] Retry . . .
[SOKOBAN] Runtime Error/Warning: Generated Model with score == 0
[SOKOBAN] Retry . . .
[SOKOBAN] Runtime Error/Warning: Not enough free spots (#3) to place 1 player and 2 boxes.
[SOKOBAN] Retry . . .
[SOKOBAN] Runtime Error/Warning: Not enough free spots (#3) to place 1 player and 2 boxes.
[SOKOBAN] Retry . . .
[SOKOBAN] Runtime Error/Warning: Generated Model with score == 0
[SOKOBAN] Retry . . .
[SOKOBAN] Runtime Error/Warning: Not enough free spots (#3) to place 1 player and 2 boxes.
[SOKOBAN] Retry . . .
[SOKOBAN] Runtime Error/Warning: Not enough free spots (#3) to place 1 player and 2 boxes.
[SOKOBAN] Retry . . .
[SOKOBAN] Runtime Error/Warning: Not enough free spots (#3) to place 1 player and 2 boxes.
[SOKOBAN] Retry . . .
[SOKOBAN] Runtime Error/Warning: Generated Model with score == 0
[SOKOBAN] Retry . . .
[SOKOBAN] Runtime Error/Warning: Generated Model with score == 0
[SOKOBAN] Retry . . .
[  20/488] step=  20480 | ep=  803 | return=10.287 | guided%= 79.9 | bc=0.0000 | cumQ=  8546 | bc_coef=0.000 | sps=135
[SOKOBAN] Runtime Error/Warning: Not enough free spots (#3) to place 1 player and 2 boxes.
[SOKOBAN] Retry . . .
[SOKOBAN] Runtime Error/Warning: Generated Model with score == 0
[SOKOBAN] Retry . . .
[SOKOBAN] Runtime Error/Warning: Generated Model with score == 0
[SOKOBAN] Retry . . .
[SOKOBAN] Runtime Error/Warning: Generated Model with score == 0
[SOKOBAN] Retry . . .
[SOKOBAN] Runtime Error/Warning: Not enough free spots (#3) to place 1 player and 2 boxes.
[SOKOBAN] Retry . . .
[SOKOBAN] Runtime Error/Warning: Generated Model with score == 0
[SOKOBAN] Retry . . .
[SOKOBAN] Runtime Error/Warning: Not enough free spots (#3) to place 1 player and 2 boxes.
[SOKOBAN] Retry . . .
[SOKOBAN] Runtime Error/Warning: Generated Model with score == 0
[SOKOBAN] Retry . . .
[SOKOBAN] Runtime Error/Warning: Generated Model with score == 0
[SOKOBAN] Retry . . .
[SOKOBAN] Runtime Error/Warning: Not enough free spots (#3) to place 1 player and 2 boxes.
[SOKOBAN] Retry . . .
[  30/488] step=  30720 | ep= 1612 | return=11.085 | guided%= 89.7 | bc=0.0000 | cumQ= 17556 | bc_coef=0.000 | sps=130
[SOKOBAN] Runtime Error/Warning: Generated Model with score == 0
[SOKOBAN] Retry . . .
[SOKOBAN] Runtime Error/Warning: Not enough free spots (#3) to place 1 player and 2 boxes.
[SOKOBAN] Retry . . .
[SOKOBAN] Runtime Error/Warning: Generated Model with score == 0
[SOKOBAN] Retry . . .
[SOKOBAN] Runtime Error/Warning: Generated Model with score == 0
[SOKOBAN] Retry . . .
[SOKOBAN] Runtime Error/Warning: Generated Model with score == 0
[SOKOBAN] Retry . . .
[SOKOBAN] Runtime Error/Warning: Generated Model with score == 0
[SOKOBAN] Retry . . .
[SOKOBAN] Runtime Error/Warning: Not enough free spots (#3) to place 1 player and 2 boxes.
[SOKOBAN] Retry . . .
[SOKOBAN] Runtime Error/Warning: Generated Model with score == 0
[SOKOBAN] Retry . . .
[SOKOBAN] Runtime Error/Warning: Not enough free spots (#3) to place 1 player and 2 boxes.
[SOKOBAN] Retry . . .
[SOKOBAN] Runtime Error/Warning: Not enough free spots (#3) to place 1 player and 2 boxes.
[SOKOBAN] Retry . . .
[SOKOBAN] Runtime Error/Warning: Generated Model with score == 0
[SOKOBAN] Retry . . .
[SOKOBAN] Runtime Error/Warning: Not enough free spots (#3) to place 1 player and 2 boxes.
[SOKOBAN] Retry . . .
[  40/488] step=  40960 | ep= 2449 | return=11.259 | guided%= 87.5 | bc=0.0000 | cumQ= 26768 | bc_coef=0.000 | sps=128
[SOKOBAN] Runtime Error/Warning: Generated Model with score == 0
[SOKOBAN] Retry . . .
[SOKOBAN] Runtime Error/Warning: Generated Model with score == 0
[SOKOBAN] Retry . . .
[SOKOBAN] Runtime Error/Warning: Generated Model with score == 0
[SOKOBAN] Retry . . .
[SOKOBAN] Runtime Error/Warning: Generated Model with score == 0
[SOKOBAN] Retry . . .
[SOKOBAN] Runtime Error/Warning: Generated Model with score == 0
[SOKOBAN] Retry . . .
[SOKOBAN] Runtime Error/Warning: Generated Model with score == 0
[SOKOBAN] Retry . . .
[SOKOBAN] Runtime Error/Warning: Not enough free spots (#2) to place 1 player and 2 boxes.
[SOKOBAN] Retry . . .
[SOKOBAN] Runtime Error/Warning: Generated Model with score == 0
[SOKOBAN] Retry . . .
[SOKOBAN] Runtime Error/Warning: Not enough free spots (#3) to place 1 player and 2 boxes.
[SOKOBAN] Retry . . .
[SOKOBAN] Runtime Error/Warning: Not enough free spots (#3) to place 1 player and 2 boxes.
[SOKOBAN] Retry . . .
[SOKOBAN] Runtime Error/Warning: Generated Model with score == 0
[SOKOBAN] Retry . . .
[  50/488] step=  51200 | ep= 3258 | return=11.262 | guided%= 86.9 | bc=0.0000 | cumQ= 35936 | bc_coef=0.000 | sps=124
[SOKOBAN] Runtime Error/Warning: Generated Model with score == 0
[SOKOBAN] Retry . . .
[SOKOBAN] Runtime Error/Warning: Not enough free spots (#3) to place 1 player and 2 boxes.
[SOKOBAN] Retry . . .
[SOKOBAN] Runtime Error/Warning: Not enough free spots (#3) to place 1 player and 2 boxes.
[SOKOBAN] Retry . . .
[SOKOBAN] Runtime Error/Warning: Generated Model with score == 0
[SOKOBAN] Retry . . .
[SOKOBAN] Runtime Error/Warning: Generated Model with score == 0
[SOKOBAN] Retry . . .
[SOKOBAN] Runtime Error/Warning: Not enough free spots (#3) to place 1 player and 2 boxes.
[SOKOBAN] Retry . . .
[SOKOBAN] Runtime Error/Warning: Generated Model with score == 0
[SOKOBAN] Retry . . .
[SOKOBAN] Runtime Error/Warning: Not enough free spots (#3) to place 1 player and 2 boxes.
[SOKOBAN] Retry . . .
[SOKOBAN] Runtime Error/Warning: Generated Model with score == 0
[SOKOBAN] Retry . . .
[SOKOBAN] Runtime Error/Warning: Not enough free spots (#3) to place 1 player and 2 boxes.
[SOKOBAN] Retry . . .
[SOKOBAN] Runtime Error/Warning: Generated Model with score == 0
[SOKOBAN] Retry . . .
[SOKOBAN] Runtime Error/Warning: Not enough free spots (#3) to place 1 player and 2 boxes.
[SOKOBAN] Retry . . .
[SOKOBAN] Runtime Error/Warning: Not enough free spots (#3) to place 1 player and 2 boxes.
[SOKOBAN] Retry . . .
[SOKOBAN] Runtime Error/Warning: Generated Model with score == 0
[SOKOBAN] Retry . . .
[  60/488] step=  61440 | ep= 4108 | return=11.286 | guided%= 88.4 | bc=0.0000 | cumQ= 45238 | bc_coef=0.000 | sps=122
[SOKOBAN] Runtime Error/Warning: Generated Model with score == 0
[SOKOBAN] Retry . . .
[SOKOBAN] Runtime Error/Warning: Generated Model with score == 0
[SOKOBAN] Retry . . .
[SOKOBAN] Runtime Error/Warning: Generated Model with score == 0
[SOKOBAN] Retry . . .
[SOKOBAN] Runtime Error/Warning: Generated Model with score == 0
[SOKOBAN] Retry . . .
[SOKOBAN] Runtime Error/Warning: Generated Model with score == 0
[SOKOBAN] Retry . . .
[SOKOBAN] Runtime Error/Warning: Generated Model with score == 0
[SOKOBAN] Retry . . .
[SOKOBAN] Runtime Error/Warning: Generated Model with score == 0
[SOKOBAN] Retry . . .
[SOKOBAN] Runtime Error/Warning: Not enough free spots (#3) to place 1 player and 2 boxes.
[SOKOBAN] Retry . . .
[SOKOBAN] Runtime Error/Warning: Generated Model with score == 0
[SOKOBAN] Retry . . .
[SOKOBAN] Runtime Error/Warning: Generated Model with score == 0
[SOKOBAN] Retry . . .
[SOKOBAN] Runtime Error/Warning: Generated Model with score == 0
[SOKOBAN] Retry . . .
[SOKOBAN] Runtime Error/Warning: Generated Model with score == 0
[SOKOBAN] Retry . . .
[  70/488] step=  71680 | ep= 4968 | return=11.297 | guided%= 88.3 | bc=0.0000 | cumQ= 54594 | bc_coef=0.000 | sps=119
[SOKOBAN] Runtime Error/Warning: Generated Model with score == 0
[SOKOBAN] Retry . . .
[SOKOBAN] Runtime Error/Warning: Not enough free spots (#3) to place 1 player and 2 boxes.
[SOKOBAN] Retry . . .
[SOKOBAN] Runtime Error/Warning: Generated Model with score == 0
[SOKOBAN] Retry . . .
[SOKOBAN] Runtime Error/Warning: Generated Model with score == 0
[SOKOBAN] Retry . . .
[SOKOBAN] Runtime Error/Warning: Generated Model with score == 0
[SOKOBAN] Retry . . .
[SOKOBAN] Runtime Error/Warning: Generated Model with score == 0
[SOKOBAN] Retry . . .
[SOKOBAN] Runtime Error/Warning: Generated Model with score == 0
[SOKOBAN] Retry . . .
[SOKOBAN] Runtime Error/Warning: Generated Model with score == 0
[SOKOBAN] Retry . . .
[SOKOBAN] Runtime Error/Warning: Not enough free spots (#3) to place 1 player and 2 boxes.
[SOKOBAN] Retry . . .
[SOKOBAN] Runtime Error/Warning: Not enough free spots (#3) to place 1 player and 2 boxes.
[SOKOBAN] Retry . . .
[SOKOBAN] Runtime Error/Warning: Generated Model with score == 0
[SOKOBAN] Retry . . .
[SOKOBAN] Runtime Error/Warning: Generated Model with score == 0
[SOKOBAN] Retry . . .
[SOKOBAN] Runtime Error/Warning: Generated Model with score == 0
[SOKOBAN] Retry . . .
[SOKOBAN] Runtime Error/Warning: Not enough free spots (#3) to place 1 player and 2 boxes.
[SOKOBAN] Retry . . .
[SOKOBAN] Runtime Error/Warning: Generated Model with score == 0
[SOKOBAN] Retry . . .
[SOKOBAN] Runtime Error/Warning: Generated Model with score == 0
[SOKOBAN] Retry . . .
[  80/488] step=  81920 | ep= 5812 | return=11.288 | guided%= 89.0 | bc=0.0000 | cumQ= 63969 | bc_coef=0.000 | sps=118
[SOKOBAN] Runtime Error/Warning: Not enough free spots (#3) to place 1 player and 2 boxes.
[SOKOBAN] Retry . . .
[SOKOBAN] Runtime Error/Warning: Not enough free spots (#3) to place 1 player and 2 boxes.
[SOKOBAN] Retry . . .
[SOKOBAN] Runtime Error/Warning: Generated Model with score == 0
[SOKOBAN] Retry . . .
[SOKOBAN] Runtime Error/Warning: Generated Model with score == 0
[SOKOBAN] Retry . . .
[SOKOBAN] Runtime Error/Warning: Generated Model with score == 0
[SOKOBAN] Retry . . .
[SOKOBAN] Runtime Error/Warning: Not enough free spots (#3) to place 1 player and 2 boxes.
[SOKOBAN] Retry . . .
[SOKOBAN] Runtime Error/Warning: Generated Model with score == 0
[SOKOBAN] Retry . . .
[SOKOBAN] Runtime Error/Warning: Generated Model with score == 0
[SOKOBAN] Retry . . .
[SOKOBAN] Runtime Error/Warning: Generated Model with score == 0
[SOKOBAN] Retry . . .
[SOKOBAN] Runtime Error/Warning: Generated Model with score == 0
[SOKOBAN] Retry . . .
[  90/488] step=  92160 | ep= 6673 | return=11.255 | guided%= 90.0 | bc=0.0000 | cumQ= 73315 | bc_coef=0.000 | sps=117
[SOKOBAN] Runtime Error/Warning: Generated Model with score == 0
[SOKOBAN] Retry . . .
[SOKOBAN] Runtime Error/Warning: Generated Model with score == 0
[SOKOBAN] Retry . . .
[SOKOBAN] Runtime Error/Warning: Generated Model with score == 0
[SOKOBAN] Retry . . .
[SOKOBAN] Runtime Error/Warning: Generated Model with score == 0
[SOKOBAN] Retry . . .
[SOKOBAN] Runtime Error/Warning: Generated Model with score == 0
[SOKOBAN] Retry . . .
[SOKOBAN] Runtime Error/Warning: Generated Model with score == 0
[SOKOBAN] Retry . . .
[SOKOBAN] Runtime Error/Warning: Generated Model with score == 0
[SOKOBAN] Retry . . .
[SOKOBAN] Runtime Error/Warning: Generated Model with score == 0
[SOKOBAN] Retry . . .
[SOKOBAN] Runtime Error/Warning: Generated Model with score == 0
[SOKOBAN] Retry . . .
[SOKOBAN] Runtime Error/Warning: Generated Model with score == 0
[SOKOBAN] Retry . . .
[SOKOBAN] Runtime Error/Warning: Not enough free spots (#3) to place 1 player and 2 boxes.
[SOKOBAN] Retry . . .
[SOKOBAN] Runtime Error/Warning: Generated Model with score == 0
[SOKOBAN] Retry . . .
[SOKOBAN] Runtime Error/Warning: Not enough free spots (#3) to place 1 player and 2 boxes.
[SOKOBAN] Retry . . .
[SOKOBAN] Runtime Error/Warning: Generated Model with score == 0
[SOKOBAN] Retry . . .
[ 100/488] step= 102400 | ep= 7519 | return=11.287 | guided%= 89.3 | bc=0.0000 | cumQ= 82665 | bc_coef=0.000 | sps=116
[SOKOBAN] Runtime Error/Warning: Generated Model with score == 0
[SOKOBAN] Retry . . .
[SOKOBAN] Runtime Error/Warning: Not enough free spots (#3) to place 1 player and 2 boxes.
[SOKOBAN] Retry . . .
[SOKOBAN] Runtime Error/Warning: Generated Model with score == 0
[SOKOBAN] Retry . . .
[SOKOBAN] Runtime Error/Warning: Generated Model with score == 0
[SOKOBAN] Retry . . .
[SOKOBAN] Runtime Error/Warning: Generated Model with score == 0
[SOKOBAN] Retry . . .
[SOKOBAN] Runtime Error/Warning: Generated Model with score == 0
[SOKOBAN] Retry . . .
[SOKOBAN] Runtime Error/Warning: Generated Model with score == 0
[SOKOBAN] Retry . . .
[SOKOBAN] Runtime Error/Warning: Generated Model with score == 0
[SOKOBAN] Retry . . .
[SOKOBAN] Runtime Error/Warning: Generated Model with score == 0
[SOKOBAN] Retry . . .
[SOKOBAN] Runtime Error/Warning: Not enough free spots (#3) to place 1 player and 2 boxes.
[SOKOBAN] Retry . . .
[SOKOBAN] Runtime Error/Warning: Generated Model with score == 0
[SOKOBAN] Retry . . .
[ 110/488] step= 112640 | ep= 8361 | return=11.324 | guided%= 88.8 | bc=0.0000 | cumQ= 92028 | bc_coef=0.000 | sps=115
[SOKOBAN] Runtime Error/Warning: Not enough free spots (#3) to place 1 player and 2 boxes.
[SOKOBAN] Retry . . .
[SOKOBAN] Runtime Error/Warning: Not enough free spots (#3) to place 1 player and 2 boxes.
[SOKOBAN] Retry . . .
[SOKOBAN] Runtime Error/Warning: Generated Model with score == 0
[SOKOBAN] Retry . . .
[SOKOBAN] Runtime Error/Warning: Generated Model with score == 0
[SOKOBAN] Retry . . .
[SOKOBAN] Runtime Error/Warning: Generated Model with score == 0
[SOKOBAN] Retry . . .
[SOKOBAN] Runtime Error/Warning: Generated Model with score == 0
[SOKOBAN] Retry . . .
[SOKOBAN] Runtime Error/Warning: Generated Model with score == 0
[SOKOBAN] Retry . . .
[SOKOBAN] Runtime Error/Warning: Not enough free spots (#3) to place 1 player and 2 boxes.
[SOKOBAN] Retry . . .
[SOKOBAN] Runtime Error/Warning: Not enough free spots (#3) to place 1 player and 2 boxes.
[SOKOBAN] Retry . . .
[SOKOBAN] Runtime Error/Warning: Not enough free spots (#3) to place 1 player and 2 boxes.
[SOKOBAN] Retry . . .
[SOKOBAN] Runtime Error/Warning: Not enough free spots (#3) to place 1 player and 2 boxes.
[SOKOBAN] Retry . . .
[SOKOBAN] Runtime Error/Warning: Generated Model with score == 0
[SOKOBAN] Retry . . .
[SOKOBAN] Runtime Error/Warning: Generated Model with score == 0
[SOKOBAN] Retry . . .
[SOKOBAN] Runtime Error/Warning: Generated Model with score == 0
[SOKOBAN] Retry . . .
[SOKOBAN] Runtime Error/Warning: Generated Model with score == 0
[SOKOBAN] Retry . . .
[ 120/488] step= 122880 | ep= 9218 | return=11.217 | guided%= 89.9 | bc=0.0000 | cumQ=101394 | bc_coef=0.000 | sps=116
[SOKOBAN] Runtime Error/Warning: Generated Model with score == 0
[SOKOBAN] Retry . . .
[SOKOBAN] Runtime Error/Warning: Generated Model with score == 0
[SOKOBAN] Retry . . .
[SOKOBAN] Runtime Error/Warning: Generated Model with score == 0
[SOKOBAN] Retry . . .
[SOKOBAN] Runtime Error/Warning: Not enough free spots (#3) to place 1 player and 2 boxes.
[SOKOBAN] Retry . . .
[SOKOBAN] Runtime Error/Warning: Generated Model with score == 0
[SOKOBAN] Retry . . .
[SOKOBAN] Runtime Error/Warning: Generated Model with score == 0
[SOKOBAN] Retry . . .
[SOKOBAN] Runtime Error/Warning: Generated Model with score == 0
[SOKOBAN] Retry . . .
[SOKOBAN] Runtime Error/Warning: Not enough free spots (#3) to place 1 player and 2 boxes.
[SOKOBAN] Retry . . .
[SOKOBAN] Runtime Error/Warning: Generated Model with score == 0
[SOKOBAN] Retry . . .
[SOKOBAN] Runtime Error/Warning: Generated Model with score == 0
[SOKOBAN] Retry . . .
[SOKOBAN] Runtime Error/Warning: Generated Model with score == 0
[SOKOBAN] Retry . . .
[SOKOBAN] Runtime Error/Warning: Generated Model with score == 0
[SOKOBAN] Retry . . .
[SOKOBAN] Runtime Error/Warning: Generated Model with score == 0
[SOKOBAN] Retry . . .
[SOKOBAN] Runtime Error/Warning: Not enough free spots (#3) to place 1 player and 2 boxes.
[SOKOBAN] Retry . . .
[SOKOBAN] Runtime Error/Warning: Not enough free spots (#3) to place 1 player and 2 boxes.
[SOKOBAN] Retry . . .
[SOKOBAN] Runtime Error/Warning: Not enough free spots (#3) to place 1 player and 2 boxes.
[SOKOBAN] Retry . . .
[ 130/488] step= 133120 | ep=10040 | return=11.184 | guided%= 89.2 | bc=0.0000 | cumQ=110798 | bc_coef=0.000 | sps=116
[SOKOBAN] Runtime Error/Warning: Generated Model with score == 0
[SOKOBAN] Retry . . .
[SOKOBAN] Runtime Error/Warning: Generated Model with score == 0
[SOKOBAN] Retry . . .
[SOKOBAN] Runtime Error/Warning: Not enough free spots (#3) to place 1 player and 2 boxes.
[SOKOBAN] Retry . . .
[SOKOBAN] Runtime Error/Warning: Not enough free spots (#3) to place 1 player and 2 boxes.
[SOKOBAN] Retry . . .
[SOKOBAN] Runtime Error/Warning: Generated Model with score == 0
[SOKOBAN] Retry . . .
[SOKOBAN] Runtime Error/Warning: Not enough free spots (#3) to place 1 player and 2 boxes.
[SOKOBAN] Retry . . .
[SOKOBAN] Runtime Error/Warning: Generated Model with score == 0
[SOKOBAN] Retry . . .
[SOKOBAN] Runtime Error/Warning: Generated Model with score == 0
[SOKOBAN] Retry . . .
[SOKOBAN] Runtime Error/Warning: Not enough free spots (#3) to place 1 player and 2 boxes.
[SOKOBAN] Retry . . .
[SOKOBAN] Runtime Error/Warning: Not enough free spots (#3) to place 1 player and 2 boxes.
[SOKOBAN] Retry . . .
[SOKOBAN] Runtime Error/Warning: Generated Model with score == 0
[SOKOBAN] Retry . . .
[SOKOBAN] Runtime Error/Warning: Not enough free spots (#3) to place 1 player and 2 boxes.
[SOKOBAN] Retry . . .
[SOKOBAN] Runtime Error/Warning: Not enough free spots (#3) to place 1 player and 2 boxes.
[SOKOBAN] Retry . . .
[SOKOBAN] Runtime Error/Warning: Generated Model with score == 0
[SOKOBAN] Retry . . .
[SOKOBAN] Runtime Error/Warning: Generated Model with score == 0
[SOKOBAN] Retry . . .
[SOKOBAN] Runtime Error/Warning: Generated Model with score == 0
[SOKOBAN] Retry . . .
[SOKOBAN] Runtime Error/Warning: Not enough free spots (#3) to place 1 player and 2 boxes.
[SOKOBAN] Retry . . .
[ 140/488] step= 143360 | ep=10892 | return=11.331 | guided%= 88.5 | bc=0.0000 | cumQ=120170 | bc_coef=0.000 | sps=117
[SOKOBAN] Runtime Error/Warning: Not enough free spots (#3) to place 1 player and 2 boxes.
[SOKOBAN] Retry . . .
[SOKOBAN] Runtime Error/Warning: Not enough free spots (#3) to place 1 player and 2 boxes.
[SOKOBAN] Retry . . .
[SOKOBAN] Runtime Error/Warning: Generated Model with score == 0
[SOKOBAN] Retry . . .
[SOKOBAN] Runtime Error/Warning: Generated Model with score == 0
[SOKOBAN] Retry . . .
[SOKOBAN] Runtime Error/Warning: Not enough free spots (#3) to place 1 player and 2 boxes.
[SOKOBAN] Retry . . .
[SOKOBAN] Runtime Error/Warning: Not enough free spots (#3) to place 1 player and 2 boxes.
[SOKOBAN] Retry . . .
[SOKOBAN] Runtime Error/Warning: Generated Model with score == 0
[SOKOBAN] Retry . . .
[SOKOBAN] Runtime Error/Warning: Not enough free spots (#3) to place 1 player and 2 boxes.
[SOKOBAN] Retry . . .
[SOKOBAN] Runtime Error/Warning: Generated Model with score == 0
[SOKOBAN] Retry . . .
[SOKOBAN] Runtime Error/Warning: Not enough free spots (#3) to place 1 player and 2 boxes.
[SOKOBAN] Retry . . .
[SOKOBAN] Runtime Error/Warning: Not enough free spots (#3) to place 1 player and 2 boxes.
[SOKOBAN] Retry . . .
[SOKOBAN] Runtime Error/Warning: Generated Model with score == 0
[SOKOBAN] Retry . . .
[SOKOBAN] Runtime Error/Warning: Generated Model with score == 0
[SOKOBAN] Retry . . .
[SOKOBAN] Runtime Error/Warning: Generated Model with score == 0
[SOKOBAN] Retry . . .
[SOKOBAN] Runtime Error/Warning: Generated Model with score == 0
[SOKOBAN] Retry . . .
[SOKOBAN] Runtime Error/Warning: Not enough free spots (#3) to place 1 player and 2 boxes.
[SOKOBAN] Retry . . .
[SOKOBAN] Runtime Error/Warning: Generated Model with score == 0
[SOKOBAN] Retry . . .
[SOKOBAN] Runtime Error/Warning: Not enough free spots (#3) to place 1 player and 2 boxes.
[SOKOBAN] Retry . . .
[SOKOBAN] Runtime Error/Warning: Generated Model with score == 0
[SOKOBAN] Retry . . .
[SOKOBAN] Runtime Error/Warning: Generated Model with score == 0
[SOKOBAN] Retry . . .
[SOKOBAN] Runtime Error/Warning: Generated Model with score == 0
[SOKOBAN] Retry . . .
[SOKOBAN] Runtime Error/Warning: Not enough free spots (#3) to place 1 player and 2 boxes.
[SOKOBAN] Retry . . .
[SOKOBAN] Runtime Error/Warning: Not enough free spots (#3) to place 1 player and 2 boxes.
[SOKOBAN] Retry . . .
[SOKOBAN] Runtime Error/Warning: Not enough free spots (#3) to place 1 player and 2 boxes.
[SOKOBAN] Retry . . .
[ 150/488] step= 153600 | ep=11734 | return=11.353 | guided%= 88.9 | bc=0.0000 | cumQ=129552 | bc_coef=0.000 | sps=116
[SOKOBAN] Runtime Error/Warning: Not enough free spots (#3) to place 1 player and 2 boxes.
[SOKOBAN] Retry . . .
[SOKOBAN] Runtime Error/Warning: Not enough free spots (#3) to place 1 player and 2 boxes.
[SOKOBAN] Retry . . .
[SOKOBAN] Runtime Error/Warning: Not enough free spots (#3) to place 1 player and 2 boxes.
[SOKOBAN] Retry . . .
[SOKOBAN] Runtime Error/Warning: Not enough free spots (#3) to place 1 player and 2 boxes.
[SOKOBAN] Retry . . .
[SOKOBAN] Runtime Error/Warning: Not enough free spots (#3) to place 1 player and 2 boxes.
[SOKOBAN] Retry . . .
[SOKOBAN] Runtime Error/Warning: Not enough free spots (#3) to place 1 player and 2 boxes.
[SOKOBAN] Retry . . .
[SOKOBAN] Runtime Error/Warning: Not enough free spots (#3) to place 1 player and 2 boxes.
[SOKOBAN] Retry . . .
[SOKOBAN] Runtime Error/Warning: Generated Model with score == 0
[SOKOBAN] Retry . . .
[SOKOBAN] Runtime Error/Warning: Generated Model with score == 0
[SOKOBAN] Retry . . .
[SOKOBAN] Runtime Error/Warning: Generated Model with score == 0
[SOKOBAN] Retry . . .
[SOKOBAN] Runtime Error/Warning: Generated Model with score == 0
[SOKOBAN] Retry . . .
[SOKOBAN] Runtime Error/Warning: Generated Model with score == 0
[SOKOBAN] Retry . . .
[SOKOBAN] Runtime Error/Warning: Generated Model with score == 0
[SOKOBAN] Retry . . .
[SOKOBAN] Runtime Error/Warning: Not enough free spots (#3) to place 1 player and 2 boxes.
[SOKOBAN] Retry . . .
[SOKOBAN] Runtime Error/Warning: Not enough free spots (#3) to place 1 player and 2 boxes.
[SOKOBAN] Retry . . .
[SOKOBAN] Runtime Error/Warning: Generated Model with score == 0
[SOKOBAN] Retry . . .
[SOKOBAN] Runtime Error/Warning: Generated Model with score == 0
[SOKOBAN] Retry . . .
[SOKOBAN] Runtime Error/Warning: Not enough free spots (#3) to place 1 player and 2 boxes.
[SOKOBAN] Retry . . .
[ 160/488] step= 163840 | ep=12589 | return=11.336 | guided%= 88.0 | bc=0.0000 | cumQ=138921 | bc_coef=0.000 | sps=116
[SOKOBAN] Runtime Error/Warning: Generated Model with score == 0
[SOKOBAN] Retry . . .
[SOKOBAN] Runtime Error/Warning: Generated Model with score == 0
[SOKOBAN] Retry . . .
[SOKOBAN] Runtime Error/Warning: Not enough free spots (#3) to place 1 player and 2 boxes.
[SOKOBAN] Retry . . .
[SOKOBAN] Runtime Error/Warning: Not enough free spots (#3) to place 1 player and 2 boxes.
[SOKOBAN] Retry . . .
[SOKOBAN] Runtime Error/Warning: Generated Model with score == 0
[SOKOBAN] Retry . . .
[SOKOBAN] Runtime Error/Warning: Generated Model with score == 0
[SOKOBAN] Retry . . .
[SOKOBAN] Runtime Error/Warning: Generated Model with score == 0
[SOKOBAN] Retry . . .
[SOKOBAN] Runtime Error/Warning: Generated Model with score == 0
[SOKOBAN] Retry . . .
[SOKOBAN] Runtime Error/Warning: Generated Model with score == 0
[SOKOBAN] Retry . . .
[SOKOBAN] Runtime Error/Warning: Not enough free spots (#3) to place 1 player and 2 boxes.
[SOKOBAN] Retry . . .
[SOKOBAN] Runtime Error/Warning: Generated Model with score == 0
[SOKOBAN] Retry . . .
[SOKOBAN] Runtime Error/Warning: Generated Model with score == 0
[SOKOBAN] Retry . . .
[ 170/488] step= 174080 | ep=13450 | return=11.185 | guided%= 90.2 | bc=0.0000 | cumQ=148291 | bc_coef=0.000 | sps=115
[SOKOBAN] Runtime Error/Warning: Not enough free spots (#3) to place 1 player and 2 boxes.
[SOKOBAN] Retry . . .
[SOKOBAN] Runtime Error/Warning: Not enough free spots (#3) to place 1 player and 2 boxes.
[SOKOBAN] Retry . . .
[SOKOBAN] Runtime Error/Warning: Generated Model with score == 0
[SOKOBAN] Retry . . .
[SOKOBAN] Runtime Error/Warning: Generated Model with score == 0
[SOKOBAN] Retry . . .
[SOKOBAN] Runtime Error/Warning: Not enough free spots (#3) to place 1 player and 2 boxes.
[SOKOBAN] Retry . . .
[SOKOBAN] Runtime Error/Warning: Generated Model with score == 0
[SOKOBAN] Retry . . .
[SOKOBAN] Runtime Error/Warning: Not enough free spots (#3) to place 1 player and 2 boxes.
[SOKOBAN] Retry . . .
[SOKOBAN] Runtime Error/Warning: Generated Model with score == 0
[SOKOBAN] Retry . . .
[ 180/488] step= 184320 | ep=14312 | return=11.309 | guided%= 89.4 | bc=0.0000 | cumQ=157668 | bc_coef=0.000 | sps=115
[SOKOBAN] Runtime Error/Warning: Generated Model with score == 0
[SOKOBAN] Retry . . .
[SOKOBAN] Runtime Error/Warning: Generated Model with score == 0
[SOKOBAN] Retry . . .
[SOKOBAN] Runtime Error/Warning: Not enough free spots (#3) to place 1 player and 2 boxes.
[SOKOBAN] Retry . . .
[SOKOBAN] Runtime Error/Warning: Generated Model with score == 0
[SOKOBAN] Retry . . .
[SOKOBAN] Runtime Error/Warning: Generated Model with score == 0
[SOKOBAN] Retry . . .
[SOKOBAN] Runtime Error/Warning: Generated Model with score == 0
[SOKOBAN] Retry . . .
[SOKOBAN] Runtime Error/Warning: Generated Model with score == 0
[SOKOBAN] Retry . . .
[SOKOBAN] Runtime Error/Warning: Generated Model with score == 0
[SOKOBAN] Retry . . .
[SOKOBAN] Runtime Error/Warning: Not enough free spots (#3) to place 1 player and 2 boxes.
[SOKOBAN] Retry . . .
[SOKOBAN] Runtime Error/Warning: Not enough free spots (#3) to place 1 player and 2 boxes.
[SOKOBAN] Retry . . .
[SOKOBAN] Runtime Error/Warning: Generated Model with score == 0
[SOKOBAN] Retry . . .
[SOKOBAN] Runtime Error/Warning: Generated Model with score == 0
[SOKOBAN] Retry . . .
[ 190/488] step= 194560 | ep=15186 | return=11.325 | guided%= 88.8 | bc=0.0000 | cumQ=167030 | bc_coef=0.000 | sps=115
[SOKOBAN] Runtime Error/Warning: Generated Model with score == 0
[SOKOBAN] Retry . . .
[SOKOBAN] Runtime Error/Warning: Generated Model with score == 0
[SOKOBAN] Retry . . .
[SOKOBAN] Runtime Error/Warning: Generated Model with score == 0
[SOKOBAN] Retry . . .
[SOKOBAN] Runtime Error/Warning: Generated Model with score == 0
[SOKOBAN] Retry . . .
[SOKOBAN] Runtime Error/Warning: Generated Model with score == 0
[SOKOBAN] Retry . . .
[SOKOBAN] Runtime Error/Warning: Not enough free spots (#3) to place 1 player and 2 boxes.
[SOKOBAN] Retry . . .
[SOKOBAN] Runtime Error/Warning: Not enough free spots (#3) to place 1 player and 2 boxes.
[SOKOBAN] Retry . . .
[SOKOBAN] Runtime Error/Warning: Generated Model with score == 0
[SOKOBAN] Retry . . .
[SOKOBAN] Runtime Error/Warning: Generated Model with score == 0
[SOKOBAN] Retry . . .
[SOKOBAN] Runtime Error/Warning: Generated Model with score == 0
[SOKOBAN] Retry . . .
[SOKOBAN] Runtime Error/Warning: Generated Model with score == 0
[SOKOBAN] Retry . . .
[SOKOBAN] Runtime Error/Warning: Generated Model with score == 0
[SOKOBAN] Retry . . .
[ 200/488] step= 204800 | ep=16060 | return=11.312 | guided%= 88.9 | bc=0.0000 | cumQ=176392 | bc_coef=0.000 | sps=114
[SOKOBAN] Runtime Error/Warning: Not enough free spots (#3) to place 1 player and 2 boxes.
[SOKOBAN] Retry . . .
[SOKOBAN] Runtime Error/Warning: Generated Model with score == 0
[SOKOBAN] Retry . . .
[SOKOBAN] Runtime Error/Warning: Not enough free spots (#3) to place 1 player and 2 boxes.
[SOKOBAN] Retry . . .
[SOKOBAN] Runtime Error/Warning: Generated Model with score == 0
[SOKOBAN] Retry . . .
[SOKOBAN] Runtime Error/Warning: Generated Model with score == 0
[SOKOBAN] Retry . . .
[SOKOBAN] Runtime Error/Warning: Generated Model with score == 0
[SOKOBAN] Retry . . .
[SOKOBAN] Runtime Error/Warning: Generated Model with score == 0
[SOKOBAN] Retry . . .
[SOKOBAN] Runtime Error/Warning: Generated Model with score == 0
[SOKOBAN] Retry . . .
[SOKOBAN] Runtime Error/Warning: Not enough free spots (#3) to place 1 player and 2 boxes.
[SOKOBAN] Retry . . .
[SOKOBAN] Runtime Error/Warning: Generated Model with score == 0
[SOKOBAN] Retry . . .
[SOKOBAN] Runtime Error/Warning: Generated Model with score == 0
[SOKOBAN] Retry . . .
[SOKOBAN] Runtime Error/Warning: Not enough free spots (#3) to place 1 player and 2 boxes.
[SOKOBAN] Retry . . .
[SOKOBAN] Runtime Error/Warning: Generated Model with score == 0
[SOKOBAN] Retry . . .
[ 210/488] step= 215040 | ep=16900 | return=11.281 | guided%= 88.8 | bc=0.0000 | cumQ=185791 | bc_coef=0.000 | sps=114
[SOKOBAN] Runtime Error/Warning: Generated Model with score == 0
[SOKOBAN] Retry . . .
[SOKOBAN] Runtime Error/Warning: Not enough free spots (#3) to place 1 player and 2 boxes.
[SOKOBAN] Retry . . .
[SOKOBAN] Runtime Error/Warning: Generated Model with score == 0
[SOKOBAN] Retry . . .
[SOKOBAN] Runtime Error/Warning: Not enough free spots (#3) to place 1 player and 2 boxes.
[SOKOBAN] Retry . . .
[SOKOBAN] Runtime Error/Warning: Not enough free spots (#3) to place 1 player and 2 boxes.
[SOKOBAN] Retry . . .
[SOKOBAN] Runtime Error/Warning: Generated Model with score == 0
[SOKOBAN] Retry . . .
[SOKOBAN] Runtime Error/Warning: Not enough free spots (#3) to place 1 player and 2 boxes.
[SOKOBAN] Retry . . .
[ 220/488] step= 225280 | ep=17755 | return=11.302 | guided%= 89.6 | bc=0.0000 | cumQ=195177 | bc_coef=0.000 | sps=115
[SOKOBAN] Runtime Error/Warning: Generated Model with score == 0
[SOKOBAN] Retry . . .
[SOKOBAN] Runtime Error/Warning: Not enough free spots (#3) to place 1 player and 2 boxes.
[SOKOBAN] Retry . . .
[SOKOBAN] Runtime Error/Warning: Not enough free spots (#3) to place 1 player and 2 boxes.
[SOKOBAN] Retry . . .
[SOKOBAN] Runtime Error/Warning: Generated Model with score == 0
[SOKOBAN] Retry . . .
[SOKOBAN] Runtime Error/Warning: Generated Model with score == 0
[SOKOBAN] Retry . . .
[SOKOBAN] Runtime Error/Warning: Generated Model with score == 0
[SOKOBAN] Retry . . .
[SOKOBAN] Runtime Error/Warning: Not enough free spots (#3) to place 1 player and 2 boxes.
[SOKOBAN] Retry . . .
[SOKOBAN] Runtime Error/Warning: Not enough free spots (#3) to place 1 player and 2 boxes.
[SOKOBAN] Retry . . .
[SOKOBAN] Runtime Error/Warning: Generated Model with score == 0
[SOKOBAN] Retry . . .
[SOKOBAN] Runtime Error/Warning: Generated Model with score == 0
[SOKOBAN] Retry . . .
[SOKOBAN] Runtime Error/Warning: Not enough free spots (#3) to place 1 player and 2 boxes.
[SOKOBAN] Retry . . .
[SOKOBAN] Runtime Error/Warning: Generated Model with score == 0
[SOKOBAN] Retry . . .
[SOKOBAN] Runtime Error/Warning: Not enough free spots (#3) to place 1 player and 2 boxes.
[SOKOBAN] Retry . . .
[SOKOBAN] Runtime Error/Warning: Generated Model with score == 0
[SOKOBAN] Retry . . .
[SOKOBAN] Runtime Error/Warning: Not enough free spots (#3) to place 1 player and 2 boxes.
[SOKOBAN] Retry . . .
[SOKOBAN] Runtime Error/Warning: Generated Model with score == 0
[SOKOBAN] Retry . . .
[SOKOBAN] Runtime Error/Warning: Generated Model with score == 0
[SOKOBAN] Retry . . .
[SOKOBAN] Runtime Error/Warning: Generated Model with score == 0
[SOKOBAN] Retry . . .
[ 230/488] step= 235520 | ep=18619 | return=11.225 | guided%= 89.2 | bc=0.0000 | cumQ=204552 | bc_coef=0.000 | sps=115
[SOKOBAN] Runtime Error/Warning: Generated Model with score == 0
[SOKOBAN] Retry . . .
[SOKOBAN] Runtime Error/Warning: Generated Model with score == 0
[SOKOBAN] Retry . . .
[SOKOBAN] Runtime Error/Warning: Generated Model with score == 0
[SOKOBAN] Retry . . .
[SOKOBAN] Runtime Error/Warning: Not enough free spots (#3) to place 1 player and 2 boxes.
[SOKOBAN] Retry . . .
[SOKOBAN] Runtime Error/Warning: Not enough free spots (#3) to place 1 player and 2 boxes.
[SOKOBAN] Retry . . .
[SOKOBAN] Runtime Error/Warning: Generated Model with score == 0
[SOKOBAN] Retry . . .
[SOKOBAN] Runtime Error/Warning: Generated Model with score == 0
[SOKOBAN] Retry . . .
[SOKOBAN] Runtime Error/Warning: Generated Model with score == 0
[SOKOBAN] Retry . . .
[SOKOBAN] Runtime Error/Warning: Generated Model with score == 0
[SOKOBAN] Retry . . .
[SOKOBAN] Runtime Error/Warning: Generated Model with score == 0
[SOKOBAN] Retry . . .
[SOKOBAN] Runtime Error/Warning: Not enough free spots (#3) to place 1 player and 2 boxes.
[SOKOBAN] Retry . . .
[SOKOBAN] Runtime Error/Warning: Generated Model with score == 0
[SOKOBAN] Retry . . .
[SOKOBAN] Runtime Error/Warning: Not enough free spots (#3) to place 1 player and 2 boxes.
[SOKOBAN] Retry . . .
[ 240/488] step= 245760 | ep=19491 | return=11.223 | guided%= 89.1 | bc=0.0000 | cumQ=213921 | bc_coef=0.000 | sps=115
[SOKOBAN] Runtime Error/Warning: Generated Model with score == 0
[SOKOBAN] Retry . . .
[SOKOBAN] Runtime Error/Warning: Not enough free spots (#3) to place 1 player and 2 boxes.
[SOKOBAN] Retry . . .
[SOKOBAN] Runtime Error/Warning: Not enough free spots (#3) to place 1 player and 2 boxes.
[SOKOBAN] Retry . . .
[SOKOBAN] Runtime Error/Warning: Generated Model with score == 0
[SOKOBAN] Retry . . .
[SOKOBAN] Runtime Error/Warning: Generated Model with score == 0
[SOKOBAN] Retry . . .
[SOKOBAN] Runtime Error/Warning: Not enough free spots (#3) to place 1 player and 2 boxes.
[SOKOBAN] Retry . . .
[SOKOBAN] Runtime Error/Warning: Generated Model with score == 0
[SOKOBAN] Retry . . .
[ 250/488] step= 256000 | ep=20348 | return=11.310 | guided%= 89.0 | bc=0.0000 | cumQ=223301 | bc_coef=0.000 | sps=116
[SOKOBAN] Runtime Error/Warning: Generated Model with score == 0
[SOKOBAN] Retry . . .
[SOKOBAN] Runtime Error/Warning: Generated Model with score == 0
[SOKOBAN] Retry . . .
[SOKOBAN] Runtime Error/Warning: Generated Model with score == 0
[SOKOBAN] Retry . . .
[SOKOBAN] Runtime Error/Warning: Not enough free spots (#3) to place 1 player and 2 boxes.
[SOKOBAN] Retry . . .
[SOKOBAN] Runtime Error/Warning: Generated Model with score == 0
[SOKOBAN] Retry . . .
[SOKOBAN] Runtime Error/Warning: Generated Model with score == 0
[SOKOBAN] Retry . . .
[SOKOBAN] Runtime Error/Warning: Generated Model with score == 0
[SOKOBAN] Retry . . .
[SOKOBAN] Runtime Error/Warning: Not enough free spots (#3) to place 1 player and 2 boxes.
[SOKOBAN] Retry . . .
[SOKOBAN] Runtime Error/Warning: Generated Model with score == 0
[SOKOBAN] Retry . . .
[SOKOBAN] Runtime Error/Warning: Not enough free spots (#3) to place 1 player and 2 boxes.
[SOKOBAN] Retry . . .
[SOKOBAN] Runtime Error/Warning: Generated Model with score == 0
[SOKOBAN] Retry . . .
[SOKOBAN] Runtime Error/Warning: Generated Model with score == 0
[SOKOBAN] Retry . . .
[SOKOBAN] Runtime Error/Warning: Generated Model with score == 0
[SOKOBAN] Retry . . .
[SOKOBAN] Runtime Error/Warning: Generated Model with score == 0
[SOKOBAN] Retry . . .
[SOKOBAN] Runtime Error/Warning: Not enough free spots (#3) to place 1 player and 2 boxes.
[SOKOBAN] Retry . . .
[ 260/488] step= 266240 | ep=21214 | return=11.310 | guided%= 88.6 | bc=0.0000 | cumQ=232672 | bc_coef=0.000 | sps=116
[SOKOBAN] Runtime Error/Warning: Generated Model with score == 0
[SOKOBAN] Retry . . .
[SOKOBAN] Runtime Error/Warning: Not enough free spots (#3) to place 1 player and 2 boxes.
[SOKOBAN] Retry . . .
[SOKOBAN] Runtime Error/Warning: Not enough free spots (#3) to place 1 player and 2 boxes.
[SOKOBAN] Retry . . .
[SOKOBAN] Runtime Error/Warning: Generated Model with score == 0
[SOKOBAN] Retry . . .
[SOKOBAN] Runtime Error/Warning: Generated Model with score == 0
[SOKOBAN] Retry . . .
[SOKOBAN] Runtime Error/Warning: Not enough free spots (#3) to place 1 player and 2 boxes.
[SOKOBAN] Retry . . .
[SOKOBAN] Runtime Error/Warning: Generated Model with score == 0
[SOKOBAN] Retry . . .
[SOKOBAN] Runtime Error/Warning: Generated Model with score == 0
[SOKOBAN] Retry . . .
[SOKOBAN] Runtime Error/Warning: Generated Model with score == 0
[SOKOBAN] Retry . . .
[ 270/488] step= 276480 | ep=22058 | return=11.243 | guided%= 89.5 | bc=0.0000 | cumQ=242066 | bc_coef=0.000 | sps=116
[SOKOBAN] Runtime Error/Warning: Generated Model with score == 0
[SOKOBAN] Retry . . .
[SOKOBAN] Runtime Error/Warning: Generated Model with score == 0
[SOKOBAN] Retry . . .
[SOKOBAN] Runtime Error/Warning: Generated Model with score == 0
[SOKOBAN] Retry . . .
[SOKOBAN] Runtime Error/Warning: Generated Model with score == 0
[SOKOBAN] Retry . . .
[SOKOBAN] Runtime Error/Warning: Generated Model with score == 0
[SOKOBAN] Retry . . .
[SOKOBAN] Runtime Error/Warning: Generated Model with score == 0
[SOKOBAN] Retry . . .
[SOKOBAN] Runtime Error/Warning: Generated Model with score == 0
[SOKOBAN] Retry . . .
[SOKOBAN] Runtime Error/Warning: Generated Model with score == 0
[SOKOBAN] Retry . . .
[SOKOBAN] Runtime Error/Warning: Not enough free spots (#3) to place 1 player and 2 boxes.
[SOKOBAN] Retry . . .
[SOKOBAN] Runtime Error/Warning: Not enough free spots (#3) to place 1 player and 2 boxes.
[SOKOBAN] Retry . . .
[SOKOBAN] Runtime Error/Warning: Not enough free spots (#3) to place 1 player and 2 boxes.
[SOKOBAN] Retry . . .
[SOKOBAN] Runtime Error/Warning: Not enough free spots (#3) to place 1 player and 2 boxes.
[SOKOBAN] Retry . . .
[ 280/488] step= 286720 | ep=22914 | return=11.304 | guided%= 88.8 | bc=0.0000 | cumQ=251447 | bc_coef=0.000 | sps=116
[SOKOBAN] Runtime Error/Warning: Generated Model with score == 0
[SOKOBAN] Retry . . .
[SOKOBAN] Runtime Error/Warning: Generated Model with score == 0
[SOKOBAN] Retry . . .
[SOKOBAN] Runtime Error/Warning: Generated Model with score == 0
[SOKOBAN] Retry . . .
[SOKOBAN] Runtime Error/Warning: Generated Model with score == 0
[SOKOBAN] Retry . . .
[SOKOBAN] Runtime Error/Warning: Generated Model with score == 0
[SOKOBAN] Retry . . .
[SOKOBAN] Runtime Error/Warning: Not enough free spots (#3) to place 1 player and 2 boxes.
[SOKOBAN] Retry . . .
[SOKOBAN] Runtime Error/Warning: Generated Model with score == 0
[SOKOBAN] Retry . . .
[SOKOBAN] Runtime Error/Warning: Generated Model with score == 0
[SOKOBAN] Retry . . .
[SOKOBAN] Runtime Error/Warning: Not enough free spots (#3) to place 1 player and 2 boxes.
[SOKOBAN] Retry . . .
[SOKOBAN] Runtime Error/Warning: Not enough free spots (#3) to place 1 player and 2 boxes.
[SOKOBAN] Retry . . .
[ 290/488] step= 296960 | ep=23759 | return=11.249 | guided%= 89.8 | bc=0.0000 | cumQ=260839 | bc_coef=0.000 | sps=117
[SOKOBAN] Runtime Error/Warning: Generated Model with score == 0
[SOKOBAN] Retry . . .
[SOKOBAN] Runtime Error/Warning: Generated Model with score == 0
[SOKOBAN] Retry . . .
[SOKOBAN] Runtime Error/Warning: Generated Model with score == 0
[SOKOBAN] Retry . . .
[SOKOBAN] Runtime Error/Warning: Not enough free spots (#3) to place 1 player and 2 boxes.
[SOKOBAN] Retry . . .
[SOKOBAN] Runtime Error/Warning: Generated Model with score == 0
[SOKOBAN] Retry . . .
[SOKOBAN] Runtime Error/Warning: Not enough free spots (#3) to place 1 player and 2 boxes.
[SOKOBAN] Retry . . .
[SOKOBAN] Runtime Error/Warning: Not enough free spots (#3) to place 1 player and 2 boxes.
[SOKOBAN] Retry . . .
[SOKOBAN] Runtime Error/Warning: Not enough free spots (#3) to place 1 player and 2 boxes.
[SOKOBAN] Retry . . .
[ 300/488] step= 307200 | ep=24618 | return=11.312 | guided%= 89.2 | bc=0.0000 | cumQ=270218 | bc_coef=0.000 | sps=116
[SOKOBAN] Runtime Error/Warning: Not enough free spots (#3) to place 1 player and 2 boxes.
[SOKOBAN] Retry . . .
[SOKOBAN] Runtime Error/Warning: Not enough free spots (#3) to place 1 player and 2 boxes.
[SOKOBAN] Retry . . .
[SOKOBAN] Runtime Error/Warning: Not enough free spots (#3) to place 1 player and 2 boxes.
[SOKOBAN] Retry . . .
[SOKOBAN] Runtime Error/Warning: Generated Model with score == 0
[SOKOBAN] Retry . . .
[SOKOBAN] Runtime Error/Warning: Generated Model with score == 0
[SOKOBAN] Retry . . .
[SOKOBAN] Runtime Error/Warning: Generated Model with score == 0
[SOKOBAN] Retry . . .
[SOKOBAN] Runtime Error/Warning: Generated Model with score == 0
[SOKOBAN] Retry . . .
[SOKOBAN] Runtime Error/Warning: Generated Model with score == 0
[SOKOBAN] Retry . . .
[SOKOBAN] Runtime Error/Warning: Generated Model with score == 0
[SOKOBAN] Retry . . .
[SOKOBAN] Runtime Error/Warning: Generated Model with score == 0
[SOKOBAN] Retry . . .
[ 310/488] step= 317440 | ep=25494 | return=11.303 | guided%= 88.4 | bc=0.0000 | cumQ=279580 | bc_coef=0.000 | sps=116
[SOKOBAN] Runtime Error/Warning: Generated Model with score == 0
[SOKOBAN] Retry . . .
[SOKOBAN] Runtime Error/Warning: Not enough free spots (#3) to place 1 player and 2 boxes.
[SOKOBAN] Retry . . .
[SOKOBAN] Runtime Error/Warning: Not enough free spots (#3) to place 1 player and 2 boxes.
[SOKOBAN] Retry . . .
[SOKOBAN] Runtime Error/Warning: Generated Model with score == 0
[SOKOBAN] Retry . . .
[SOKOBAN] Runtime Error/Warning: Generated Model with score == 0
[SOKOBAN] Retry . . .
[SOKOBAN] Runtime Error/Warning: Not enough free spots (#3) to place 1 player and 2 boxes.
[SOKOBAN] Retry . . .
[SOKOBAN] Runtime Error/Warning: Generated Model with score == 0
[SOKOBAN] Retry . . .
[SOKOBAN] Runtime Error/Warning: Not enough free spots (#3) to place 1 player and 2 boxes.
[SOKOBAN] Retry . . .
[SOKOBAN] Runtime Error/Warning: Generated Model with score == 0
[SOKOBAN] Retry . . .
[SOKOBAN] Runtime Error/Warning: Not enough free spots (#3) to place 1 player and 2 boxes.
[SOKOBAN] Retry . . .
[SOKOBAN] Runtime Error/Warning: Generated Model with score == 0
[SOKOBAN] Retry . . .
[SOKOBAN] Runtime Error/Warning: Generated Model with score == 0
[SOKOBAN] Retry . . .
[SOKOBAN] Runtime Error/Warning: Generated Model with score == 0
[SOKOBAN] Retry . . .
[SOKOBAN] Runtime Error/Warning: Generated Model with score == 0
[SOKOBAN] Retry . . .
[SOKOBAN] Runtime Error/Warning: Generated Model with score == 0
[SOKOBAN] Retry . . .
[SOKOBAN] Runtime Error/Warning: Generated Model with score == 0
[SOKOBAN] Retry . . .
[ 320/488] step= 327680 | ep=26348 | return=11.304 | guided%= 88.9 | bc=0.0000 | cumQ=288963 | bc_coef=0.000 | sps=116
[SOKOBAN] Runtime Error/Warning: Generated Model with score == 0
[SOKOBAN] Retry . . .
[SOKOBAN] Runtime Error/Warning: Generated Model with score == 0
[SOKOBAN] Retry . . .
[SOKOBAN] Runtime Error/Warning: Not enough free spots (#3) to place 1 player and 2 boxes.
[SOKOBAN] Retry . . .
[SOKOBAN] Runtime Error/Warning: Generated Model with score == 0
[SOKOBAN] Retry . . .
[SOKOBAN] Runtime Error/Warning: Not enough free spots (#3) to place 1 player and 2 boxes.
[SOKOBAN] Retry . . .
[SOKOBAN] Runtime Error/Warning: Not enough free spots (#3) to place 1 player and 2 boxes.
[SOKOBAN] Retry . . .
[SOKOBAN] Runtime Error/Warning: Generated Model with score == 0
[SOKOBAN] Retry . . .
[SOKOBAN] Runtime Error/Warning: Generated Model with score == 0
[SOKOBAN] Retry . . .
[SOKOBAN] Runtime Error/Warning: Generated Model with score == 0
[SOKOBAN] Retry . . .
[SOKOBAN] Runtime Error/Warning: Generated Model with score == 0
[SOKOBAN] Retry . . .
[SOKOBAN] Runtime Error/Warning: Generated Model with score == 0
[SOKOBAN] Retry . . .
[ 330/488] step= 337920 | ep=27199 | return=11.312 | guided%= 88.6 | bc=0.0000 | cumQ=298349 | bc_coef=0.000 | sps=116
[SOKOBAN] Runtime Error/Warning: Generated Model with score == 0
[SOKOBAN] Retry . . .
[SOKOBAN] Runtime Error/Warning: Generated Model with score == 0
[SOKOBAN] Retry . . .
[SOKOBAN] Runtime Error/Warning: Not enough free spots (#3) to place 1 player and 2 boxes.
[SOKOBAN] Retry . . .
[SOKOBAN] Runtime Error/Warning: Generated Model with score == 0
[SOKOBAN] Retry . . .
[SOKOBAN] Runtime Error/Warning: Not enough free spots (#3) to place 1 player and 2 boxes.
[SOKOBAN] Retry . . .
[SOKOBAN] Runtime Error/Warning: Generated Model with score == 0
[SOKOBAN] Retry . . .
[SOKOBAN] Runtime Error/Warning: Generated Model with score == 0
[SOKOBAN] Retry . . .
[SOKOBAN] Runtime Error/Warning: Not enough free spots (#3) to place 1 player and 2 boxes.
[SOKOBAN] Retry . . .
[SOKOBAN] Runtime Error/Warning: Generated Model with score == 0
[SOKOBAN] Retry . . .
[SOKOBAN] Runtime Error/Warning: Not enough free spots (#3) to place 1 player and 2 boxes.
[SOKOBAN] Retry . . .
[SOKOBAN] Runtime Error/Warning: Not enough free spots (#3) to place 1 player and 2 boxes.
[SOKOBAN] Retry . . .
[SOKOBAN] Runtime Error/Warning: Generated Model with score == 0
[SOKOBAN] Retry . . .
[ 340/488] step= 348160 | ep=28047 | return=11.278 | guided%= 89.5 | bc=0.0000 | cumQ=307729 | bc_coef=0.000 | sps=116
[SOKOBAN] Runtime Error/Warning: Generated Model with score == 0
[SOKOBAN] Retry . . .
[SOKOBAN] Runtime Error/Warning: Generated Model with score == 0
[SOKOBAN] Retry . . .
[SOKOBAN] Runtime Error/Warning: Generated Model with score == 0
[SOKOBAN] Retry . . .
[SOKOBAN] Runtime Error/Warning: Generated Model with score == 0
[SOKOBAN] Retry . . .
[SOKOBAN] Runtime Error/Warning: Generated Model with score == 0
[SOKOBAN] Retry . . .
[SOKOBAN] Runtime Error/Warning: Not enough free spots (#3) to place 1 player and 2 boxes.
[SOKOBAN] Retry . . .
[SOKOBAN] Runtime Error/Warning: Not enough free spots (#3) to place 1 player and 2 boxes.
[SOKOBAN] Retry . . .
[ 350/488] step= 358400 | ep=28882 | return=11.211 | guided%= 89.7 | bc=0.0000 | cumQ=317111 | bc_coef=0.000 | sps=116
[SOKOBAN] Runtime Error/Warning: Generated Model with score == 0
[SOKOBAN] Retry . . .
[SOKOBAN] Runtime Error/Warning: Generated Model with score == 0
[SOKOBAN] Retry . . .
[SOKOBAN] Runtime Error/Warning: Generated Model with score == 0
[SOKOBAN] Retry . . .
[SOKOBAN] Runtime Error/Warning: Not enough free spots (#3) to place 1 player and 2 boxes.
[SOKOBAN] Retry . . .
[SOKOBAN] Runtime Error/Warning: Generated Model with score == 0
[SOKOBAN] Retry . . .
[SOKOBAN] Runtime Error/Warning: Generated Model with score == 0
[SOKOBAN] Retry . . .
[ 360/488] step= 368640 | ep=29708 | return=11.349 | guided%= 88.7 | bc=0.0000 | cumQ=326514 | bc_coef=0.000 | sps=115
[SOKOBAN] Runtime Error/Warning: Generated Model with score == 0
[SOKOBAN] Retry . . .
[SOKOBAN] Runtime Error/Warning: Generated Model with score == 0
[SOKOBAN] Retry . . .
[SOKOBAN] Runtime Error/Warning: Generated Model with score == 0
[SOKOBAN] Retry . . .
[SOKOBAN] Runtime Error/Warning: Generated Model with score == 0
[SOKOBAN] Retry . . .
[SOKOBAN] Runtime Error/Warning: Generated Model with score == 0
[SOKOBAN] Retry . . .
[SOKOBAN] Runtime Error/Warning: Generated Model with score == 0
[SOKOBAN] Retry . . .
[SOKOBAN] Runtime Error/Warning: Generated Model with score == 0
[SOKOBAN] Retry . . .
[SOKOBAN] Runtime Error/Warning: Generated Model with score == 0
[SOKOBAN] Retry . . .
[SOKOBAN] Runtime Error/Warning: Generated Model with score == 0
[SOKOBAN] Retry . . .
[SOKOBAN] Runtime Error/Warning: Generated Model with score == 0
[SOKOBAN] Retry . . .
[SOKOBAN] Runtime Error/Warning: Generated Model with score == 0
[SOKOBAN] Retry . . .
[SOKOBAN] Runtime Error/Warning: Generated Model with score == 0
[SOKOBAN] Retry . . .
[SOKOBAN] Runtime Error/Warning: Generated Model with score == 0
[SOKOBAN] Retry . . .
[ 370/488] step= 378880 | ep=30540 | return=11.225 | guided%= 90.5 | bc=0.0000 | cumQ=335901 | bc_coef=0.000 | sps=116
[SOKOBAN] Runtime Error/Warning: Generated Model with score == 0
[SOKOBAN] Retry . . .
[SOKOBAN] Runtime Error/Warning: Not enough free spots (#3) to place 1 player and 2 boxes.
[SOKOBAN] Retry . . .
[SOKOBAN] Runtime Error/Warning: Generated Model with score == 0
[SOKOBAN] Retry . . .
[SOKOBAN] Runtime Error/Warning: Generated Model with score == 0
[SOKOBAN] Retry . . .
[SOKOBAN] Runtime Error/Warning: Generated Model with score == 0
[SOKOBAN] Retry . . .
[SOKOBAN] Runtime Error/Warning: Not enough free spots (#3) to place 1 player and 2 boxes.
[SOKOBAN] Retry . . .
[SOKOBAN] Runtime Error/Warning: Generated Model with score == 0
[SOKOBAN] Retry . . .
[SOKOBAN] Runtime Error/Warning: Generated Model with score == 0
[SOKOBAN] Retry . . .
[ 380/488] step= 389120 | ep=31406 | return=11.264 | guided%= 89.5 | bc=0.0000 | cumQ=345252 | bc_coef=0.000 | sps=116
[SOKOBAN] Runtime Error/Warning: Not enough free spots (#3) to place 1 player and 2 boxes.
[SOKOBAN] Retry . . .
[SOKOBAN] Runtime Error/Warning: Generated Model with score == 0
[SOKOBAN] Retry . . .
[SOKOBAN] Runtime Error/Warning: Not enough free spots (#3) to place 1 player and 2 boxes.
[SOKOBAN] Retry . . .
[SOKOBAN] Runtime Error/Warning: Generated Model with score == 0
[SOKOBAN] Retry . . .
[SOKOBAN] Runtime Error/Warning: Generated Model with score == 0
[SOKOBAN] Retry . . .
[SOKOBAN] Runtime Error/Warning: Not enough free spots (#3) to place 1 player and 2 boxes.
[SOKOBAN] Retry . . .
[SOKOBAN] Runtime Error/Warning: Generated Model with score == 0
[SOKOBAN] Retry . . .
[SOKOBAN] Runtime Error/Warning: Generated Model with score == 0
[SOKOBAN] Retry . . .
[SOKOBAN] Runtime Error/Warning: Generated Model with score == 0
[SOKOBAN] Retry . . .
[SOKOBAN] Runtime Error/Warning: Not enough free spots (#3) to place 1 player and 2 boxes.
[SOKOBAN] Retry . . .
[SOKOBAN] Runtime Error/Warning: Not enough free spots (#3) to place 1 player and 2 boxes.
[SOKOBAN] Retry . . .
[ 390/488] step= 399360 | ep=32251 | return=11.317 | guided%= 88.7 | bc=0.0000 | cumQ=354631 | bc_coef=0.000 | sps=116
[SOKOBAN] Runtime Error/Warning: Not enough free spots (#3) to place 1 player and 2 boxes.
[SOKOBAN] Retry . . .
[SOKOBAN] Runtime Error/Warning: Generated Model with score == 0
[SOKOBAN] Retry . . .
[SOKOBAN] Runtime Error/Warning: Not enough free spots (#3) to place 1 player and 2 boxes.
[SOKOBAN] Retry . . .
[SOKOBAN] Runtime Error/Warning: Not enough free spots (#3) to place 1 player and 2 boxes.
[SOKOBAN] Retry . . .
[SOKOBAN] Runtime Error/Warning: Not enough free spots (#3) to place 1 player and 2 boxes.
[SOKOBAN] Retry . . .
[SOKOBAN] Runtime Error/Warning: Generated Model with score == 0
[SOKOBAN] Retry . . .
[SOKOBAN] Runtime Error/Warning: Generated Model with score == 0
[SOKOBAN] Retry . . .
[ 400/488] step= 409600 | ep=33084 | return=11.226 | guided%= 88.6 | bc=0.0000 | cumQ=364030 | bc_coef=0.000 | sps=116
[SOKOBAN] Runtime Error/Warning: Generated Model with score == 0
[SOKOBAN] Retry . . .
[SOKOBAN] Runtime Error/Warning: Not enough free spots (#3) to place 1 player and 2 boxes.
[SOKOBAN] Retry . . .
[SOKOBAN] Runtime Error/Warning: Generated Model with score == 0
[SOKOBAN] Retry . . .
[SOKOBAN] Runtime Error/Warning: Generated Model with score == 0
[SOKOBAN] Retry . . .
[SOKOBAN] Runtime Error/Warning: Generated Model with score == 0
[SOKOBAN] Retry . . .
[SOKOBAN] Runtime Error/Warning: Generated Model with score == 0
[SOKOBAN] Retry . . .
[SOKOBAN] Runtime Error/Warning: Generated Model with score == 0
[SOKOBAN] Retry . . .
[SOKOBAN] Runtime Error/Warning: Not enough free spots (#3) to place 1 player and 2 boxes.
[SOKOBAN] Retry . . .
[SOKOBAN] Runtime Error/Warning: Not enough free spots (#3) to place 1 player and 2 boxes.
[SOKOBAN] Retry . . .
[SOKOBAN] Runtime Error/Warning: Not enough free spots (#3) to place 1 player and 2 boxes.
[SOKOBAN] Retry . . .
[ 410/488] step= 419840 | ep=33920 | return=11.280 | guided%= 89.3 | bc=0.0000 | cumQ=373424 | bc_coef=0.000 | sps=116
[SOKOBAN] Runtime Error/Warning: Generated Model with score == 0
[SOKOBAN] Retry . . .
[SOKOBAN] Runtime Error/Warning: Not enough free spots (#3) to place 1 player and 2 boxes.
[SOKOBAN] Retry . . .
[SOKOBAN] Runtime Error/Warning: Not enough free spots (#3) to place 1 player and 2 boxes.
[SOKOBAN] Retry . . .
[SOKOBAN] Runtime Error/Warning: Generated Model with score == 0
[SOKOBAN] Retry . . .
[SOKOBAN] Runtime Error/Warning: Not enough free spots (#3) to place 1 player and 2 boxes.
[SOKOBAN] Retry . . .
[SOKOBAN] Runtime Error/Warning: Generated Model with score == 0
[SOKOBAN] Retry . . .
[SOKOBAN] Runtime Error/Warning: Generated Model with score == 0
[SOKOBAN] Retry . . .
[SOKOBAN] Runtime Error/Warning: Generated Model with score == 0
[SOKOBAN] Retry . . .
[SOKOBAN] Runtime Error/Warning: Not enough free spots (#3) to place 1 player and 2 boxes.
[SOKOBAN] Retry . . .
[SOKOBAN] Runtime Error/Warning: Generated Model with score == 0
[SOKOBAN] Retry . . .
[SOKOBAN] Runtime Error/Warning: Generated Model with score == 0
[SOKOBAN] Retry . . .
[SOKOBAN] Runtime Error/Warning: Generated Model with score == 0
[SOKOBAN] Retry . . .
[SOKOBAN] Runtime Error/Warning: Generated Model with score == 0
[SOKOBAN] Retry . . .
[SOKOBAN] Runtime Error/Warning: Generated Model with score == 0
[SOKOBAN] Retry . . .
[SOKOBAN] Runtime Error/Warning: Not enough free spots (#3) to place 1 player and 2 boxes.
[SOKOBAN] Retry . . .
[SOKOBAN] Runtime Error/Warning: Generated Model with score == 0
[SOKOBAN] Retry . . .
[SOKOBAN] Runtime Error/Warning: Generated Model with score == 0
[SOKOBAN] Retry . . .
[SOKOBAN] Runtime Error/Warning: Generated Model with score == 0
[SOKOBAN] Retry . . .
[SOKOBAN] Runtime Error/Warning: Not enough free spots (#3) to place 1 player and 2 boxes.
[SOKOBAN] Retry . . .
[ 420/488] step= 430080 | ep=34782 | return=11.337 | guided%= 89.4 | bc=0.0000 | cumQ=382796 | bc_coef=0.000 | sps=116
[SOKOBAN] Runtime Error/Warning: Generated Model with score == 0
[SOKOBAN] Retry . . .
[SOKOBAN] Runtime Error/Warning: Generated Model with score == 0
[SOKOBAN] Retry . . .
[SOKOBAN] Runtime Error/Warning: Not enough free spots (#3) to place 1 player and 2 boxes.
[SOKOBAN] Retry . . .
[SOKOBAN] Runtime Error/Warning: Not enough free spots (#3) to place 1 player and 2 boxes.
[SOKOBAN] Retry . . .
[SOKOBAN] Runtime Error/Warning: Generated Model with score == 0
[SOKOBAN] Retry . . .
[SOKOBAN] Runtime Error/Warning: Not enough free spots (#3) to place 1 player and 2 boxes.
[SOKOBAN] Retry . . .
[SOKOBAN] Runtime Error/Warning: Generated Model with score == 0
[SOKOBAN] Retry . . .
[SOKOBAN] Runtime Error/Warning: Not enough free spots (#3) to place 1 player and 2 boxes.
[SOKOBAN] Retry . . .
[SOKOBAN] Runtime Error/Warning: Not enough free spots (#3) to place 1 player and 2 boxes.
[SOKOBAN] Retry . . .
[SOKOBAN] Runtime Error/Warning: Generated Model with score == 0
[SOKOBAN] Retry . . .
[SOKOBAN] Runtime Error/Warning: Generated Model with score == 0
[SOKOBAN] Retry . . .
[SOKOBAN] Runtime Error/Warning: Generated Model with score == 0
[SOKOBAN] Retry . . .
[SOKOBAN] Runtime Error/Warning: Generated Model with score == 0
[SOKOBAN] Retry . . .
[ 430/488] step= 440320 | ep=35629 | return=11.287 | guided%= 89.5 | bc=0.0000 | cumQ=392177 | bc_coef=0.000 | sps=115
[SOKOBAN] Runtime Error/Warning: Not enough free spots (#3) to place 1 player and 2 boxes.
[SOKOBAN] Retry . . .
[SOKOBAN] Runtime Error/Warning: Not enough free spots (#3) to place 1 player and 2 boxes.
[SOKOBAN] Retry . . .
[SOKOBAN] Runtime Error/Warning: Generated Model with score == 0
[SOKOBAN] Retry . . .
[SOKOBAN] Runtime Error/Warning: Generated Model with score == 0
[SOKOBAN] Retry . . .
[SOKOBAN] Runtime Error/Warning: Generated Model with score == 0
[SOKOBAN] Retry . . .
[SOKOBAN] Runtime Error/Warning: Generated Model with score == 0
[SOKOBAN] Retry . . .
[SOKOBAN] Runtime Error/Warning: Generated Model with score == 0
[SOKOBAN] Retry . . .
[SOKOBAN] Runtime Error/Warning: Generated Model with score == 0
[SOKOBAN] Retry . . .
[SOKOBAN] Runtime Error/Warning: Generated Model with score == 0
[SOKOBAN] Retry . . .
[SOKOBAN] Runtime Error/Warning: Not enough free spots (#3) to place 1 player and 2 boxes.
[SOKOBAN] Retry . . .
[SOKOBAN] Runtime Error/Warning: Generated Model with score == 0
[SOKOBAN] Retry . . .
[SOKOBAN] Runtime Error/Warning: Not enough free spots (#3) to place 1 player and 2 boxes.
[SOKOBAN] Retry . . .
[SOKOBAN] Runtime Error/Warning: Generated Model with score == 0
[SOKOBAN] Retry . . .
[SOKOBAN] Runtime Error/Warning: Not enough free spots (#3) to place 1 player and 2 boxes.
[SOKOBAN] Retry . . .
[SOKOBAN] Runtime Error/Warning: Generated Model with score == 0
[SOKOBAN] Retry . . .
[ 440/488] step= 450560 | ep=36480 | return=11.173 | guided%= 89.9 | bc=0.0000 | cumQ=401561 | bc_coef=0.000 | sps=115
[SOKOBAN] Runtime Error/Warning: Not enough free spots (#3) to place 1 player and 2 boxes.
[SOKOBAN] Retry . . .
[SOKOBAN] Runtime Error/Warning: Generated Model with score == 0
[SOKOBAN] Retry . . .
[SOKOBAN] Runtime Error/Warning: Generated Model with score == 0
[SOKOBAN] Retry . . .
[SOKOBAN] Runtime Error/Warning: Generated Model with score == 0
[SOKOBAN] Retry . . .
[SOKOBAN] Runtime Error/Warning: Generated Model with score == 0
[SOKOBAN] Retry . . .
[SOKOBAN] Runtime Error/Warning: Generated Model with score == 0
[SOKOBAN] Retry . . .
[SOKOBAN] Runtime Error/Warning: Generated Model with score == 0
[SOKOBAN] Retry . . .
[SOKOBAN] Runtime Error/Warning: Generated Model with score == 0
[SOKOBAN] Retry . . .
[SOKOBAN] Runtime Error/Warning: Generated Model with score == 0
[SOKOBAN] Retry . . .
[SOKOBAN] Runtime Error/Warning: Generated Model with score == 0
[SOKOBAN] Retry . . .
[SOKOBAN] Runtime Error/Warning: Generated Model with score == 0
[SOKOBAN] Retry . . .
[SOKOBAN] Runtime Error/Warning: Generated Model with score == 0
[SOKOBAN] Retry . . .
[SOKOBAN] Runtime Error/Warning: Generated Model with score == 0
[SOKOBAN] Retry . . .
[SOKOBAN] Runtime Error/Warning: Generated Model with score == 0
[SOKOBAN] Retry . . .
[SOKOBAN] Runtime Error/Warning: Generated Model with score == 0
[SOKOBAN] Retry . . .
[SOKOBAN] Runtime Error/Warning: Generated Model with score == 0
[SOKOBAN] Retry . . .
[SOKOBAN] Runtime Error/Warning: Generated Model with score == 0
[SOKOBAN] Retry . . .
[SOKOBAN] Runtime Error/Warning: Generated Model with score == 0
[SOKOBAN] Retry . . .
[ 450/488] step= 460800 | ep=37340 | return=11.146 | guided%= 90.7 | bc=0.0000 | cumQ=410932 | bc_coef=0.000 | sps=115
[SOKOBAN] Runtime Error/Warning: Generated Model with score == 0
[SOKOBAN] Retry . . .
[SOKOBAN] Runtime Error/Warning: Generated Model with score == 0
[SOKOBAN] Retry . . .
[SOKOBAN] Runtime Error/Warning: Generated Model with score == 0
[SOKOBAN] Retry . . .
[SOKOBAN] Runtime Error/Warning: Generated Model with score == 0
[SOKOBAN] Retry . . .
[SOKOBAN] Runtime Error/Warning: Generated Model with score == 0
[SOKOBAN] Retry . . .
[SOKOBAN] Runtime Error/Warning: Generated Model with score == 0
[SOKOBAN] Retry . . .
[SOKOBAN] Runtime Error/Warning: Generated Model with score == 0
[SOKOBAN] Retry . . .
[SOKOBAN] Runtime Error/Warning: Not enough free spots (#3) to place 1 player and 2 boxes.
[SOKOBAN] Retry . . .
[SOKOBAN] Runtime Error/Warning: Not enough free spots (#3) to place 1 player and 2 boxes.
[SOKOBAN] Retry . . .
[SOKOBAN] Runtime Error/Warning: Not enough free spots (#3) to place 1 player and 2 boxes.
[SOKOBAN] Retry . . .
[SOKOBAN] Runtime Error/Warning: Generated Model with score == 0
[SOKOBAN] Retry . . .
[SOKOBAN] Runtime Error/Warning: Generated Model with score == 0
[SOKOBAN] Retry . . .
[SOKOBAN] Runtime Error/Warning: Generated Model with score == 0
[SOKOBAN] Retry . . .
[SOKOBAN] Runtime Error/Warning: Not enough free spots (#3) to place 1 player and 2 boxes.
[SOKOBAN] Retry . . .
[SOKOBAN] Runtime Error/Warning: Generated Model with score == 0
[SOKOBAN] Retry . . .
[SOKOBAN] Runtime Error/Warning: Generated Model with score == 0
[SOKOBAN] Retry . . .
[ 460/488] step= 471040 | ep=38178 | return=11.233 | guided%= 89.5 | bc=0.0000 | cumQ=420331 | bc_coef=0.000 | sps=115
[SOKOBAN] Runtime Error/Warning: Generated Model with score == 0
[SOKOBAN] Retry . . .
[SOKOBAN] Runtime Error/Warning: Not enough free spots (#3) to place 1 player and 2 boxes.
[SOKOBAN] Retry . . .
[SOKOBAN] Runtime Error/Warning: Generated Model with score == 0
[SOKOBAN] Retry . . .
[SOKOBAN] Runtime Error/Warning: Generated Model with score == 0
[SOKOBAN] Retry . . .
[SOKOBAN] Runtime Error/Warning: Generated Model with score == 0
[SOKOBAN] Retry . . .
[SOKOBAN] Runtime Error/Warning: Not enough free spots (#3) to place 1 player and 2 boxes.
[SOKOBAN] Retry . . .
[SOKOBAN] Runtime Error/Warning: Generated Model with score == 0
[SOKOBAN] Retry . . .
[SOKOBAN] Runtime Error/Warning: Not enough free spots (#3) to place 1 player and 2 boxes.
[SOKOBAN] Retry . . .
[SOKOBAN] Runtime Error/Warning: Generated Model with score == 0
[SOKOBAN] Retry . . .
[SOKOBAN] Runtime Error/Warning: Generated Model with score == 0
[SOKOBAN] Retry . . .
[SOKOBAN] Runtime Error/Warning: Generated Model with score == 0
[SOKOBAN] Retry . . .
[SOKOBAN] Runtime Error/Warning: Generated Model with score == 0
[SOKOBAN] Retry . . .
[SOKOBAN] Runtime Error/Warning: Generated Model with score == 0
[SOKOBAN] Retry . . .
[SOKOBAN] Runtime Error/Warning: Generated Model with score == 0
[SOKOBAN] Retry . . .
[ 470/488] step= 481280 | ep=39014 | return=11.280 | guided%= 89.1 | bc=0.0000 | cumQ=429728 | bc_coef=0.000 | sps=115
[SOKOBAN] Runtime Error/Warning: Generated Model with score == 0
[SOKOBAN] Retry . . .
[SOKOBAN] Runtime Error/Warning: Generated Model with score == 0
[SOKOBAN] Retry . . .
[SOKOBAN] Runtime Error/Warning: Not enough free spots (#3) to place 1 player and 2 boxes.
[SOKOBAN] Retry . . .
[SOKOBAN] Runtime Error/Warning: Generated Model with score == 0
[SOKOBAN] Retry . . .
[SOKOBAN] Runtime Error/Warning: Generated Model with score == 0
[SOKOBAN] Retry . . .
[SOKOBAN] Runtime Error/Warning: Generated Model with score == 0
[SOKOBAN] Retry . . .
[SOKOBAN] Runtime Error/Warning: Generated Model with score == 0
[SOKOBAN] Retry . . .
[SOKOBAN] Runtime Error/Warning: Generated Model with score == 0
[SOKOBAN] Retry . . .
[SOKOBAN] Runtime Error/Warning: Generated Model with score == 0
[SOKOBAN] Retry . . .
[SOKOBAN] Runtime Error/Warning: Generated Model with score == 0
[SOKOBAN] Retry . . .
[SOKOBAN] Runtime Error/Warning: Not enough free spots (#3) to place 1 player and 2 boxes.
[SOKOBAN] Retry . . .
[SOKOBAN] Runtime Error/Warning: Generated Model with score == 0
[SOKOBAN] Retry . . .
[SOKOBAN] Runtime Error/Warning: Generated Model with score == 0
[SOKOBAN] Retry . . .
[SOKOBAN] Runtime Error/Warning: Generated Model with score == 0
[SOKOBAN] Retry . . .
[SOKOBAN] Runtime Error/Warning: Generated Model with score == 0
[SOKOBAN] Retry . . .
[SOKOBAN] Runtime Error/Warning: Generated Model with score == 0
[SOKOBAN] Retry . . .
[SOKOBAN] Runtime Error/Warning: Generated Model with score == 0
[SOKOBAN] Retry . . .
[SOKOBAN] Runtime Error/Warning: Generated Model with score == 0
[SOKOBAN] Retry . . .
[SOKOBAN] Runtime Error/Warning: Generated Model with score == 0
[SOKOBAN] Retry . . .
[SOKOBAN] Runtime Error/Warning: Not enough free spots (#3) to place 1 player and 2 boxes.
[SOKOBAN] Retry . . .
[SOKOBAN] Runtime Error/Warning: Generated Model with score == 0
[SOKOBAN] Retry . . .
[ 480/488] step= 491520 | ep=39864 | return=11.221 | guided%= 89.6 | bc=0.0000 | cumQ=439116 | bc_coef=0.000 | sps=116
[SOKOBAN] Runtime Error/Warning: Generated Model with score == 0
[SOKOBAN] Retry . . .
[SOKOBAN] Runtime Error/Warning: Not enough free spots (#3) to place 1 player and 2 boxes.
[SOKOBAN] Retry . . .
[SOKOBAN] Runtime Error/Warning: Generated Model with score == 0
[SOKOBAN] Retry . . .
[SOKOBAN] Runtime Error/Warning: Not enough free spots (#3) to place 1 player and 2 boxes.
[SOKOBAN] Retry . . .
[SOKOBAN] Runtime Error/Warning: Generated Model with score == 0
[SOKOBAN] Retry . . .
[SOKOBAN] Runtime Error/Warning: Generated Model with score == 0
[SOKOBAN] Retry . . .
[SOKOBAN] Runtime Error/Warning: Not enough free spots (#3) to place 1 player and 2 boxes.
[SOKOBAN] Retry . . .
Saved → checkpoints/oracle_free__Sokoban-small-v0__seed3__1778150248.pt
Generating plots...
Plots → figures/oracle_free__Sokoban-small-v0__seed3__1778150248.png
End: jeu 07 mai 2026 13:49:20 CEST
