=== Job 2877868 — exp=baseline seed=1 ===
Node: i18
Start: ven 08 mai 2026 00:23:35 CEST
Saved → figures/baseline__Sokoban-small-v0__seed1__1778192618.png
Run: baseline__Sokoban-small-v0__seed1__1778192618
  device=cuda, batch=1024, updates=488
  CSV → logs/baseline__Sokoban-small-v0__seed1__1778192618.csv
  obs=(84, 84, 3), n_actions=9, query_action=None
  params=1,687,210
[   1/488] step=   1024 | ep=    0 | return=   nan | guided%=  nan | bc=0.0000 | cumQ=     0 | bc_coef=0.000 | sps=133
[SOKOBAN] Runtime Error/Warning: Generated Model with score == 0
[SOKOBAN] Retry . . .
  *** First unguided success — episode 9 ***
[  10/488] step=  10240 | ep=   52 | return=-16.675 | guided%=  0.0 | bc=0.0000 | cumQ=     0 | bc_coef=0.000 | sps=150
[SOKOBAN] Runtime Error/Warning: Generated Model with score == 0
[SOKOBAN] Retry . . .
[SOKOBAN] Runtime Error/Warning: Not enough free spots (#3) to place 1 player and 2 boxes.
[SOKOBAN] Retry . . .
[  20/488] step=  20480 | ep=  103 | return=-17.653 | guided%=  0.0 | bc=0.0000 | cumQ=     0 | bc_coef=0.000 | sps=150
[  30/488] step=  30720 | ep=  155 | return=-18.962 | guided%=  0.0 | bc=0.0000 | cumQ=     0 | bc_coef=0.000 | sps=151
[SOKOBAN] Runtime Error/Warning: Generated Model with score == 0
[SOKOBAN] Retry . . .
[  40/488] step=  40960 | ep=  210 | return=-18.234 | guided%=  0.0 | bc=0.0000 | cumQ=     0 | bc_coef=0.000 | sps=152
[SOKOBAN] Runtime Error/Warning: Generated Model with score == 0
[SOKOBAN] Retry . . .
[  50/488] step=  51200 | ep=  262 | return=-17.988 | guided%=  0.0 | bc=0.0000 | cumQ=     0 | bc_coef=0.000 | sps=151
[SOKOBAN] Runtime Error/Warning: Not enough free spots (#3) to place 1 player and 2 boxes.
[SOKOBAN] Retry . . .
[  60/488] step=  61440 | ep=  314 | return=-18.674 | guided%=  0.0 | bc=0.0000 | cumQ=     0 | bc_coef=0.000 | sps=151
[  70/488] step=  71680 | ep=  368 | return=-18.297 | guided%=  0.0 | bc=0.0000 | cumQ=     0 | bc_coef=0.000 | sps=151
[  80/488] step=  81920 | ep=  419 | return=-18.240 | guided%=  0.0 | bc=0.0000 | cumQ=     0 | bc_coef=0.000 | sps=151
[SOKOBAN] Runtime Error/Warning: Generated Model with score == 0
[SOKOBAN] Retry . . .
[SOKOBAN] Runtime Error/Warning: Generated Model with score == 0
[SOKOBAN] Retry . . .
[  90/488] step=  92160 | ep=  473 | return=-18.145 | guided%=  0.0 | bc=0.0000 | cumQ=     0 | bc_coef=0.000 | sps=151
[SOKOBAN] Runtime Error/Warning: Not enough free spots (#3) to place 1 player and 2 boxes.
[SOKOBAN] Retry . . .
[ 100/488] step= 102400 | ep=  530 | return=-17.109 | guided%=  0.0 | bc=0.0000 | cumQ=     0 | bc_coef=0.000 | sps=152
[SOKOBAN] Runtime Error/Warning: Not enough free spots (#3) to place 1 player and 2 boxes.
[SOKOBAN] Retry . . .
[ 110/488] step= 112640 | ep=  584 | return=-16.934 | guided%=  0.0 | bc=0.0000 | cumQ=     0 | bc_coef=0.000 | sps=152
[SOKOBAN] Runtime Error/Warning: Not enough free spots (#3) to place 1 player and 2 boxes.
[SOKOBAN] Retry . . .
[ 120/488] step= 122880 | ep=  637 | return=-17.212 | guided%=  0.0 | bc=0.0000 | cumQ=     0 | bc_coef=0.000 | sps=152
[SOKOBAN] Runtime Error/Warning: Not enough free spots (#3) to place 1 player and 2 boxes.
[SOKOBAN] Retry . . .
[ 130/488] step= 133120 | ep=  688 | return=-17.883 | guided%=  0.0 | bc=0.0000 | cumQ=     0 | bc_coef=0.000 | sps=152
[ 140/488] step= 143360 | ep=  746 | return=-17.841 | guided%=  0.0 | bc=0.0000 | cumQ=     0 | bc_coef=0.000 | sps=153
[SOKOBAN] Runtime Error/Warning: Generated Model with score == 0
[SOKOBAN] Retry . . .
[ 150/488] step= 153600 | ep=  798 | return=-17.271 | guided%=  0.0 | bc=0.0000 | cumQ=     0 | bc_coef=0.000 | sps=153
[SOKOBAN] Runtime Error/Warning: Generated Model with score == 0
[SOKOBAN] Retry . . .
[SOKOBAN] Runtime Error/Warning: Not enough free spots (#3) to place 1 player and 2 boxes.
[SOKOBAN] Retry . . .
[SOKOBAN] Runtime Error/Warning: Generated Model with score == 0
[SOKOBAN] Retry . . .
[ 160/488] step= 163840 | ep=  854 | return=-17.149 | guided%=  0.0 | bc=0.0000 | cumQ=     0 | bc_coef=0.000 | sps=153
[SOKOBAN] Runtime Error/Warning: Not enough free spots (#3) to place 1 player and 2 boxes.
[SOKOBAN] Retry . . .
[ 170/488] step= 174080 | ep=  909 | return=-17.189 | guided%=  0.0 | bc=0.0000 | cumQ=     0 | bc_coef=0.000 | sps=153
[ 180/488] step= 184320 | ep=  959 | return=-18.009 | guided%=  0.0 | bc=0.0000 | cumQ=     0 | bc_coef=0.000 | sps=153
[SOKOBAN] Runtime Error/Warning: Generated Model with score == 0
[SOKOBAN] Retry . . .
[ 190/488] step= 194560 | ep= 1015 | return=-17.824 | guided%=  0.0 | bc=0.0000 | cumQ=     0 | bc_coef=0.000 | sps=153
[ 200/488] step= 204800 | ep= 1069 | return=-16.927 | guided%=  0.0 | bc=0.0000 | cumQ=     0 | bc_coef=0.000 | sps=153
[SOKOBAN] Runtime Error/Warning: Not enough free spots (#3) to place 1 player and 2 boxes.
[SOKOBAN] Retry . . .
[ 210/488] step= 215040 | ep= 1121 | return=-18.047 | guided%=  0.0 | bc=0.0000 | cumQ=     0 | bc_coef=0.000 | sps=153
[SOKOBAN] Runtime Error/Warning: Generated Model with score == 0
[SOKOBAN] Retry . . .
[ 220/488] step= 225280 | ep= 1176 | return=-17.873 | guided%=  0.0 | bc=0.0000 | cumQ=     0 | bc_coef=0.000 | sps=153
[SOKOBAN] Runtime Error/Warning: Generated Model with score == 0
[SOKOBAN] Retry . . .
[ 230/488] step= 235520 | ep= 1234 | return=-16.626 | guided%=  0.0 | bc=0.0000 | cumQ=     0 | bc_coef=0.000 | sps=153
[SOKOBAN] Runtime Error/Warning: Generated Model with score == 0
[SOKOBAN] Retry . . .
[SOKOBAN] Runtime Error/Warning: Generated Model with score == 0
[SOKOBAN] Retry . . .
[ 240/488] step= 245760 | ep= 1288 | return=-16.168 | guided%=  0.0 | bc=0.0000 | cumQ=     0 | bc_coef=0.000 | sps=153
[ 250/488] step= 256000 | ep= 1345 | return=-16.786 | guided%=  0.0 | bc=0.0000 | cumQ=     0 | bc_coef=0.000 | sps=153
[SOKOBAN] Runtime Error/Warning: Generated Model with score == 0
[SOKOBAN] Retry . . .
[ 260/488] step= 266240 | ep= 1399 | return=-16.973 | guided%=  0.0 | bc=0.0000 | cumQ=     0 | bc_coef=0.000 | sps=153
[ 270/488] step= 276480 | ep= 1451 | return=-17.607 | guided%=  0.0 | bc=0.0000 | cumQ=     0 | bc_coef=0.000 | sps=154
[SOKOBAN] Runtime Error/Warning: Not enough free spots (#3) to place 1 player and 2 boxes.
[SOKOBAN] Retry . . .
[ 280/488] step= 286720 | ep= 1509 | return=-17.045 | guided%=  0.0 | bc=0.0000 | cumQ=     0 | bc_coef=0.000 | sps=154
[ 290/488] step= 296960 | ep= 1562 | return=-16.569 | guided%=  0.0 | bc=0.0000 | cumQ=     0 | bc_coef=0.000 | sps=154
[ 300/488] step= 307200 | ep= 1617 | return=-17.873 | guided%=  0.0 | bc=0.0000 | cumQ=     0 | bc_coef=0.000 | sps=154
[SOKOBAN] Runtime Error/Warning: Not enough free spots (#3) to place 1 player and 2 boxes.
[SOKOBAN] Retry . . .
[ 310/488] step= 317440 | ep= 1670 | return=-17.291 | guided%=  0.0 | bc=0.0000 | cumQ=     0 | bc_coef=0.000 | sps=154
[SOKOBAN] Runtime Error/Warning: Generated Model with score == 0
[SOKOBAN] Retry . . .
[ 320/488] step= 327680 | ep= 1726 | return=-17.381 | guided%=  0.0 | bc=0.0000 | cumQ=     0 | bc_coef=0.000 | sps=154
[ 330/488] step= 337920 | ep= 1779 | return=-17.144 | guided%=  0.0 | bc=0.0000 | cumQ=     0 | bc_coef=0.000 | sps=154
[SOKOBAN] Runtime Error/Warning: Generated Model with score == 0
[SOKOBAN] Retry . . .
[SOKOBAN] Runtime Error/Warning: Generated Model with score == 0
[SOKOBAN] Retry . . .
[ 340/488] step= 348160 | ep= 1833 | return=-17.083 | guided%=  0.0 | bc=0.0000 | cumQ=     0 | bc_coef=0.000 | sps=154
[SOKOBAN] Runtime Error/Warning: Generated Model with score == 0
[SOKOBAN] Retry . . .
[ 350/488] step= 358400 | ep= 1890 | return=-17.664 | guided%=  0.0 | bc=0.0000 | cumQ=     0 | bc_coef=0.000 | sps=154
[SOKOBAN] Runtime Error/Warning: Not enough free spots (#3) to place 1 player and 2 boxes.
[SOKOBAN] Retry . . .
[ 360/488] step= 368640 | ep= 1943 | return=-17.365 | guided%=  0.0 | bc=0.0000 | cumQ=     0 | bc_coef=0.000 | sps=154
[SOKOBAN] Runtime Error/Warning: Generated Model with score == 0
[SOKOBAN] Retry . . .
[ 370/488] step= 378880 | ep= 1998 | return=-16.882 | guided%=  0.0 | bc=0.0000 | cumQ=     0 | bc_coef=0.000 | sps=154
[ 380/488] step= 389120 | ep= 2056 | return=-16.372 | guided%=  0.0 | bc=0.0000 | cumQ=     0 | bc_coef=0.000 | sps=154
[ 390/488] step= 399360 | ep= 2116 | return=-14.881 | guided%=  0.0 | bc=0.0000 | cumQ=     0 | bc_coef=0.000 | sps=154
[SOKOBAN] Runtime Error/Warning: Generated Model with score == 0
[SOKOBAN] Retry . . .
[ 400/488] step= 409600 | ep= 2169 | return=-16.679 | guided%=  0.0 | bc=0.0000 | cumQ=     0 | bc_coef=0.000 | sps=154
[ 410/488] step= 419840 | ep= 2220 | return=-18.490 | guided%=  0.0 | bc=0.0000 | cumQ=     0 | bc_coef=0.000 | sps=154
[SOKOBAN] Runtime Error/Warning: Generated Model with score == 0
[SOKOBAN] Retry . . .
[ 420/488] step= 430080 | ep= 2275 | return=-18.316 | guided%=  0.0 | bc=0.0000 | cumQ=     0 | bc_coef=0.000 | sps=154
[ 430/488] step= 440320 | ep= 2330 | return=-17.492 | guided%=  0.0 | bc=0.0000 | cumQ=     0 | bc_coef=0.000 | sps=154
[ 440/488] step= 450560 | ep= 2387 | return=-16.594 | guided%=  0.0 | bc=0.0000 | cumQ=     0 | bc_coef=0.000 | sps=155
[ 450/488] step= 460800 | ep= 2444 | return=-15.550 | guided%=  0.0 | bc=0.0000 | cumQ=     0 | bc_coef=0.000 | sps=155
[ 460/488] step= 471040 | ep= 2499 | return=-15.852 | guided%=  0.0 | bc=0.0000 | cumQ=     0 | bc_coef=0.000 | sps=155
[SOKOBAN] Runtime Error/Warning: Generated Model with score == 0
[SOKOBAN] Retry . . .
[SOKOBAN] Runtime Error/Warning: Not enough free spots (#3) to place 1 player and 2 boxes.
[SOKOBAN] Retry . . .
[SOKOBAN] Runtime Error/Warning: Not enough free spots (#3) to place 1 player and 2 boxes.
[SOKOBAN] Retry . . .
[ 470/488] step= 481280 | ep= 2553 | return=-17.358 | guided%=  0.0 | bc=0.0000 | cumQ=     0 | bc_coef=0.000 | sps=155
[SOKOBAN] Runtime Error/Warning: Generated Model with score == 0
[SOKOBAN] Retry . . .
[SOKOBAN] Runtime Error/Warning: Generated Model with score == 0
[SOKOBAN] Retry . . .
[ 480/488] step= 491520 | ep= 2610 | return=-17.008 | guided%=  0.0 | bc=0.0000 | cumQ=     0 | bc_coef=0.000 | sps=155
Saved → checkpoints/baseline__Sokoban-small-v0__seed1__1778192618.pt
Generating plots...
Plots → figures/baseline__Sokoban-small-v0__seed1__1778192618.png
End: ven 08 mai 2026 01:17:33 CEST
