=== Job 2872706 — exp=baseline seed=1 ===
Node: i15
Start: jeu 07 mai 2026 12:30:00 CEST
Saved → figures/baseline__Sokoban-small-v0__seed1__1778149804.png
Run: baseline__Sokoban-small-v0__seed1__1778149804
  device=cuda, batch=1024, updates=488
  CSV → logs/baseline__Sokoban-small-v0__seed1__1778149804.csv
  obs=(84, 84, 3), n_actions=10, query_action=9
  params=1,687,723
[   1/488] step=   1024 | ep=   20 | return=-1.340 | guided%= 12.9 | bc=0.0000 | cumQ=   107 | bc_coef=0.000 | sps=123
[SOKOBAN] Runtime Error/Warning: Not enough free spots (#3) to place 1 player and 2 boxes.
[SOKOBAN] Retry . . .
[SOKOBAN] Runtime Error/Warning: Generated Model with score == 0
[SOKOBAN] Retry . . .
  *** First unguided success — episode 195 ***
[SOKOBAN] Runtime Error/Warning: Not enough free spots (#3) to place 1 player and 2 boxes.
[SOKOBAN] Retry . . .
[SOKOBAN] Runtime Error/Warning: Generated Model with score == 0
[SOKOBAN] Retry . . .
[  10/488] step=  10240 | ep=  255 | return= 7.271 | guided%= 44.4 | bc=0.0000 | cumQ=  2537 | bc_coef=0.000 | sps=140
[SOKOBAN] Runtime Error/Warning: Generated Model with score == 0
[SOKOBAN] Retry . . .
[SOKOBAN] Runtime Error/Warning: Generated Model with score == 0
[SOKOBAN] Retry . . .
[SOKOBAN] Runtime Error/Warning: Not enough free spots (#3) to place 1 player and 2 boxes.
[SOKOBAN] Retry . . .
[SOKOBAN] Runtime Error/Warning: Generated Model with score == 0
[SOKOBAN] Retry . . .
[SOKOBAN] Runtime Error/Warning: Not enough free spots (#3) to place 1 player and 2 boxes.
[SOKOBAN] Retry . . .
[SOKOBAN] Runtime Error/Warning: Not enough free spots (#3) to place 1 player and 2 boxes.
[SOKOBAN] Retry . . .
[SOKOBAN] Runtime Error/Warning: Not enough free spots (#3) to place 1 player and 2 boxes.
[SOKOBAN] Retry . . .
[SOKOBAN] Runtime Error/Warning: Generated Model with score == 0
[SOKOBAN] Retry . . .
[SOKOBAN] Runtime Error/Warning: Generated Model with score == 0
[SOKOBAN] Retry . . .
[SOKOBAN] Runtime Error/Warning: Generated Model with score == 0
[SOKOBAN] Retry . . .
[SOKOBAN] Runtime Error/Warning: Not enough free spots (#3) to place 1 player and 2 boxes.
[SOKOBAN] Retry . . .
[SOKOBAN] Runtime Error/Warning: Not enough free spots (#3) to place 1 player and 2 boxes.
[SOKOBAN] Retry . . .
[SOKOBAN] Runtime Error/Warning: Generated Model with score == 0
[SOKOBAN] Retry . . .
[SOKOBAN] Runtime Error/Warning: Generated Model with score == 0
[SOKOBAN] Retry . . .
[SOKOBAN] Runtime Error/Warning: Generated Model with score == 0
[SOKOBAN] Retry . . .
[SOKOBAN] Runtime Error/Warning: Not enough free spots (#3) to place 1 player and 2 boxes.
[SOKOBAN] Retry . . .
[  20/488] step=  20480 | ep=  963 | return=10.821 | guided%= 81.5 | bc=0.0000 | cumQ= 10252 | bc_coef=0.000 | sps=128
[SOKOBAN] Runtime Error/Warning: Generated Model with score == 0
[SOKOBAN] Retry . . .
[SOKOBAN] Runtime Error/Warning: Generated Model with score == 0
[SOKOBAN] Retry . . .
[SOKOBAN] Runtime Error/Warning: Generated Model with score == 0
[SOKOBAN] Retry . . .
[SOKOBAN] Runtime Error/Warning: Generated Model with score == 0
[SOKOBAN] Retry . . .
[SOKOBAN] Runtime Error/Warning: Generated Model with score == 0
[SOKOBAN] Retry . . .
[SOKOBAN] Runtime Error/Warning: Not enough free spots (#3) to place 1 player and 2 boxes.
[SOKOBAN] Retry . . .
[SOKOBAN] Runtime Error/Warning: Generated Model with score == 0
[SOKOBAN] Retry . . .
[SOKOBAN] Runtime Error/Warning: Not enough free spots (#3) to place 1 player and 2 boxes.
[SOKOBAN] Retry . . .
[SOKOBAN] Runtime Error/Warning: Generated Model with score == 0
[SOKOBAN] Retry . . .
[SOKOBAN] Runtime Error/Warning: Generated Model with score == 0
[SOKOBAN] Retry . . .
[SOKOBAN] Runtime Error/Warning: Generated Model with score == 0
[SOKOBAN] Retry . . .
[SOKOBAN] Runtime Error/Warning: Generated Model with score == 0
[SOKOBAN] Retry . . .
[SOKOBAN] Runtime Error/Warning: Generated Model with score == 0
[SOKOBAN] Retry . . .
[  30/488] step=  30720 | ep= 1745 | return=11.260 | guided%= 85.9 | bc=0.0000 | cumQ= 19108 | bc_coef=0.000 | sps=123
[SOKOBAN] Runtime Error/Warning: Not enough free spots (#3) to place 1 player and 2 boxes.
[SOKOBAN] Retry . . .
[SOKOBAN] Runtime Error/Warning: Generated Model with score == 0
[SOKOBAN] Retry . . .
[SOKOBAN] Runtime Error/Warning: Generated Model with score == 0
[SOKOBAN] Retry . . .
[SOKOBAN] Runtime Error/Warning: Generated Model with score == 0
[SOKOBAN] Retry . . .
[SOKOBAN] Runtime Error/Warning: Generated Model with score == 0
[SOKOBAN] Retry . . .
[SOKOBAN] Runtime Error/Warning: Generated Model with score == 0
[SOKOBAN] Retry . . .
[SOKOBAN] Runtime Error/Warning: Generated Model with score == 0
[SOKOBAN] Retry . . .
[SOKOBAN] Runtime Error/Warning: Not enough free spots (#3) to place 1 player and 2 boxes.
[SOKOBAN] Retry . . .
[SOKOBAN] Runtime Error/Warning: Not enough free spots (#3) to place 1 player and 2 boxes.
[SOKOBAN] Retry . . .
[SOKOBAN] Runtime Error/Warning: Generated Model with score == 0
[SOKOBAN] Retry . . .
[  40/488] step=  40960 | ep= 2594 | return=11.199 | guided%= 89.6 | bc=0.0000 | cumQ= 28305 | bc_coef=0.000 | sps=121
[SOKOBAN] Runtime Error/Warning: Generated Model with score == 0
[SOKOBAN] Retry . . .
[SOKOBAN] Runtime Error/Warning: Generated Model with score == 0
[SOKOBAN] Retry . . .
[SOKOBAN] Runtime Error/Warning: Not enough free spots (#3) to place 1 player and 2 boxes.
[SOKOBAN] Retry . . .
[SOKOBAN] Runtime Error/Warning: Generated Model with score == 0
[SOKOBAN] Retry . . .
[SOKOBAN] Runtime Error/Warning: Generated Model with score == 0
[SOKOBAN] Retry . . .
[SOKOBAN] Runtime Error/Warning: Not enough free spots (#3) to place 1 player and 2 boxes.
[SOKOBAN] Retry . . .
[SOKOBAN] Runtime Error/Warning: Generated Model with score == 0
[SOKOBAN] Retry . . .
[SOKOBAN] Runtime Error/Warning: Not enough free spots (#3) to place 1 player and 2 boxes.
[SOKOBAN] Retry . . .
[SOKOBAN] Runtime Error/Warning: Not enough free spots (#3) to place 1 player and 2 boxes.
[SOKOBAN] Retry . . .
[  50/488] step=  51200 | ep= 3433 | return=11.243 | guided%= 89.2 | bc=0.0000 | cumQ= 37645 | bc_coef=0.000 | sps=119
[SOKOBAN] Runtime Error/Warning: Generated Model with score == 0
[SOKOBAN] Retry . . .
[SOKOBAN] Runtime Error/Warning: Generated Model with score == 0
[SOKOBAN] Retry . . .
[SOKOBAN] Runtime Error/Warning: Generated Model with score == 0
[SOKOBAN] Retry . . .
[SOKOBAN] Runtime Error/Warning: Generated Model with score == 0
[SOKOBAN] Retry . . .
[SOKOBAN] Runtime Error/Warning: Generated Model with score == 0
[SOKOBAN] Retry . . .
[SOKOBAN] Runtime Error/Warning: Generated Model with score == 0
[SOKOBAN] Retry . . .
[SOKOBAN] Runtime Error/Warning: Not enough free spots (#3) to place 1 player and 2 boxes.
[SOKOBAN] Retry . . .
[SOKOBAN] Runtime Error/Warning: Generated Model with score == 0
[SOKOBAN] Retry . . .
[SOKOBAN] Runtime Error/Warning: Generated Model with score == 0
[SOKOBAN] Retry . . .
[SOKOBAN] Runtime Error/Warning: Generated Model with score == 0
[SOKOBAN] Retry . . .
[SOKOBAN] Runtime Error/Warning: Not enough free spots (#3) to place 1 player and 2 boxes.
[SOKOBAN] Retry . . .
[SOKOBAN] Runtime Error/Warning: Not enough free spots (#3) to place 1 player and 2 boxes.
[SOKOBAN] Retry . . .
[SOKOBAN] Runtime Error/Warning: Generated Model with score == 0
[SOKOBAN] Retry . . .
[SOKOBAN] Runtime Error/Warning: Not enough free spots (#3) to place 1 player and 2 boxes.
[SOKOBAN] Retry . . .
[SOKOBAN] Runtime Error/Warning: Generated Model with score == 0
[SOKOBAN] Retry . . .
[SOKOBAN] Runtime Error/Warning: Generated Model with score == 0
[SOKOBAN] Retry . . .
[SOKOBAN] Runtime Error/Warning: Not enough free spots (#3) to place 1 player and 2 boxes.
[SOKOBAN] Retry . . .
[SOKOBAN] Runtime Error/Warning: Generated Model with score == 0
[SOKOBAN] Retry . . .
[SOKOBAN] Runtime Error/Warning: Generated Model with score == 0
[SOKOBAN] Retry . . .
[SOKOBAN] Runtime Error/Warning: Generated Model with score == 0
[SOKOBAN] Retry . . .
[  60/488] step=  61440 | ep= 4242 | return=11.252 | guided%= 89.7 | bc=0.0000 | cumQ= 47059 | bc_coef=0.000 | sps=120
[SOKOBAN] Runtime Error/Warning: Generated Model with score == 0
[SOKOBAN] Retry . . .
[SOKOBAN] Runtime Error/Warning: Generated Model with score == 0
[SOKOBAN] Retry . . .
[SOKOBAN] Runtime Error/Warning: Not enough free spots (#3) to place 1 player and 2 boxes.
[SOKOBAN] Retry . . .
[SOKOBAN] Runtime Error/Warning: Generated Model with score == 0
[SOKOBAN] Retry . . .
[SOKOBAN] Runtime Error/Warning: Generated Model with score == 0
[SOKOBAN] Retry . . .
[SOKOBAN] Runtime Error/Warning: Generated Model with score == 0
[SOKOBAN] Retry . . .
[SOKOBAN] Runtime Error/Warning: Not enough free spots (#3) to place 1 player and 2 boxes.
[SOKOBAN] Retry . . .
[SOKOBAN] Runtime Error/Warning: Not enough free spots (#3) to place 1 player and 2 boxes.
[SOKOBAN] Retry . . .
[SOKOBAN] Runtime Error/Warning: Generated Model with score == 0
[SOKOBAN] Retry . . .
[SOKOBAN] Runtime Error/Warning: Generated Model with score == 0
[SOKOBAN] Retry . . .
[SOKOBAN] Runtime Error/Warning: Not enough free spots (#3) to place 1 player and 2 boxes.
[SOKOBAN] Retry . . .
[SOKOBAN] Runtime Error/Warning: Not enough free spots (#3) to place 1 player and 2 boxes.
[SOKOBAN] Retry . . .
[SOKOBAN] Runtime Error/Warning: Generated Model with score == 0
[SOKOBAN] Retry . . .
[SOKOBAN] Runtime Error/Warning: Generated Model with score == 0
[SOKOBAN] Retry . . .
[  70/488] step=  71680 | ep= 5099 | return=11.336 | guided%= 88.3 | bc=0.0000 | cumQ= 56437 | bc_coef=0.000 | sps=120
[SOKOBAN] Runtime Error/Warning: Generated Model with score == 0
[SOKOBAN] Retry . . .
[SOKOBAN] Runtime Error/Warning: Generated Model with score == 0
[SOKOBAN] Retry . . .
[SOKOBAN] Runtime Error/Warning: Generated Model with score == 0
[SOKOBAN] Retry . . .
[SOKOBAN] Runtime Error/Warning: Generated Model with score == 0
[SOKOBAN] Retry . . .
[SOKOBAN] Runtime Error/Warning: Generated Model with score == 0
[SOKOBAN] Retry . . .
[SOKOBAN] Runtime Error/Warning: Generated Model with score == 0
[SOKOBAN] Retry . . .
[SOKOBAN] Runtime Error/Warning: Generated Model with score == 0
[SOKOBAN] Retry . . .
[SOKOBAN] Runtime Error/Warning: Generated Model with score == 0
[SOKOBAN] Retry . . .
[SOKOBAN] Runtime Error/Warning: Not enough free spots (#3) to place 1 player and 2 boxes.
[SOKOBAN] Retry . . .
[  80/488] step=  81920 | ep= 5967 | return=11.376 | guided%= 88.6 | bc=0.0000 | cumQ= 65806 | bc_coef=0.000 | sps=121
[SOKOBAN] Runtime Error/Warning: Generated Model with score == 0
[SOKOBAN] Retry . . .
[SOKOBAN] Runtime Error/Warning: Generated Model with score == 0
[SOKOBAN] Retry . . .
[SOKOBAN] Runtime Error/Warning: Not enough free spots (#3) to place 1 player and 2 boxes.
[SOKOBAN] Retry . . .
[SOKOBAN] Runtime Error/Warning: Not enough free spots (#3) to place 1 player and 2 boxes.
[SOKOBAN] Retry . . .
[SOKOBAN] Runtime Error/Warning: Generated Model with score == 0
[SOKOBAN] Retry . . .
[SOKOBAN] Runtime Error/Warning: Generated Model with score == 0
[SOKOBAN] Retry . . .
[SOKOBAN] Runtime Error/Warning: Generated Model with score == 0
[SOKOBAN] Retry . . .
[SOKOBAN] Runtime Error/Warning: Generated Model with score == 0
[SOKOBAN] Retry . . .
[SOKOBAN] Runtime Error/Warning: Generated Model with score == 0
[SOKOBAN] Retry . . .
[SOKOBAN] Runtime Error/Warning: Not enough free spots (#3) to place 1 player and 2 boxes.
[SOKOBAN] Retry . . .
[SOKOBAN] Runtime Error/Warning: Generated Model with score == 0
[SOKOBAN] Retry . . .
[SOKOBAN] Runtime Error/Warning: Generated Model with score == 0
[SOKOBAN] Retry . . .
[  90/488] step=  92160 | ep= 6809 | return=11.280 | guided%= 88.9 | bc=0.0000 | cumQ= 75201 | bc_coef=0.000 | sps=122
[SOKOBAN] Runtime Error/Warning: Generated Model with score == 0
[SOKOBAN] Retry . . .
[SOKOBAN] Runtime Error/Warning: Not enough free spots (#3) to place 1 player and 2 boxes.
[SOKOBAN] Retry . . .
[SOKOBAN] Runtime Error/Warning: Generated Model with score == 0
[SOKOBAN] Retry . . .
[SOKOBAN] Runtime Error/Warning: Generated Model with score == 0
[SOKOBAN] Retry . . .
[SOKOBAN] Runtime Error/Warning: Generated Model with score == 0
[SOKOBAN] Retry . . .
[SOKOBAN] Runtime Error/Warning: Generated Model with score == 0
[SOKOBAN] Retry . . .
[SOKOBAN] Runtime Error/Warning: Generated Model with score == 0
[SOKOBAN] Retry . . .
[SOKOBAN] Runtime Error/Warning: Generated Model with score == 0
[SOKOBAN] Retry . . .
[SOKOBAN] Runtime Error/Warning: Generated Model with score == 0
[SOKOBAN] Retry . . .
[ 100/488] step= 102400 | ep= 7641 | return=11.189 | guided%= 90.2 | bc=0.0000 | cumQ= 84602 | bc_coef=0.000 | sps=122
[SOKOBAN] Runtime Error/Warning: Generated Model with score == 0
[SOKOBAN] Retry . . .
[SOKOBAN] Runtime Error/Warning: Generated Model with score == 0
[SOKOBAN] Retry . . .
[SOKOBAN] Runtime Error/Warning: Not enough free spots (#3) to place 1 player and 2 boxes.
[SOKOBAN] Retry . . .
[SOKOBAN] Runtime Error/Warning: Not enough free spots (#3) to place 1 player and 2 boxes.
[SOKOBAN] Retry . . .
[SOKOBAN] Runtime Error/Warning: Generated Model with score == 0
[SOKOBAN] Retry . . .
[SOKOBAN] Runtime Error/Warning: Not enough free spots (#3) to place 1 player and 2 boxes.
[SOKOBAN] Retry . . .
[SOKOBAN] Runtime Error/Warning: Generated Model with score == 0
[SOKOBAN] Retry . . .
[SOKOBAN] Runtime Error/Warning: Not enough free spots (#3) to place 1 player and 2 boxes.
[SOKOBAN] Retry . . .
[SOKOBAN] Runtime Error/Warning: Generated Model with score == 0
[SOKOBAN] Retry . . .
[SOKOBAN] Runtime Error/Warning: Generated Model with score == 0
[SOKOBAN] Retry . . .
[SOKOBAN] Runtime Error/Warning: Generated Model with score == 0
[SOKOBAN] Retry . . .
[SOKOBAN] Runtime Error/Warning: Generated Model with score == 0
[SOKOBAN] Retry . . .
[SOKOBAN] Runtime Error/Warning: Not enough free spots (#3) to place 1 player and 2 boxes.
[SOKOBAN] Retry . . .
[ 110/488] step= 112640 | ep= 8487 | return=11.222 | guided%= 90.2 | bc=0.0000 | cumQ= 93992 | bc_coef=0.000 | sps=123
[SOKOBAN] Runtime Error/Warning: Generated Model with score == 0
[SOKOBAN] Retry . . .
[SOKOBAN] Runtime Error/Warning: Not enough free spots (#3) to place 1 player and 2 boxes.
[SOKOBAN] Retry . . .
[SOKOBAN] Runtime Error/Warning: Generated Model with score == 0
[SOKOBAN] Retry . . .
[SOKOBAN] Runtime Error/Warning: Not enough free spots (#3) to place 1 player and 2 boxes.
[SOKOBAN] Retry . . .
[SOKOBAN] Runtime Error/Warning: Generated Model with score == 0
[SOKOBAN] Retry . . .
[SOKOBAN] Runtime Error/Warning: Not enough free spots (#3) to place 1 player and 2 boxes.
[SOKOBAN] Retry . . .
[SOKOBAN] Runtime Error/Warning: Generated Model with score == 0
[SOKOBAN] Retry . . .
[SOKOBAN] Runtime Error/Warning: Not enough free spots (#3) to place 1 player and 2 boxes.
[SOKOBAN] Retry . . .
[SOKOBAN] Runtime Error/Warning: Generated Model with score == 0
[SOKOBAN] Retry . . .
[SOKOBAN] Runtime Error/Warning: Generated Model with score == 0
[SOKOBAN] Retry . . .
[SOKOBAN] Runtime Error/Warning: Not enough free spots (#3) to place 1 player and 2 boxes.
[SOKOBAN] Retry . . .
[ 120/488] step= 122880 | ep= 9337 | return=11.243 | guided%= 89.0 | bc=0.0000 | cumQ=103380 | bc_coef=0.000 | sps=123
[SOKOBAN] Runtime Error/Warning: Generated Model with score == 0
[SOKOBAN] Retry . . .
[SOKOBAN] Runtime Error/Warning: Generated Model with score == 0
[SOKOBAN] Retry . . .
[SOKOBAN] Runtime Error/Warning: Generated Model with score == 0
[SOKOBAN] Retry . . .
[SOKOBAN] Runtime Error/Warning: Not enough free spots (#3) to place 1 player and 2 boxes.
[SOKOBAN] Retry . . .
[SOKOBAN] Runtime Error/Warning: Generated Model with score == 0
[SOKOBAN] Retry . . .
[SOKOBAN] Runtime Error/Warning: Generated Model with score == 0
[SOKOBAN] Retry . . .
[SOKOBAN] Runtime Error/Warning: Generated Model with score == 0
[SOKOBAN] Retry . . .
[SOKOBAN] Runtime Error/Warning: Not enough free spots (#3) to place 1 player and 2 boxes.
[SOKOBAN] Retry . . .
[SOKOBAN] Runtime Error/Warning: Not enough free spots (#3) to place 1 player and 2 boxes.
[SOKOBAN] Retry . . .
[SOKOBAN] Runtime Error/Warning: Generated Model with score == 0
[SOKOBAN] Retry . . .
[SOKOBAN] Runtime Error/Warning: Generated Model with score == 0
[SOKOBAN] Retry . . .
[ 130/488] step= 133120 | ep=10184 | return=11.272 | guided%= 89.7 | bc=0.0000 | cumQ=112770 | bc_coef=0.000 | sps=124
[SOKOBAN] Runtime Error/Warning: Generated Model with score == 0
[SOKOBAN] Retry . . .
[SOKOBAN] Runtime Error/Warning: Not enough free spots (#3) to place 1 player and 2 boxes.
[SOKOBAN] Retry . . .
[SOKOBAN] Runtime Error/Warning: Generated Model with score == 0
[SOKOBAN] Retry . . .
[SOKOBAN] Runtime Error/Warning: Generated Model with score == 0
[SOKOBAN] Retry . . .
[SOKOBAN] Runtime Error/Warning: Generated Model with score == 0
[SOKOBAN] Retry . . .
[SOKOBAN] Runtime Error/Warning: Generated Model with score == 0
[SOKOBAN] Retry . . .
[SOKOBAN] Runtime Error/Warning: Not enough free spots (#3) to place 1 player and 2 boxes.
[SOKOBAN] Retry . . .
[SOKOBAN] Runtime Error/Warning: Generated Model with score == 0
[SOKOBAN] Retry . . .
[SOKOBAN] Runtime Error/Warning: Not enough free spots (#3) to place 1 player and 2 boxes.
[SOKOBAN] Retry . . .
[SOKOBAN] Runtime Error/Warning: Generated Model with score == 0
[SOKOBAN] Retry . . .
[SOKOBAN] Runtime Error/Warning: Generated Model with score == 0
[SOKOBAN] Retry . . .
[SOKOBAN] Runtime Error/Warning: Not enough free spots (#3) to place 1 player and 2 boxes.
[SOKOBAN] Retry . . .
[SOKOBAN] Runtime Error/Warning: Not enough free spots (#3) to place 1 player and 2 boxes.
[SOKOBAN] Retry . . .
[ 140/488] step= 143360 | ep=11034 | return=11.294 | guided%= 89.8 | bc=0.0000 | cumQ=122156 | bc_coef=0.000 | sps=124
[SOKOBAN] Runtime Error/Warning: Generated Model with score == 0
[SOKOBAN] Retry . . .
[SOKOBAN] Runtime Error/Warning: Not enough free spots (#3) to place 1 player and 2 boxes.
[SOKOBAN] Retry . . .
[SOKOBAN] Runtime Error/Warning: Not enough free spots (#3) to place 1 player and 2 boxes.
[SOKOBAN] Retry . . .
[SOKOBAN] Runtime Error/Warning: Not enough free spots (#3) to place 1 player and 2 boxes.
[SOKOBAN] Retry . . .
[SOKOBAN] Runtime Error/Warning: Generated Model with score == 0
[SOKOBAN] Retry . . .
[SOKOBAN] Runtime Error/Warning: Generated Model with score == 0
[SOKOBAN] Retry . . .
[SOKOBAN] Runtime Error/Warning: Generated Model with score == 0
[SOKOBAN] Retry . . .
[SOKOBAN] Runtime Error/Warning: Generated Model with score == 0
[SOKOBAN] Retry . . .
[SOKOBAN] Runtime Error/Warning: Not enough free spots (#3) to place 1 player and 2 boxes.
[SOKOBAN] Retry . . .
[SOKOBAN] Runtime Error/Warning: Generated Model with score == 0
[SOKOBAN] Retry . . .
[SOKOBAN] Runtime Error/Warning: Not enough free spots (#3) to place 1 player and 2 boxes.
[SOKOBAN] Retry . . .
[ 150/488] step= 153600 | ep=11884 | return=11.352 | guided%= 88.5 | bc=0.0000 | cumQ=131544 | bc_coef=0.000 | sps=124
[SOKOBAN] Runtime Error/Warning: Not enough free spots (#3) to place 1 player and 2 boxes.
[SOKOBAN] Retry . . .
[SOKOBAN] Runtime Error/Warning: Generated Model with score == 0
[SOKOBAN] Retry . . .
[SOKOBAN] Runtime Error/Warning: Not enough free spots (#3) to place 1 player and 2 boxes.
[SOKOBAN] Retry . . .
[SOKOBAN] Runtime Error/Warning: Generated Model with score == 0
[SOKOBAN] Retry . . .
[SOKOBAN] Runtime Error/Warning: Generated Model with score == 0
[SOKOBAN] Retry . . .
[SOKOBAN] Runtime Error/Warning: Generated Model with score == 0
[SOKOBAN] Retry . . .
[SOKOBAN] Runtime Error/Warning: Generated Model with score == 0
[SOKOBAN] Retry . . .
[SOKOBAN] Runtime Error/Warning: Generated Model with score == 0
[SOKOBAN] Retry . . .
[SOKOBAN] Runtime Error/Warning: Generated Model with score == 0
[SOKOBAN] Retry . . .
[SOKOBAN] Runtime Error/Warning: Generated Model with score == 0
[SOKOBAN] Retry . . .
[SOKOBAN] Runtime Error/Warning: Not enough free spots (#3) to place 1 player and 2 boxes.
[SOKOBAN] Retry . . .
[SOKOBAN] Runtime Error/Warning: Generated Model with score == 0
[SOKOBAN] Retry . . .
[SOKOBAN] Runtime Error/Warning: Generated Model with score == 0
[SOKOBAN] Retry . . .
[SOKOBAN] Runtime Error/Warning: Not enough free spots (#3) to place 1 player and 2 boxes.
[SOKOBAN] Retry . . .
[SOKOBAN] Runtime Error/Warning: Generated Model with score == 0
[SOKOBAN] Retry . . .
[SOKOBAN] Runtime Error/Warning: Not enough free spots (#2) to place 1 player and 2 boxes.
[SOKOBAN] Retry . . .
[SOKOBAN] Runtime Error/Warning: Generated Model with score == 0
[SOKOBAN] Retry . . .
[SOKOBAN] Runtime Error/Warning: Generated Model with score == 0
[SOKOBAN] Retry . . .
[SOKOBAN] Runtime Error/Warning: Not enough free spots (#3) to place 1 player and 2 boxes.
[SOKOBAN] Retry . . .
[SOKOBAN] Runtime Error/Warning: Generated Model with score == 0
[SOKOBAN] Retry . . .
[ 160/488] step= 163840 | ep=12726 | return=11.304 | guided%= 88.4 | bc=0.0000 | cumQ=140941 | bc_coef=0.000 | sps=124
[SOKOBAN] Runtime Error/Warning: Not enough free spots (#3) to place 1 player and 2 boxes.
[SOKOBAN] Retry . . .
[SOKOBAN] Runtime Error/Warning: Generated Model with score == 0
[SOKOBAN] Retry . . .
[SOKOBAN] Runtime Error/Warning: Generated Model with score == 0
[SOKOBAN] Retry . . .
[SOKOBAN] Runtime Error/Warning: Generated Model with score == 0
[SOKOBAN] Retry . . .
[SOKOBAN] Runtime Error/Warning: Not enough free spots (#3) to place 1 player and 2 boxes.
[SOKOBAN] Retry . . .
[SOKOBAN] Runtime Error/Warning: Not enough free spots (#3) to place 1 player and 2 boxes.
[SOKOBAN] Retry . . .
[SOKOBAN] Runtime Error/Warning: Not enough free spots (#3) to place 1 player and 2 boxes.
[SOKOBAN] Retry . . .
[SOKOBAN] Runtime Error/Warning: Generated Model with score == 0
[SOKOBAN] Retry . . .
[SOKOBAN] Runtime Error/Warning: Not enough free spots (#3) to place 1 player and 2 boxes.
[SOKOBAN] Retry . . .
[SOKOBAN] Runtime Error/Warning: Not enough free spots (#3) to place 1 player and 2 boxes.
[SOKOBAN] Retry . . .
[SOKOBAN] Runtime Error/Warning: Generated Model with score == 0
[SOKOBAN] Retry . . .
[SOKOBAN] Runtime Error/Warning: Generated Model with score == 0
[SOKOBAN] Retry . . .
[ 170/488] step= 174080 | ep=13599 | return=11.263 | guided%= 89.2 | bc=0.0000 | cumQ=150307 | bc_coef=0.000 | sps=125
[SOKOBAN] Runtime Error/Warning: Generated Model with score == 0
[SOKOBAN] Retry . . .
[SOKOBAN] Runtime Error/Warning: Generated Model with score == 0
[SOKOBAN] Retry . . .
[SOKOBAN] Runtime Error/Warning: Generated Model with score == 0
[SOKOBAN] Retry . . .
[SOKOBAN] Runtime Error/Warning: Not enough free spots (#3) to place 1 player and 2 boxes.
[SOKOBAN] Retry . . .
[SOKOBAN] Runtime Error/Warning: Not enough free spots (#3) to place 1 player and 2 boxes.
[SOKOBAN] Retry . . .
[SOKOBAN] Runtime Error/Warning: Generated Model with score == 0
[SOKOBAN] Retry . . .
[SOKOBAN] Runtime Error/Warning: Generated Model with score == 0
[SOKOBAN] Retry . . .
[SOKOBAN] Runtime Error/Warning: Generated Model with score == 0
[SOKOBAN] Retry . . .
[SOKOBAN] Runtime Error/Warning: Generated Model with score == 0
[SOKOBAN] Retry . . .
[SOKOBAN] Runtime Error/Warning: Not enough free spots (#3) to place 1 player and 2 boxes.
[SOKOBAN] Retry . . .
[ 180/488] step= 184320 | ep=14439 | return=11.235 | guided%= 90.0 | bc=0.0000 | cumQ=159706 | bc_coef=0.000 | sps=125
[SOKOBAN] Runtime Error/Warning: Not enough free spots (#3) to place 1 player and 2 boxes.
[SOKOBAN] Retry . . .
[SOKOBAN] Runtime Error/Warning: Generated Model with score == 0
[SOKOBAN] Retry . . .
[SOKOBAN] Runtime Error/Warning: Generated Model with score == 0
[SOKOBAN] Retry . . .
[SOKOBAN] Runtime Error/Warning: Not enough free spots (#3) to place 1 player and 2 boxes.
[SOKOBAN] Retry . . .
[SOKOBAN] Runtime Error/Warning: Not enough free spots (#3) to place 1 player and 2 boxes.
[SOKOBAN] Retry . . .
[ 190/488] step= 194560 | ep=15291 | return=11.262 | guided%= 88.6 | bc=0.0000 | cumQ=169093 | bc_coef=0.000 | sps=125
[SOKOBAN] Runtime Error/Warning: Generated Model with score == 0
[SOKOBAN] Retry . . .
[SOKOBAN] Runtime Error/Warning: Generated Model with score == 0
[SOKOBAN] Retry . . .
[SOKOBAN] Runtime Error/Warning: Generated Model with score == 0
[SOKOBAN] Retry . . .
[SOKOBAN] Runtime Error/Warning: Not enough free spots (#3) to place 1 player and 2 boxes.
[SOKOBAN] Retry . . .
[SOKOBAN] Runtime Error/Warning: Not enough free spots (#3) to place 1 player and 2 boxes.
[SOKOBAN] Retry . . .
[SOKOBAN] Runtime Error/Warning: Generated Model with score == 0
[SOKOBAN] Retry . . .
[SOKOBAN] Runtime Error/Warning: Generated Model with score == 0
[SOKOBAN] Retry . . .
[SOKOBAN] Runtime Error/Warning: Generated Model with score == 0
[SOKOBAN] Retry . . .
[SOKOBAN] Runtime Error/Warning: Generated Model with score == 0
[SOKOBAN] Retry . . .
[SOKOBAN] Runtime Error/Warning: Generated Model with score == 0
[SOKOBAN] Retry . . .
[SOKOBAN] Runtime Error/Warning: Generated Model with score == 0
[SOKOBAN] Retry . . .
[SOKOBAN] Runtime Error/Warning: Generated Model with score == 0
[SOKOBAN] Retry . . .
[SOKOBAN] Runtime Error/Warning: Generated Model with score == 0
[SOKOBAN] Retry . . .
[SOKOBAN] Runtime Error/Warning: Not enough free spots (#3) to place 1 player and 2 boxes.
[SOKOBAN] Retry . . .
[SOKOBAN] Runtime Error/Warning: Generated Model with score == 0
[SOKOBAN] Retry . . .
[SOKOBAN] Runtime Error/Warning: Not enough free spots (#3) to place 1 player and 2 boxes.
[SOKOBAN] Retry . . .
[SOKOBAN] Runtime Error/Warning: Generated Model with score == 0
[SOKOBAN] Retry . . .
[ 200/488] step= 204800 | ep=16143 | return=11.204 | guided%= 89.4 | bc=0.0000 | cumQ=178481 | bc_coef=0.000 | sps=125
[SOKOBAN] Runtime Error/Warning: Generated Model with score == 0
[SOKOBAN] Retry . . .
[SOKOBAN] Runtime Error/Warning: Not enough free spots (#3) to place 1 player and 2 boxes.
[SOKOBAN] Retry . . .
[SOKOBAN] Runtime Error/Warning: Generated Model with score == 0
[SOKOBAN] Retry . . .
[SOKOBAN] Runtime Error/Warning: Generated Model with score == 0
[SOKOBAN] Retry . . .
[SOKOBAN] Runtime Error/Warning: Not enough free spots (#3) to place 1 player and 2 boxes.
[SOKOBAN] Retry . . .
[SOKOBAN] Runtime Error/Warning: Not enough free spots (#3) to place 1 player and 2 boxes.
[SOKOBAN] Retry . . .
[SOKOBAN] Runtime Error/Warning: Generated Model with score == 0
[SOKOBAN] Retry . . .
[SOKOBAN] Runtime Error/Warning: Generated Model with score == 0
[SOKOBAN] Retry . . .
[SOKOBAN] Runtime Error/Warning: Not enough free spots (#3) to place 1 player and 2 boxes.
[SOKOBAN] Retry . . .
[SOKOBAN] Runtime Error/Warning: Generated Model with score == 0
[SOKOBAN] Retry . . .
[SOKOBAN] Runtime Error/Warning: Generated Model with score == 0
[SOKOBAN] Retry . . .
[SOKOBAN] Runtime Error/Warning: Generated Model with score == 0
[SOKOBAN] Retry . . .
[SOKOBAN] Runtime Error/Warning: Generated Model with score == 0
[SOKOBAN] Retry . . .
[SOKOBAN] Runtime Error/Warning: Generated Model with score == 0
[SOKOBAN] Retry . . .
[ 210/488] step= 215040 | ep=17008 | return=11.198 | guided%= 90.7 | bc=0.0000 | cumQ=187851 | bc_coef=0.000 | sps=125
[SOKOBAN] Runtime Error/Warning: Generated Model with score == 0
[SOKOBAN] Retry . . .
[SOKOBAN] Runtime Error/Warning: Generated Model with score == 0
[SOKOBAN] Retry . . .
[SOKOBAN] Runtime Error/Warning: Not enough free spots (#3) to place 1 player and 2 boxes.
[SOKOBAN] Retry . . .
[SOKOBAN] Runtime Error/Warning: Generated Model with score == 0
[SOKOBAN] Retry . . .
[SOKOBAN] Runtime Error/Warning: Generated Model with score == 0
[SOKOBAN] Retry . . .
[SOKOBAN] Runtime Error/Warning: Not enough free spots (#3) to place 1 player and 2 boxes.
[SOKOBAN] Retry . . .
[SOKOBAN] Runtime Error/Warning: Generated Model with score == 0
[SOKOBAN] Retry . . .
[SOKOBAN] Runtime Error/Warning: Generated Model with score == 0
[SOKOBAN] Retry . . .
[SOKOBAN] Runtime Error/Warning: Generated Model with score == 0
[SOKOBAN] Retry . . .
[SOKOBAN] Runtime Error/Warning: Generated Model with score == 0
[SOKOBAN] Retry . . .
[SOKOBAN] Runtime Error/Warning: Not enough free spots (#3) to place 1 player and 2 boxes.
[SOKOBAN] Retry . . .
[SOKOBAN] Runtime Error/Warning: Not enough free spots (#3) to place 1 player and 2 boxes.
[SOKOBAN] Retry . . .
[SOKOBAN] Runtime Error/Warning: Generated Model with score == 0
[SOKOBAN] Retry . . .
[SOKOBAN] Runtime Error/Warning: Generated Model with score == 0
[SOKOBAN] Retry . . .
[SOKOBAN] Runtime Error/Warning: Not enough free spots (#3) to place 1 player and 2 boxes.
[SOKOBAN] Retry . . .
[ 220/488] step= 225280 | ep=17852 | return=11.173 | guided%= 90.2 | bc=0.0000 | cumQ=197244 | bc_coef=0.000 | sps=125
[SOKOBAN] Runtime Error/Warning: Generated Model with score == 0
[SOKOBAN] Retry . . .
[SOKOBAN] Runtime Error/Warning: Generated Model with score == 0
[SOKOBAN] Retry . . .
[SOKOBAN] Runtime Error/Warning: Generated Model with score == 0
[SOKOBAN] Retry . . .
[SOKOBAN] Runtime Error/Warning: Not enough free spots (#3) to place 1 player and 2 boxes.
[SOKOBAN] Retry . . .
[SOKOBAN] Runtime Error/Warning: Not enough free spots (#3) to place 1 player and 2 boxes.
[SOKOBAN] Retry . . .
[SOKOBAN] Runtime Error/Warning: Not enough free spots (#3) to place 1 player and 2 boxes.
[SOKOBAN] Retry . . .
[SOKOBAN] Runtime Error/Warning: Generated Model with score == 0
[SOKOBAN] Retry . . .
[SOKOBAN] Runtime Error/Warning: Generated Model with score == 0
[SOKOBAN] Retry . . .
[SOKOBAN] Runtime Error/Warning: Generated Model with score == 0
[SOKOBAN] Retry . . .
[SOKOBAN] Runtime Error/Warning: Not enough free spots (#3) to place 1 player and 2 boxes.
[SOKOBAN] Retry . . .
[SOKOBAN] Runtime Error/Warning: Generated Model with score == 0
[SOKOBAN] Retry . . .
[SOKOBAN] Runtime Error/Warning: Generated Model with score == 0
[SOKOBAN] Retry . . .
[SOKOBAN] Runtime Error/Warning: Not enough free spots (#3) to place 1 player and 2 boxes.
[SOKOBAN] Retry . . .
[SOKOBAN] Runtime Error/Warning: Generated Model with score == 0
[SOKOBAN] Retry . . .
[SOKOBAN] Runtime Error/Warning: Not enough free spots (#3) to place 1 player and 2 boxes.
[SOKOBAN] Retry . . .
[ 230/488] step= 235520 | ep=18703 | return=11.295 | guided%= 88.7 | bc=0.0000 | cumQ=206631 | bc_coef=0.000 | sps=125
[SOKOBAN] Runtime Error/Warning: Generated Model with score == 0
[SOKOBAN] Retry . . .
[SOKOBAN] Runtime Error/Warning: Generated Model with score == 0
[SOKOBAN] Retry . . .
[SOKOBAN] Runtime Error/Warning: Not enough free spots (#3) to place 1 player and 2 boxes.
[SOKOBAN] Retry . . .
[SOKOBAN] Runtime Error/Warning: Generated Model with score == 0
[SOKOBAN] Retry . . .
[SOKOBAN] Runtime Error/Warning: Generated Model with score == 0
[SOKOBAN] Retry . . .
[SOKOBAN] Runtime Error/Warning: Generated Model with score == 0
[SOKOBAN] Retry . . .
[SOKOBAN] Runtime Error/Warning: Generated Model with score == 0
[SOKOBAN] Retry . . .
[SOKOBAN] Runtime Error/Warning: Generated Model with score == 0
[SOKOBAN] Retry . . .
[SOKOBAN] Runtime Error/Warning: Not enough free spots (#3) to place 1 player and 2 boxes.
[SOKOBAN] Retry . . .
[SOKOBAN] Runtime Error/Warning: Generated Model with score == 0
[SOKOBAN] Retry . . .
[SOKOBAN] Runtime Error/Warning: Generated Model with score == 0
[SOKOBAN] Retry . . .
[SOKOBAN] Runtime Error/Warning: Not enough free spots (#3) to place 1 player and 2 boxes.
[SOKOBAN] Retry . . .
[ 240/488] step= 245760 | ep=19555 | return=11.368 | guided%= 88.6 | bc=0.0000 | cumQ=216019 | bc_coef=0.000 | sps=124
[SOKOBAN] Runtime Error/Warning: Generated Model with score == 0
[SOKOBAN] Retry . . .
[SOKOBAN] Runtime Error/Warning: Not enough free spots (#3) to place 1 player and 2 boxes.
[SOKOBAN] Retry . . .
[SOKOBAN] Runtime Error/Warning: Generated Model with score == 0
[SOKOBAN] Retry . . .
[SOKOBAN] Runtime Error/Warning: Generated Model with score == 0
[SOKOBAN] Retry . . .
[SOKOBAN] Runtime Error/Warning: Generated Model with score == 0
[SOKOBAN] Retry . . .
[SOKOBAN] Runtime Error/Warning: Generated Model with score == 0
[SOKOBAN] Retry . . .
[SOKOBAN] Runtime Error/Warning: Generated Model with score == 0
[SOKOBAN] Retry . . .
[SOKOBAN] Runtime Error/Warning: Not enough free spots (#3) to place 1 player and 2 boxes.
[SOKOBAN] Retry . . .
[SOKOBAN] Runtime Error/Warning: Generated Model with score == 0
[SOKOBAN] Retry . . .
[SOKOBAN] Runtime Error/Warning: Not enough free spots (#3) to place 1 player and 2 boxes.
[SOKOBAN] Retry . . .
[SOKOBAN] Runtime Error/Warning: Not enough free spots (#3) to place 1 player and 2 boxes.
[SOKOBAN] Retry . . .
[ 250/488] step= 256000 | ep=20427 | return=11.304 | guided%= 88.9 | bc=0.0000 | cumQ=225388 | bc_coef=0.000 | sps=124
[SOKOBAN] Runtime Error/Warning: Generated Model with score == 0
[SOKOBAN] Retry . . .
[SOKOBAN] Runtime Error/Warning: Generated Model with score == 0
[SOKOBAN] Retry . . .
[SOKOBAN] Runtime Error/Warning: Not enough free spots (#3) to place 1 player and 2 boxes.
[SOKOBAN] Retry . . .
[SOKOBAN] Runtime Error/Warning: Generated Model with score == 0
[SOKOBAN] Retry . . .
[SOKOBAN] Runtime Error/Warning: Not enough free spots (#3) to place 1 player and 2 boxes.
[SOKOBAN] Retry . . .
[SOKOBAN] Runtime Error/Warning: Generated Model with score == 0
[SOKOBAN] Retry . . .
[SOKOBAN] Runtime Error/Warning: Generated Model with score == 0
[SOKOBAN] Retry . . .
[SOKOBAN] Runtime Error/Warning: Generated Model with score == 0
[SOKOBAN] Retry . . .
[SOKOBAN] Runtime Error/Warning: Generated Model with score == 0
[SOKOBAN] Retry . . .
[SOKOBAN] Runtime Error/Warning: Generated Model with score == 0
[SOKOBAN] Retry . . .
[SOKOBAN] Runtime Error/Warning: Generated Model with score == 0
[SOKOBAN] Retry . . .
[ 260/488] step= 266240 | ep=21294 | return=11.373 | guided%= 88.0 | bc=0.0000 | cumQ=234759 | bc_coef=0.000 | sps=123
[SOKOBAN] Runtime Error/Warning: Generated Model with score == 0
[SOKOBAN] Retry . . .
[SOKOBAN] Runtime Error/Warning: Generated Model with score == 0
[SOKOBAN] Retry . . .
[SOKOBAN] Runtime Error/Warning: Generated Model with score == 0
[SOKOBAN] Retry . . .
[SOKOBAN] Runtime Error/Warning: Generated Model with score == 0
[SOKOBAN] Retry . . .
[SOKOBAN] Runtime Error/Warning: Not enough free spots (#3) to place 1 player and 2 boxes.
[SOKOBAN] Retry . . .
[SOKOBAN] Runtime Error/Warning: Generated Model with score == 0
[SOKOBAN] Retry . . .
[SOKOBAN] Runtime Error/Warning: Generated Model with score == 0
[SOKOBAN] Retry . . .
[SOKOBAN] Runtime Error/Warning: Generated Model with score == 0
[SOKOBAN] Retry . . .
[SOKOBAN] Runtime Error/Warning: Generated Model with score == 0
[SOKOBAN] Retry . . .
[SOKOBAN] Runtime Error/Warning: Not enough free spots (#3) to place 1 player and 2 boxes.
[SOKOBAN] Retry . . .
[SOKOBAN] Runtime Error/Warning: Generated Model with score == 0
[SOKOBAN] Retry . . .
[ 270/488] step= 276480 | ep=22168 | return=11.325 | guided%= 88.9 | bc=0.0000 | cumQ=244122 | bc_coef=0.000 | sps=123
[SOKOBAN] Runtime Error/Warning: Not enough free spots (#3) to place 1 player and 2 boxes.
[SOKOBAN] Retry . . .
[SOKOBAN] Runtime Error/Warning: Generated Model with score == 0
[SOKOBAN] Retry . . .
[SOKOBAN] Runtime Error/Warning: Generated Model with score == 0
[SOKOBAN] Retry . . .
[SOKOBAN] Runtime Error/Warning: Generated Model with score == 0
[SOKOBAN] Retry . . .
[SOKOBAN] Runtime Error/Warning: Generated Model with score == 0
[SOKOBAN] Retry . . .
[SOKOBAN] Runtime Error/Warning: Generated Model with score == 0
[SOKOBAN] Retry . . .
[SOKOBAN] Runtime Error/Warning: Not enough free spots (#3) to place 1 player and 2 boxes.
[SOKOBAN] Retry . . .
[SOKOBAN] Runtime Error/Warning: Not enough free spots (#3) to place 1 player and 2 boxes.
[SOKOBAN] Retry . . .
[SOKOBAN] Runtime Error/Warning: Not enough free spots (#3) to place 1 player and 2 boxes.
[SOKOBAN] Retry . . .
[SOKOBAN] Runtime Error/Warning: Generated Model with score == 0
[SOKOBAN] Retry . . .
[SOKOBAN] Runtime Error/Warning: Generated Model with score == 0
[SOKOBAN] Retry . . .
[SOKOBAN] Runtime Error/Warning: Generated Model with score == 0
[SOKOBAN] Retry . . .
[SOKOBAN] Runtime Error/Warning: Generated Model with score == 0
[SOKOBAN] Retry . . .
[SOKOBAN] Runtime Error/Warning: Generated Model with score == 0
[SOKOBAN] Retry . . .
[SOKOBAN] Runtime Error/Warning: Not enough free spots (#3) to place 1 player and 2 boxes.
[SOKOBAN] Retry . . .
[SOKOBAN] Runtime Error/Warning: Generated Model with score == 0
[SOKOBAN] Retry . . .
[ 280/488] step= 286720 | ep=23026 | return=11.316 | guided%= 89.5 | bc=0.0000 | cumQ=253501 | bc_coef=0.000 | sps=124
[SOKOBAN] Runtime Error/Warning: Not enough free spots (#3) to place 1 player and 2 boxes.
[SOKOBAN] Retry . . .
[SOKOBAN] Runtime Error/Warning: Generated Model with score == 0
[SOKOBAN] Retry . . .
[SOKOBAN] Runtime Error/Warning: Generated Model with score == 0
[SOKOBAN] Retry . . .
[SOKOBAN] Runtime Error/Warning: Generated Model with score == 0
[SOKOBAN] Retry . . .
[SOKOBAN] Runtime Error/Warning: Generated Model with score == 0
[SOKOBAN] Retry . . .
[SOKOBAN] Runtime Error/Warning: Not enough free spots (#3) to place 1 player and 2 boxes.
[SOKOBAN] Retry . . .
[SOKOBAN] Runtime Error/Warning: Generated Model with score == 0
[SOKOBAN] Retry . . .
[SOKOBAN] Runtime Error/Warning: Not enough free spots (#3) to place 1 player and 2 boxes.
[SOKOBAN] Retry . . .
[SOKOBAN] Runtime Error/Warning: Generated Model with score == 0
[SOKOBAN] Retry . . .
[SOKOBAN] Runtime Error/Warning: Not enough free spots (#3) to place 1 player and 2 boxes.
[SOKOBAN] Retry . . .
[SOKOBAN] Runtime Error/Warning: Generated Model with score == 0
[SOKOBAN] Retry . . .
[ 290/488] step= 296960 | ep=23873 | return=11.383 | guided%= 88.5 | bc=0.0000 | cumQ=262893 | bc_coef=0.000 | sps=124
[SOKOBAN] Runtime Error/Warning: Not enough free spots (#3) to place 1 player and 2 boxes.
[SOKOBAN] Retry . . .
[SOKOBAN] Runtime Error/Warning: Generated Model with score == 0
[SOKOBAN] Retry . . .
[SOKOBAN] Runtime Error/Warning: Not enough free spots (#3) to place 1 player and 2 boxes.
[SOKOBAN] Retry . . .
[SOKOBAN] Runtime Error/Warning: Not enough free spots (#3) to place 1 player and 2 boxes.
[SOKOBAN] Retry . . .
[SOKOBAN] Runtime Error/Warning: Generated Model with score == 0
[SOKOBAN] Retry . . .
[SOKOBAN] Runtime Error/Warning: Generated Model with score == 0
[SOKOBAN] Retry . . .
[SOKOBAN] Runtime Error/Warning: Not enough free spots (#3) to place 1 player and 2 boxes.
[SOKOBAN] Retry . . .
[SOKOBAN] Runtime Error/Warning: Not enough free spots (#3) to place 1 player and 2 boxes.
[SOKOBAN] Retry . . .
[SOKOBAN] Runtime Error/Warning: Not enough free spots (#3) to place 1 player and 2 boxes.
[SOKOBAN] Retry . . .
[SOKOBAN] Runtime Error/Warning: Generated Model with score == 0
[SOKOBAN] Retry . . .
[SOKOBAN] Runtime Error/Warning: Generated Model with score == 0
[SOKOBAN] Retry . . .
[SOKOBAN] Runtime Error/Warning: Generated Model with score == 0
[SOKOBAN] Retry . . .
[SOKOBAN] Runtime Error/Warning: Generated Model with score == 0
[SOKOBAN] Retry . . .
[ 300/488] step= 307200 | ep=24745 | return=11.340 | guided%= 88.2 | bc=0.0000 | cumQ=272252 | bc_coef=0.000 | sps=124
[SOKOBAN] Runtime Error/Warning: Generated Model with score == 0
[SOKOBAN] Retry . . .
[SOKOBAN] Runtime Error/Warning: Not enough free spots (#3) to place 1 player and 2 boxes.
[SOKOBAN] Retry . . .
[SOKOBAN] Runtime Error/Warning: Not enough free spots (#3) to place 1 player and 2 boxes.
[SOKOBAN] Retry . . .
[SOKOBAN] Runtime Error/Warning: Generated Model with score == 0
[SOKOBAN] Retry . . .
[SOKOBAN] Runtime Error/Warning: Generated Model with score == 0
[SOKOBAN] Retry . . .
[SOKOBAN] Runtime Error/Warning: Generated Model with score == 0
[SOKOBAN] Retry . . .
[SOKOBAN] Runtime Error/Warning: Not enough free spots (#3) to place 1 player and 2 boxes.
[SOKOBAN] Retry . . .
[SOKOBAN] Runtime Error/Warning: Generated Model with score == 0
[SOKOBAN] Retry . . .
[SOKOBAN] Runtime Error/Warning: Generated Model with score == 0
[SOKOBAN] Retry . . .
[ 310/488] step= 317440 | ep=25583 | return=11.298 | guided%= 89.2 | bc=0.0000 | cumQ=281644 | bc_coef=0.000 | sps=124
[SOKOBAN] Runtime Error/Warning: Not enough free spots (#3) to place 1 player and 2 boxes.
[SOKOBAN] Retry . . .
[SOKOBAN] Runtime Error/Warning: Not enough free spots (#3) to place 1 player and 2 boxes.
[SOKOBAN] Retry . . .
[SOKOBAN] Runtime Error/Warning: Not enough free spots (#3) to place 1 player and 2 boxes.
[SOKOBAN] Retry . . .
[SOKOBAN] Runtime Error/Warning: Generated Model with score == 0
[SOKOBAN] Retry . . .
[SOKOBAN] Runtime Error/Warning: Generated Model with score == 0
[SOKOBAN] Retry . . .
[SOKOBAN] Runtime Error/Warning: Generated Model with score == 0
[SOKOBAN] Retry . . .
[SOKOBAN] Runtime Error/Warning: Generated Model with score == 0
[SOKOBAN] Retry . . .
[SOKOBAN] Runtime Error/Warning: Generated Model with score == 0
[SOKOBAN] Retry . . .
[SOKOBAN] Runtime Error/Warning: Generated Model with score == 0
[SOKOBAN] Retry . . .
[SOKOBAN] Runtime Error/Warning: Not enough free spots (#3) to place 1 player and 2 boxes.
[SOKOBAN] Retry . . .
[SOKOBAN] Runtime Error/Warning: Generated Model with score == 0
[SOKOBAN] Retry . . .
[SOKOBAN] Runtime Error/Warning: Not enough free spots (#3) to place 1 player and 2 boxes.
[SOKOBAN] Retry . . .
[SOKOBAN] Runtime Error/Warning: Generated Model with score == 0
[SOKOBAN] Retry . . .
[SOKOBAN] Runtime Error/Warning: Generated Model with score == 0
[SOKOBAN] Retry . . .
[SOKOBAN] Runtime Error/Warning: Generated Model with score == 0
[SOKOBAN] Retry . . .
[SOKOBAN] Runtime Error/Warning: Generated Model with score == 0
[SOKOBAN] Retry . . .
[SOKOBAN] Runtime Error/Warning: Generated Model with score == 0
[SOKOBAN] Retry . . .
[SOKOBAN] Runtime Error/Warning: Generated Model with score == 0
[SOKOBAN] Retry . . .
[SOKOBAN] Runtime Error/Warning: Generated Model with score == 0
[SOKOBAN] Retry . . .
[ 320/488] step= 327680 | ep=26429 | return=11.234 | guided%= 90.0 | bc=0.0000 | cumQ=291029 | bc_coef=0.000 | sps=124
[SOKOBAN] Runtime Error/Warning: Generated Model with score == 0
[SOKOBAN] Retry . . .
[SOKOBAN] Runtime Error/Warning: Generated Model with score == 0
[SOKOBAN] Retry . . .
[SOKOBAN] Runtime Error/Warning: Generated Model with score == 0
[SOKOBAN] Retry . . .
[SOKOBAN] Runtime Error/Warning: Generated Model with score == 0
[SOKOBAN] Retry . . .
[SOKOBAN] Runtime Error/Warning: Generated Model with score == 0
[SOKOBAN] Retry . . .
[SOKOBAN] Runtime Error/Warning: Not enough free spots (#3) to place 1 player and 2 boxes.
[SOKOBAN] Retry . . .
[SOKOBAN] Runtime Error/Warning: Not enough free spots (#3) to place 1 player and 2 boxes.
[SOKOBAN] Retry . . .
[ 330/488] step= 337920 | ep=27296 | return=11.367 | guided%= 88.6 | bc=0.0000 | cumQ=300402 | bc_coef=0.000 | sps=124
[SOKOBAN] Runtime Error/Warning: Generated Model with score == 0
[SOKOBAN] Retry . . .
[SOKOBAN] Runtime Error/Warning: Generated Model with score == 0
[SOKOBAN] Retry . . .
[SOKOBAN] Runtime Error/Warning: Generated Model with score == 0
[SOKOBAN] Retry . . .
[SOKOBAN] Runtime Error/Warning: Generated Model with score == 0
[SOKOBAN] Retry . . .
[SOKOBAN] Runtime Error/Warning: Generated Model with score == 0
[SOKOBAN] Retry . . .
[SOKOBAN] Runtime Error/Warning: Not enough free spots (#3) to place 1 player and 2 boxes.
[SOKOBAN] Retry . . .
[SOKOBAN] Runtime Error/Warning: Not enough free spots (#3) to place 1 player and 2 boxes.
[SOKOBAN] Retry . . .
[SOKOBAN] Runtime Error/Warning: Not enough free spots (#3) to place 1 player and 2 boxes.
[SOKOBAN] Retry . . .
[SOKOBAN] Runtime Error/Warning: Not enough free spots (#3) to place 1 player and 2 boxes.
[SOKOBAN] Retry . . .
[SOKOBAN] Runtime Error/Warning: Not enough free spots (#3) to place 1 player and 2 boxes.
[SOKOBAN] Retry . . .
[SOKOBAN] Runtime Error/Warning: Generated Model with score == 0
[SOKOBAN] Retry . . .
[SOKOBAN] Runtime Error/Warning: Generated Model with score == 0
[SOKOBAN] Retry . . .
[SOKOBAN] Runtime Error/Warning: Not enough free spots (#3) to place 1 player and 2 boxes.
[SOKOBAN] Retry . . .
[SOKOBAN] Runtime Error/Warning: Not enough free spots (#3) to place 1 player and 2 boxes.
[SOKOBAN] Retry . . .
[SOKOBAN] Runtime Error/Warning: Generated Model with score == 0
[SOKOBAN] Retry . . .
[ 340/488] step= 348160 | ep=28151 | return=11.281 | guided%= 89.1 | bc=0.0000 | cumQ=309785 | bc_coef=0.000 | sps=124
[SOKOBAN] Runtime Error/Warning: Generated Model with score == 0
[SOKOBAN] Retry . . .
[SOKOBAN] Runtime Error/Warning: Generated Model with score == 0
[SOKOBAN] Retry . . .
[SOKOBAN] Runtime Error/Warning: Generated Model with score == 0
[SOKOBAN] Retry . . .
[SOKOBAN] Runtime Error/Warning: Not enough free spots (#3) to place 1 player and 2 boxes.
[SOKOBAN] Retry . . .
[SOKOBAN] Runtime Error/Warning: Generated Model with score == 0
[SOKOBAN] Retry . . .
[SOKOBAN] Runtime Error/Warning: Not enough free spots (#3) to place 1 player and 2 boxes.
[SOKOBAN] Retry . . .
[SOKOBAN] Runtime Error/Warning: Generated Model with score == 0
[SOKOBAN] Retry . . .
[SOKOBAN] Runtime Error/Warning: Generated Model with score == 0
[SOKOBAN] Retry . . .
[SOKOBAN] Runtime Error/Warning: Generated Model with score == 0
[SOKOBAN] Retry . . .
[SOKOBAN] Runtime Error/Warning: Generated Model with score == 0
[SOKOBAN] Retry . . .
[SOKOBAN] Runtime Error/Warning: Generated Model with score == 0
[SOKOBAN] Retry . . .
[SOKOBAN] Runtime Error/Warning: Not enough free spots (#3) to place 1 player and 2 boxes.
[SOKOBAN] Retry . . .
[ 350/488] step= 358400 | ep=29004 | return=11.229 | guided%= 89.3 | bc=0.0000 | cumQ=319170 | bc_coef=0.000 | sps=124
[SOKOBAN] Runtime Error/Warning: Generated Model with score == 0
[SOKOBAN] Retry . . .
[SOKOBAN] Runtime Error/Warning: Not enough free spots (#3) to place 1 player and 2 boxes.
[SOKOBAN] Retry . . .
[SOKOBAN] Runtime Error/Warning: Not enough free spots (#3) to place 1 player and 2 boxes.
[SOKOBAN] Retry . . .
[SOKOBAN] Runtime Error/Warning: Generated Model with score == 0
[SOKOBAN] Retry . . .
[SOKOBAN] Runtime Error/Warning: Not enough free spots (#3) to place 1 player and 2 boxes.
[SOKOBAN] Retry . . .
[SOKOBAN] Runtime Error/Warning: Generated Model with score == 0
[SOKOBAN] Retry . . .
[SOKOBAN] Runtime Error/Warning: Not enough free spots (#3) to place 1 player and 2 boxes.
[SOKOBAN] Retry . . .
[SOKOBAN] Runtime Error/Warning: Not enough free spots (#3) to place 1 player and 2 boxes.
[SOKOBAN] Retry . . .
[SOKOBAN] Runtime Error/Warning: Generated Model with score == 0
[SOKOBAN] Retry . . .
[SOKOBAN] Runtime Error/Warning: Not enough free spots (#3) to place 1 player and 2 boxes.
[SOKOBAN] Retry . . .
[SOKOBAN] Runtime Error/Warning: Generated Model with score == 0
[SOKOBAN] Retry . . .
[SOKOBAN] Runtime Error/Warning: Generated Model with score == 0
[SOKOBAN] Retry . . .
[SOKOBAN] Runtime Error/Warning: Generated Model with score == 0
[SOKOBAN] Retry . . .
[SOKOBAN] Runtime Error/Warning: Generated Model with score == 0
[SOKOBAN] Retry . . .
[ 360/488] step= 368640 | ep=29877 | return=11.270 | guided%= 89.1 | bc=0.0000 | cumQ=328536 | bc_coef=0.000 | sps=124
[SOKOBAN] Runtime Error/Warning: Generated Model with score == 0
[SOKOBAN] Retry . . .
[SOKOBAN] Runtime Error/Warning: Generated Model with score == 0
[SOKOBAN] Retry . . .
[SOKOBAN] Runtime Error/Warning: Not enough free spots (#3) to place 1 player and 2 boxes.
[SOKOBAN] Retry . . .
[SOKOBAN] Runtime Error/Warning: Not enough free spots (#3) to place 1 player and 2 boxes.
[SOKOBAN] Retry . . .
[SOKOBAN] Runtime Error/Warning: Generated Model with score == 0
[SOKOBAN] Retry . . .
[SOKOBAN] Runtime Error/Warning: Generated Model with score == 0
[SOKOBAN] Retry . . .
[SOKOBAN] Runtime Error/Warning: Generated Model with score == 0
[SOKOBAN] Retry . . .
[ 370/488] step= 378880 | ep=30757 | return=11.266 | guided%= 89.6 | bc=0.0000 | cumQ=337896 | bc_coef=0.000 | sps=123
[SOKOBAN] Runtime Error/Warning: Generated Model with score == 0
[SOKOBAN] Retry . . .
[SOKOBAN] Runtime Error/Warning: Generated Model with score == 0
[SOKOBAN] Retry . . .
[SOKOBAN] Runtime Error/Warning: Not enough free spots (#3) to place 1 player and 2 boxes.
[SOKOBAN] Retry . . .
[SOKOBAN] Runtime Error/Warning: Generated Model with score == 0
[SOKOBAN] Retry . . .
[SOKOBAN] Runtime Error/Warning: Generated Model with score == 0
[SOKOBAN] Retry . . .
[SOKOBAN] Runtime Error/Warning: Generated Model with score == 0
[SOKOBAN] Retry . . .
[SOKOBAN] Runtime Error/Warning: Not enough free spots (#3) to place 1 player and 2 boxes.
[SOKOBAN] Retry . . .
[SOKOBAN] Runtime Error/Warning: Not enough free spots (#3) to place 1 player and 2 boxes.
[SOKOBAN] Retry . . .
[ 380/488] step= 389120 | ep=31614 | return=11.349 | guided%= 88.5 | bc=0.0000 | cumQ=347278 | bc_coef=0.000 | sps=123
[SOKOBAN] Runtime Error/Warning: Not enough free spots (#3) to place 1 player and 2 boxes.
[SOKOBAN] Retry . . .
[SOKOBAN] Runtime Error/Warning: Generated Model with score == 0
[SOKOBAN] Retry . . .
[SOKOBAN] Runtime Error/Warning: Generated Model with score == 0
[SOKOBAN] Retry . . .
[SOKOBAN] Runtime Error/Warning: Generated Model with score == 0
[SOKOBAN] Retry . . .
[SOKOBAN] Runtime Error/Warning: Not enough free spots (#3) to place 1 player and 2 boxes.
[SOKOBAN] Retry . . .
[SOKOBAN] Runtime Error/Warning: Generated Model with score == 0
[SOKOBAN] Retry . . .
[SOKOBAN] Runtime Error/Warning: Generated Model with score == 0
[SOKOBAN] Retry . . .
[SOKOBAN] Runtime Error/Warning: Generated Model with score == 0
[SOKOBAN] Retry . . .
[SOKOBAN] Runtime Error/Warning: Generated Model with score == 0
[SOKOBAN] Retry . . .
[SOKOBAN] Runtime Error/Warning: Generated Model with score == 0
[SOKOBAN] Retry . . .
[SOKOBAN] Runtime Error/Warning: Generated Model with score == 0
[SOKOBAN] Retry . . .
[SOKOBAN] Runtime Error/Warning: Generated Model with score == 0
[SOKOBAN] Retry . . .
[SOKOBAN] Runtime Error/Warning: Generated Model with score == 0
[SOKOBAN] Retry . . .
[SOKOBAN] Runtime Error/Warning: Generated Model with score == 0
[SOKOBAN] Retry . . .
[SOKOBAN] Runtime Error/Warning: Generated Model with score == 0
[SOKOBAN] Retry . . .
[SOKOBAN] Runtime Error/Warning: Generated Model with score == 0
[SOKOBAN] Retry . . .
[SOKOBAN] Runtime Error/Warning: Generated Model with score == 0
[SOKOBAN] Retry . . .
[SOKOBAN] Runtime Error/Warning: Generated Model with score == 0
[SOKOBAN] Retry . . .
[ 390/488] step= 399360 | ep=32455 | return=11.197 | guided%= 89.7 | bc=0.0000 | cumQ=356678 | bc_coef=0.000 | sps=123
[SOKOBAN] Runtime Error/Warning: Generated Model with score == 0
[SOKOBAN] Retry . . .
[SOKOBAN] Runtime Error/Warning: Not enough free spots (#3) to place 1 player and 2 boxes.
[SOKOBAN] Retry . . .
[SOKOBAN] Runtime Error/Warning: Not enough free spots (#3) to place 1 player and 2 boxes.
[SOKOBAN] Retry . . .
[SOKOBAN] Runtime Error/Warning: Not enough free spots (#3) to place 1 player and 2 boxes.
[SOKOBAN] Retry . . .
[SOKOBAN] Runtime Error/Warning: Generated Model with score == 0
[SOKOBAN] Retry . . .
[SOKOBAN] Runtime Error/Warning: Generated Model with score == 0
[SOKOBAN] Retry . . .
[SOKOBAN] Runtime Error/Warning: Not enough free spots (#3) to place 1 player and 2 boxes.
[SOKOBAN] Retry . . .
[SOKOBAN] Runtime Error/Warning: Generated Model with score == 0
[SOKOBAN] Retry . . .
[SOKOBAN] Runtime Error/Warning: Not enough free spots (#3) to place 1 player and 2 boxes.
[SOKOBAN] Retry . . .
[SOKOBAN] Runtime Error/Warning: Not enough free spots (#3) to place 1 player and 2 boxes.
[SOKOBAN] Retry . . .
[SOKOBAN] Runtime Error/Warning: Not enough free spots (#3) to place 1 player and 2 boxes.
[SOKOBAN] Retry . . .
[SOKOBAN] Runtime Error/Warning: Generated Model with score == 0
[SOKOBAN] Retry . . .
[SOKOBAN] Runtime Error/Warning: Not enough free spots (#3) to place 1 player and 2 boxes.
[SOKOBAN] Retry . . .
[SOKOBAN] Runtime Error/Warning: Generated Model with score == 0
[SOKOBAN] Retry . . .
[ 400/488] step= 409600 | ep=33319 | return=11.354 | guided%= 89.0 | bc=0.0000 | cumQ=366054 | bc_coef=0.000 | sps=123
[SOKOBAN] Runtime Error/Warning: Not enough free spots (#3) to place 1 player and 2 boxes.
[SOKOBAN] Retry . . .
[SOKOBAN] Runtime Error/Warning: Not enough free spots (#3) to place 1 player and 2 boxes.
[SOKOBAN] Retry . . .
[SOKOBAN] Runtime Error/Warning: Not enough free spots (#3) to place 1 player and 2 boxes.
[SOKOBAN] Retry . . .
[SOKOBAN] Runtime Error/Warning: Not enough free spots (#3) to place 1 player and 2 boxes.
[SOKOBAN] Retry . . .
[SOKOBAN] Runtime Error/Warning: Not enough free spots (#3) to place 1 player and 2 boxes.
[SOKOBAN] Retry . . .
[SOKOBAN] Runtime Error/Warning: Generated Model with score == 0
[SOKOBAN] Retry . . .
[SOKOBAN] Runtime Error/Warning: Generated Model with score == 0
[SOKOBAN] Retry . . .
[SOKOBAN] Runtime Error/Warning: Generated Model with score == 0
[SOKOBAN] Retry . . .
[SOKOBAN] Runtime Error/Warning: Generated Model with score == 0
[SOKOBAN] Retry . . .
[SOKOBAN] Runtime Error/Warning: Generated Model with score == 0
[SOKOBAN] Retry . . .
[SOKOBAN] Runtime Error/Warning: Not enough free spots (#3) to place 1 player and 2 boxes.
[SOKOBAN] Retry . . .
[ 410/488] step= 419840 | ep=34178 | return=11.270 | guided%= 89.7 | bc=0.0000 | cumQ=375435 | bc_coef=0.000 | sps=122
[SOKOBAN] Runtime Error/Warning: Not enough free spots (#3) to place 1 player and 2 boxes.
[SOKOBAN] Retry . . .
[SOKOBAN] Runtime Error/Warning: Not enough free spots (#3) to place 1 player and 2 boxes.
[SOKOBAN] Retry . . .
[SOKOBAN] Runtime Error/Warning: Not enough free spots (#3) to place 1 player and 2 boxes.
[SOKOBAN] Retry . . .
[SOKOBAN] Runtime Error/Warning: Generated Model with score == 0
[SOKOBAN] Retry . . .
[SOKOBAN] Runtime Error/Warning: Not enough free spots (#3) to place 1 player and 2 boxes.
[SOKOBAN] Retry . . .
[SOKOBAN] Runtime Error/Warning: Generated Model with score == 0
[SOKOBAN] Retry . . .
[SOKOBAN] Runtime Error/Warning: Not enough free spots (#3) to place 1 player and 2 boxes.
[SOKOBAN] Retry . . .
[SOKOBAN] Runtime Error/Warning: Not enough free spots (#3) to place 1 player and 2 boxes.
[SOKOBAN] Retry . . .
[SOKOBAN] Runtime Error/Warning: Not enough free spots (#3) to place 1 player and 2 boxes.
[SOKOBAN] Retry . . .
[SOKOBAN] Runtime Error/Warning: Generated Model with score == 0
[SOKOBAN] Retry . . .
[SOKOBAN] Runtime Error/Warning: Generated Model with score == 0
[SOKOBAN] Retry . . .
[ 420/488] step= 430080 | ep=35034 | return=11.305 | guided%= 88.9 | bc=0.0000 | cumQ=384816 | bc_coef=0.000 | sps=122
[SOKOBAN] Runtime Error/Warning: Generated Model with score == 0
[SOKOBAN] Retry . . .
[SOKOBAN] Runtime Error/Warning: Generated Model with score == 0
[SOKOBAN] Retry . . .
[SOKOBAN] Runtime Error/Warning: Generated Model with score == 0
[SOKOBAN] Retry . . .
[SOKOBAN] Runtime Error/Warning: Generated Model with score == 0
[SOKOBAN] Retry . . .
[SOKOBAN] Runtime Error/Warning: Generated Model with score == 0
[SOKOBAN] Retry . . .
[SOKOBAN] Runtime Error/Warning: Generated Model with score == 0
[SOKOBAN] Retry . . .
[SOKOBAN] Runtime Error/Warning: Not enough free spots (#3) to place 1 player and 2 boxes.
[SOKOBAN] Retry . . .
[SOKOBAN] Runtime Error/Warning: Not enough free spots (#3) to place 1 player and 2 boxes.
[SOKOBAN] Retry . . .
[SOKOBAN] Runtime Error/Warning: Generated Model with score == 0
[SOKOBAN] Retry . . .
[SOKOBAN] Runtime Error/Warning: Generated Model with score == 0
[SOKOBAN] Retry . . .
[SOKOBAN] Runtime Error/Warning: Generated Model with score == 0
[SOKOBAN] Retry . . .
[SOKOBAN] Runtime Error/Warning: Generated Model with score == 0
[SOKOBAN] Retry . . .
[ 430/488] step= 440320 | ep=35892 | return=11.257 | guided%= 89.6 | bc=0.0000 | cumQ=394194 | bc_coef=0.000 | sps=122
[SOKOBAN] Runtime Error/Warning: Generated Model with score == 0
[SOKOBAN] Retry . . .
[SOKOBAN] Runtime Error/Warning: Generated Model with score == 0
[SOKOBAN] Retry . . .
[SOKOBAN] Runtime Error/Warning: Generated Model with score == 0
[SOKOBAN] Retry . . .
[SOKOBAN] Runtime Error/Warning: Generated Model with score == 0
[SOKOBAN] Retry . . .
[SOKOBAN] Runtime Error/Warning: Not enough free spots (#3) to place 1 player and 2 boxes.
[SOKOBAN] Retry . . .
[SOKOBAN] Runtime Error/Warning: Generated Model with score == 0
[SOKOBAN] Retry . . .
[SOKOBAN] Runtime Error/Warning: Not enough free spots (#3) to place 1 player and 2 boxes.
[SOKOBAN] Retry . . .
[SOKOBAN] Runtime Error/Warning: Not enough free spots (#3) to place 1 player and 2 boxes.
[SOKOBAN] Retry . . .
[SOKOBAN] Runtime Error/Warning: Generated Model with score == 0
[SOKOBAN] Retry . . .
[SOKOBAN] Runtime Error/Warning: Generated Model with score == 0
[SOKOBAN] Retry . . .
[SOKOBAN] Runtime Error/Warning: Generated Model with score == 0
[SOKOBAN] Retry . . .
[SOKOBAN] Runtime Error/Warning: Generated Model with score == 0
[SOKOBAN] Retry . . .
[SOKOBAN] Runtime Error/Warning: Not enough free spots (#3) to place 1 player and 2 boxes.
[SOKOBAN] Retry . . .
[SOKOBAN] Runtime Error/Warning: Not enough free spots (#3) to place 1 player and 2 boxes.
[SOKOBAN] Retry . . .
[SOKOBAN] Runtime Error/Warning: Generated Model with score == 0
[SOKOBAN] Retry . . .
[SOKOBAN] Runtime Error/Warning: Generated Model with score == 0
[SOKOBAN] Retry . . .
[ 440/488] step= 450560 | ep=36745 | return=11.217 | guided%= 89.8 | bc=0.0000 | cumQ=403579 | bc_coef=0.000 | sps=122
[SOKOBAN] Runtime Error/Warning: Generated Model with score == 0
[SOKOBAN] Retry . . .
[SOKOBAN] Runtime Error/Warning: Generated Model with score == 0
[SOKOBAN] Retry . . .
[SOKOBAN] Runtime Error/Warning: Generated Model with score == 0
[SOKOBAN] Retry . . .
[SOKOBAN] Runtime Error/Warning: Generated Model with score == 0
[SOKOBAN] Retry . . .
[SOKOBAN] Runtime Error/Warning: Not enough free spots (#3) to place 1 player and 2 boxes.
[SOKOBAN] Retry . . .
[SOKOBAN] Runtime Error/Warning: Generated Model with score == 0
[SOKOBAN] Retry . . .
[SOKOBAN] Runtime Error/Warning: Generated Model with score == 0
[SOKOBAN] Retry . . .
[SOKOBAN] Runtime Error/Warning: Generated Model with score == 0
[SOKOBAN] Retry . . .
[ 450/488] step= 460800 | ep=37592 | return=11.294 | guided%= 89.3 | bc=0.0000 | cumQ=412971 | bc_coef=0.000 | sps=122
[SOKOBAN] Runtime Error/Warning: Generated Model with score == 0
[SOKOBAN] Retry . . .
[SOKOBAN] Runtime Error/Warning: Generated Model with score == 0
[SOKOBAN] Retry . . .
[SOKOBAN] Runtime Error/Warning: Not enough free spots (#3) to place 1 player and 2 boxes.
[SOKOBAN] Retry . . .
[SOKOBAN] Runtime Error/Warning: Generated Model with score == 0
[SOKOBAN] Retry . . .
[SOKOBAN] Runtime Error/Warning: Generated Model with score == 0
[SOKOBAN] Retry . . .
[SOKOBAN] Runtime Error/Warning: Not enough free spots (#3) to place 1 player and 2 boxes.
[SOKOBAN] Retry . . .
[SOKOBAN] Runtime Error/Warning: Not enough free spots (#3) to place 1 player and 2 boxes.
[SOKOBAN] Retry . . .
[SOKOBAN] Runtime Error/Warning: Generated Model with score == 0
[SOKOBAN] Retry . . .
[SOKOBAN] Runtime Error/Warning: Generated Model with score == 0
[SOKOBAN] Retry . . .
[SOKOBAN] Runtime Error/Warning: Generated Model with score == 0
[SOKOBAN] Retry . . .
[SOKOBAN] Runtime Error/Warning: Generated Model with score == 0
[SOKOBAN] Retry . . .
[SOKOBAN] Runtime Error/Warning: Not enough free spots (#3) to place 1 player and 2 boxes.
[SOKOBAN] Retry . . .
[SOKOBAN] Runtime Error/Warning: Generated Model with score == 0
[SOKOBAN] Retry . . .
[SOKOBAN] Runtime Error/Warning: Generated Model with score == 0
[SOKOBAN] Retry . . .
[SOKOBAN] Runtime Error/Warning: Generated Model with score == 0
[SOKOBAN] Retry . . .
[SOKOBAN] Runtime Error/Warning: Generated Model with score == 0
[SOKOBAN] Retry . . .
[ 460/488] step= 471040 | ep=38440 | return=11.239 | guided%= 88.8 | bc=0.0000 | cumQ=422363 | bc_coef=0.000 | sps=122
[SOKOBAN] Runtime Error/Warning: Not enough free spots (#3) to place 1 player and 2 boxes.
[SOKOBAN] Retry . . .
[SOKOBAN] Runtime Error/Warning: Generated Model with score == 0
[SOKOBAN] Retry . . .
[SOKOBAN] Runtime Error/Warning: Not enough free spots (#3) to place 1 player and 2 boxes.
[SOKOBAN] Retry . . .
[SOKOBAN] Runtime Error/Warning: Generated Model with score == 0
[SOKOBAN] Retry . . .
[SOKOBAN] Runtime Error/Warning: Generated Model with score == 0
[SOKOBAN] Retry . . .
[SOKOBAN] Runtime Error/Warning: Generated Model with score == 0
[SOKOBAN] Retry . . .
[SOKOBAN] Runtime Error/Warning: Generated Model with score == 0
[SOKOBAN] Retry . . .
[SOKOBAN] Runtime Error/Warning: Not enough free spots (#3) to place 1 player and 2 boxes.
[SOKOBAN] Retry . . .
[SOKOBAN] Runtime Error/Warning: Not enough free spots (#3) to place 1 player and 2 boxes.
[SOKOBAN] Retry . . .
[SOKOBAN] Runtime Error/Warning: Generated Model with score == 0
[SOKOBAN] Retry . . .
[SOKOBAN] Runtime Error/Warning: Generated Model with score == 0
[SOKOBAN] Retry . . .
[SOKOBAN] Runtime Error/Warning: Generated Model with score == 0
[SOKOBAN] Retry . . .
[ 470/488] step= 481280 | ep=39287 | return=11.203 | guided%= 90.2 | bc=0.0000 | cumQ=431758 | bc_coef=0.000 | sps=122
[SOKOBAN] Runtime Error/Warning: Generated Model with score == 0
[SOKOBAN] Retry . . .
[SOKOBAN] Runtime Error/Warning: Generated Model with score == 0
[SOKOBAN] Retry . . .
[SOKOBAN] Runtime Error/Warning: Generated Model with score == 0
[SOKOBAN] Retry . . .
[SOKOBAN] Runtime Error/Warning: Generated Model with score == 0
[SOKOBAN] Retry . . .
[SOKOBAN] Runtime Error/Warning: Generated Model with score == 0
[SOKOBAN] Retry . . .
[SOKOBAN] Runtime Error/Warning: Not enough free spots (#3) to place 1 player and 2 boxes.
[SOKOBAN] Retry . . .
[SOKOBAN] Runtime Error/Warning: Generated Model with score == 0
[SOKOBAN] Retry . . .
[SOKOBAN] Runtime Error/Warning: Not enough free spots (#3) to place 1 player and 2 boxes.
[SOKOBAN] Retry . . .
[SOKOBAN] Runtime Error/Warning: Not enough free spots (#3) to place 1 player and 2 boxes.
[SOKOBAN] Retry . . .
[SOKOBAN] Runtime Error/Warning: Generated Model with score == 0
[SOKOBAN] Retry . . .
[ 480/488] step= 491520 | ep=40166 | return=11.332 | guided%= 88.3 | bc=0.0000 | cumQ=441117 | bc_coef=0.000 | sps=122
[SOKOBAN] Runtime Error/Warning: Not enough free spots (#3) to place 1 player and 2 boxes.
[SOKOBAN] Retry . . .
[SOKOBAN] Runtime Error/Warning: Generated Model with score == 0
[SOKOBAN] Retry . . .
[SOKOBAN] Runtime Error/Warning: Not enough free spots (#3) to place 1 player and 2 boxes.
[SOKOBAN] Retry . . .
[SOKOBAN] Runtime Error/Warning: Generated Model with score == 0
[SOKOBAN] Retry . . .
[SOKOBAN] Runtime Error/Warning: Generated Model with score == 0
[SOKOBAN] Retry . . .
[SOKOBAN] Runtime Error/Warning: Generated Model with score == 0
[SOKOBAN] Retry . . .
Saved → checkpoints/baseline__Sokoban-small-v0__seed1__1778149804.pt
Generating plots...
Plots → figures/baseline__Sokoban-small-v0__seed1__1778149804.png
End: jeu 07 mai 2026 13:38:08 CEST
