=== Job 2872704 — exp=oracle_paid_01 seed=1 ===
Node: i12
Start: jeu 07 mai 2026 12:19:10 CEST
Saved → figures/oracle_paid_01__Sokoban-small-v0__seed1__1778149174.png
Run: oracle_paid_01__Sokoban-small-v0__seed1__1778149174
  device=cuda, batch=1024, updates=488
  CSV → logs/oracle_paid_01__Sokoban-small-v0__seed1__1778149174.csv
  obs=(84, 84, 3), n_actions=10, query_action=9
  params=1,687,723
[   1/488] step=   1024 | ep=   20 | return=-1.365 | guided%= 12.9 | bc=0.0000 | cumQ=   107 | bc_coef=0.000 | sps=71
[SOKOBAN] Runtime Error/Warning: Not enough free spots (#3) to place 1 player and 2 boxes.
[SOKOBAN] Retry . . .
  *** First unguided success — episode 69 ***
[SOKOBAN] Runtime Error/Warning: Generated Model with score == 0
[SOKOBAN] Retry . . .
[SOKOBAN] Runtime Error/Warning: Not enough free spots (#3) to place 1 player and 2 boxes.
[SOKOBAN] Retry . . .
[  10/488] step=  10240 | ep=  239 | return= 5.465 | guided%= 36.3 | bc=0.0000 | cumQ=  2290 | bc_coef=0.000 | sps=131
[SOKOBAN] Runtime Error/Warning: Generated Model with score == 0
[SOKOBAN] Retry . . .
[SOKOBAN] Runtime Error/Warning: Generated Model with score == 0
[SOKOBAN] Retry . . .
[SOKOBAN] Runtime Error/Warning: Not enough free spots (#3) to place 1 player and 2 boxes.
[SOKOBAN] Retry . . .
[SOKOBAN] Runtime Error/Warning: Generated Model with score == 0
[SOKOBAN] Retry . . .
[SOKOBAN] Runtime Error/Warning: Not enough free spots (#3) to place 1 player and 2 boxes.
[SOKOBAN] Retry . . .
[SOKOBAN] Runtime Error/Warning: Not enough free spots (#3) to place 1 player and 2 boxes.
[SOKOBAN] Retry . . .
[SOKOBAN] Runtime Error/Warning: Not enough free spots (#3) to place 1 player and 2 boxes.
[SOKOBAN] Retry . . .
[SOKOBAN] Runtime Error/Warning: Generated Model with score == 0
[SOKOBAN] Retry . . .
[SOKOBAN] Runtime Error/Warning: Not enough free spots (#3) to place 1 player and 2 boxes.
[SOKOBAN] Retry . . .
[SOKOBAN] Runtime Error/Warning: Generated Model with score == 0
[SOKOBAN] Retry . . .
[SOKOBAN] Runtime Error/Warning: Not enough free spots (#3) to place 1 player and 2 boxes.
[SOKOBAN] Retry . . .
[SOKOBAN] Runtime Error/Warning: Generated Model with score == 0
[SOKOBAN] Retry . . .
[SOKOBAN] Runtime Error/Warning: Generated Model with score == 0
[SOKOBAN] Retry . . .
[SOKOBAN] Runtime Error/Warning: Generated Model with score == 0
[SOKOBAN] Retry . . .
[SOKOBAN] Runtime Error/Warning: Not enough free spots (#3) to place 1 player and 2 boxes.
[SOKOBAN] Retry . . .
[  20/488] step=  20480 | ep=  921 | return=10.610 | guided%= 81.3 | bc=0.0000 | cumQ=  9596 | bc_coef=0.000 | sps=129
[SOKOBAN] Runtime Error/Warning: Generated Model with score == 0
[SOKOBAN] Retry . . .
[SOKOBAN] Runtime Error/Warning: Generated Model with score == 0
[SOKOBAN] Retry . . .
[SOKOBAN] Runtime Error/Warning: Generated Model with score == 0
[SOKOBAN] Retry . . .
[SOKOBAN] Runtime Error/Warning: Not enough free spots (#3) to place 1 player and 2 boxes.
[SOKOBAN] Retry . . .
[SOKOBAN] Runtime Error/Warning: Generated Model with score == 0
[SOKOBAN] Retry . . .
[SOKOBAN] Runtime Error/Warning: Generated Model with score == 0
[SOKOBAN] Retry . . .
[SOKOBAN] Runtime Error/Warning: Not enough free spots (#3) to place 1 player and 2 boxes.
[SOKOBAN] Retry . . .
[SOKOBAN] Runtime Error/Warning: Generated Model with score == 0
[SOKOBAN] Retry . . .
[SOKOBAN] Runtime Error/Warning: Generated Model with score == 0
[SOKOBAN] Retry . . .
[SOKOBAN] Runtime Error/Warning: Generated Model with score == 0
[SOKOBAN] Retry . . .
[SOKOBAN] Runtime Error/Warning: Generated Model with score == 0
[SOKOBAN] Retry . . .
[SOKOBAN] Runtime Error/Warning: Not enough free spots (#3) to place 1 player and 2 boxes.
[SOKOBAN] Retry . . .
[  30/488] step=  30720 | ep= 1733 | return=10.861 | guided%= 84.3 | bc=0.0000 | cumQ= 18458 | bc_coef=0.000 | sps=128
[SOKOBAN] Runtime Error/Warning: Generated Model with score == 0
[SOKOBAN] Retry . . .
[SOKOBAN] Runtime Error/Warning: Generated Model with score == 0
[SOKOBAN] Retry . . .
[SOKOBAN] Runtime Error/Warning: Generated Model with score == 0
[SOKOBAN] Retry . . .
[SOKOBAN] Runtime Error/Warning: Generated Model with score == 0
[SOKOBAN] Retry . . .
[SOKOBAN] Runtime Error/Warning: Not enough free spots (#3) to place 1 player and 2 boxes.
[SOKOBAN] Retry . . .
[SOKOBAN] Runtime Error/Warning: Not enough free spots (#3) to place 1 player and 2 boxes.
[SOKOBAN] Retry . . .
[SOKOBAN] Runtime Error/Warning: Generated Model with score == 0
[SOKOBAN] Retry . . .
[  40/488] step=  40960 | ep= 2538 | return=11.050 | guided%= 85.6 | bc=0.0000 | cumQ= 27489 | bc_coef=0.000 | sps=128
[SOKOBAN] Runtime Error/Warning: Generated Model with score == 0
[SOKOBAN] Retry . . .
[SOKOBAN] Runtime Error/Warning: Not enough free spots (#3) to place 1 player and 2 boxes.
[SOKOBAN] Retry . . .
[SOKOBAN] Runtime Error/Warning: Generated Model with score == 0
[SOKOBAN] Retry . . .
[SOKOBAN] Runtime Error/Warning: Generated Model with score == 0
[SOKOBAN] Retry . . .
[SOKOBAN] Runtime Error/Warning: Not enough free spots (#3) to place 1 player and 2 boxes.
[SOKOBAN] Retry . . .
[SOKOBAN] Runtime Error/Warning: Generated Model with score == 0
[SOKOBAN] Retry . . .
[SOKOBAN] Runtime Error/Warning: Generated Model with score == 0
[SOKOBAN] Retry . . .
[SOKOBAN] Runtime Error/Warning: Not enough free spots (#3) to place 1 player and 2 boxes.
[SOKOBAN] Retry . . .
[SOKOBAN] Runtime Error/Warning: Not enough free spots (#3) to place 1 player and 2 boxes.
[SOKOBAN] Retry . . .
[  50/488] step=  51200 | ep= 3360 | return=11.027 | guided%= 86.1 | bc=0.0000 | cumQ= 36501 | bc_coef=0.000 | sps=126
[SOKOBAN] Runtime Error/Warning: Generated Model with score == 0
[SOKOBAN] Retry . . .
[SOKOBAN] Runtime Error/Warning: Generated Model with score == 0
[SOKOBAN] Retry . . .
[SOKOBAN] Runtime Error/Warning: Generated Model with score == 0
[SOKOBAN] Retry . . .
[SOKOBAN] Runtime Error/Warning: Generated Model with score == 0
[SOKOBAN] Retry . . .
[SOKOBAN] Runtime Error/Warning: Generated Model with score == 0
[SOKOBAN] Retry . . .
[SOKOBAN] Runtime Error/Warning: Generated Model with score == 0
[SOKOBAN] Retry . . .
[SOKOBAN] Runtime Error/Warning: Generated Model with score == 0
[SOKOBAN] Retry . . .
[SOKOBAN] Runtime Error/Warning: Not enough free spots (#3) to place 1 player and 2 boxes.
[SOKOBAN] Retry . . .
[SOKOBAN] Runtime Error/Warning: Generated Model with score == 0
[SOKOBAN] Retry . . .
[SOKOBAN] Runtime Error/Warning: Generated Model with score == 0
[SOKOBAN] Retry . . .
[SOKOBAN] Runtime Error/Warning: Not enough free spots (#3) to place 1 player and 2 boxes.
[SOKOBAN] Retry . . .
[SOKOBAN] Runtime Error/Warning: Not enough free spots (#3) to place 1 player and 2 boxes.
[SOKOBAN] Retry . . .
[SOKOBAN] Runtime Error/Warning: Generated Model with score == 0
[SOKOBAN] Retry . . .
[SOKOBAN] Runtime Error/Warning: Not enough free spots (#3) to place 1 player and 2 boxes.
[SOKOBAN] Retry . . .
[SOKOBAN] Runtime Error/Warning: Not enough free spots (#3) to place 1 player and 2 boxes.
[SOKOBAN] Retry . . .
[SOKOBAN] Runtime Error/Warning: Generated Model with score == 0
[SOKOBAN] Retry . . .
[  60/488] step=  61440 | ep= 4177 | return=11.165 | guided%= 89.4 | bc=0.0000 | cumQ= 45719 | bc_coef=0.000 | sps=126
[SOKOBAN] Runtime Error/Warning: Generated Model with score == 0
[SOKOBAN] Retry . . .
[SOKOBAN] Runtime Error/Warning: Not enough free spots (#3) to place 1 player and 2 boxes.
[SOKOBAN] Retry . . .
[SOKOBAN] Runtime Error/Warning: Generated Model with score == 0
[SOKOBAN] Retry . . .
[SOKOBAN] Runtime Error/Warning: Generated Model with score == 0
[SOKOBAN] Retry . . .
[SOKOBAN] Runtime Error/Warning: Generated Model with score == 0
[SOKOBAN] Retry . . .
[SOKOBAN] Runtime Error/Warning: Not enough free spots (#3) to place 1 player and 2 boxes.
[SOKOBAN] Retry . . .
[SOKOBAN] Runtime Error/Warning: Not enough free spots (#3) to place 1 player and 2 boxes.
[SOKOBAN] Retry . . .
[SOKOBAN] Runtime Error/Warning: Generated Model with score == 0
[SOKOBAN] Retry . . .
[SOKOBAN] Runtime Error/Warning: Generated Model with score == 0
[SOKOBAN] Retry . . .
[SOKOBAN] Runtime Error/Warning: Generated Model with score == 0
[SOKOBAN] Retry . . .
[SOKOBAN] Runtime Error/Warning: Not enough free spots (#3) to place 1 player and 2 boxes.
[SOKOBAN] Retry . . .
[SOKOBAN] Runtime Error/Warning: Generated Model with score == 0
[SOKOBAN] Retry . . .
[SOKOBAN] Runtime Error/Warning: Not enough free spots (#3) to place 1 player and 2 boxes.
[SOKOBAN] Retry . . .
[SOKOBAN] Runtime Error/Warning: Generated Model with score == 0
[SOKOBAN] Retry . . .
[SOKOBAN] Runtime Error/Warning: Generated Model with score == 0
[SOKOBAN] Retry . . .
[  70/488] step=  71680 | ep= 5029 | return=11.159 | guided%= 88.7 | bc=0.0000 | cumQ= 55072 | bc_coef=0.000 | sps=125
[SOKOBAN] Runtime Error/Warning: Generated Model with score == 0
[SOKOBAN] Retry . . .
[SOKOBAN] Runtime Error/Warning: Generated Model with score == 0
[SOKOBAN] Retry . . .
[SOKOBAN] Runtime Error/Warning: Generated Model with score == 0
[SOKOBAN] Retry . . .
[SOKOBAN] Runtime Error/Warning: Not enough free spots (#3) to place 1 player and 2 boxes.
[SOKOBAN] Retry . . .
[  80/488] step=  81920 | ep= 5858 | return=11.086 | guided%= 89.6 | bc=0.0000 | cumQ= 64469 | bc_coef=0.000 | sps=125
[SOKOBAN] Runtime Error/Warning: Generated Model with score == 0
[SOKOBAN] Retry . . .
[SOKOBAN] Runtime Error/Warning: Not enough free spots (#3) to place 1 player and 2 boxes.
[SOKOBAN] Retry . . .
[SOKOBAN] Runtime Error/Warning: Not enough free spots (#3) to place 1 player and 2 boxes.
[SOKOBAN] Retry . . .
[SOKOBAN] Runtime Error/Warning: Generated Model with score == 0
[SOKOBAN] Retry . . .
[SOKOBAN] Runtime Error/Warning: Not enough free spots (#3) to place 1 player and 2 boxes.
[SOKOBAN] Retry . . .
[SOKOBAN] Runtime Error/Warning: Generated Model with score == 0
[SOKOBAN] Retry . . .
[SOKOBAN] Runtime Error/Warning: Generated Model with score == 0
[SOKOBAN] Retry . . .
[SOKOBAN] Runtime Error/Warning: Generated Model with score == 0
[SOKOBAN] Retry . . .
[  90/488] step=  92160 | ep= 6710 | return=11.209 | guided%= 89.1 | bc=0.0000 | cumQ= 73848 | bc_coef=0.000 | sps=125
[SOKOBAN] Runtime Error/Warning: Generated Model with score == 0
[SOKOBAN] Retry . . .
[SOKOBAN] Runtime Error/Warning: Generated Model with score == 0
[SOKOBAN] Retry . . .
[SOKOBAN] Runtime Error/Warning: Generated Model with score == 0
[SOKOBAN] Retry . . .
[SOKOBAN] Runtime Error/Warning: Generated Model with score == 0
[SOKOBAN] Retry . . .
[SOKOBAN] Runtime Error/Warning: Generated Model with score == 0
[SOKOBAN] Retry . . .
[SOKOBAN] Runtime Error/Warning: Not enough free spots (#3) to place 1 player and 2 boxes.
[SOKOBAN] Retry . . .
[SOKOBAN] Runtime Error/Warning: Generated Model with score == 0
[SOKOBAN] Retry . . .
[SOKOBAN] Runtime Error/Warning: Generated Model with score == 0
[SOKOBAN] Retry . . .
[SOKOBAN] Runtime Error/Warning: Generated Model with score == 0
[SOKOBAN] Retry . . .
[ 100/488] step= 102400 | ep= 7543 | return=11.133 | guided%= 89.2 | bc=0.0000 | cumQ= 83247 | bc_coef=0.000 | sps=125
[SOKOBAN] Runtime Error/Warning: Not enough free spots (#3) to place 1 player and 2 boxes.
[SOKOBAN] Retry . . .
[SOKOBAN] Runtime Error/Warning: Generated Model with score == 0
[SOKOBAN] Retry . . .
[SOKOBAN] Runtime Error/Warning: Not enough free spots (#3) to place 1 player and 2 boxes.
[SOKOBAN] Retry . . .
[SOKOBAN] Runtime Error/Warning: Generated Model with score == 0
[SOKOBAN] Retry . . .
[SOKOBAN] Runtime Error/Warning: Not enough free spots (#3) to place 1 player and 2 boxes.
[SOKOBAN] Retry . . .
[SOKOBAN] Runtime Error/Warning: Not enough free spots (#3) to place 1 player and 2 boxes.
[SOKOBAN] Retry . . .
[SOKOBAN] Runtime Error/Warning: Generated Model with score == 0
[SOKOBAN] Retry . . .
[SOKOBAN] Runtime Error/Warning: Generated Model with score == 0
[SOKOBAN] Retry . . .
[SOKOBAN] Runtime Error/Warning: Generated Model with score == 0
[SOKOBAN] Retry . . .
[SOKOBAN] Runtime Error/Warning: Not enough free spots (#3) to place 1 player and 2 boxes.
[SOKOBAN] Retry . . .
[ 110/488] step= 112640 | ep= 8402 | return=11.154 | guided%= 89.2 | bc=0.0000 | cumQ= 92615 | bc_coef=0.000 | sps=125
[SOKOBAN] Runtime Error/Warning: Generated Model with score == 0
[SOKOBAN] Retry . . .
[SOKOBAN] Runtime Error/Warning: Generated Model with score == 0
[SOKOBAN] Retry . . .
[SOKOBAN] Runtime Error/Warning: Generated Model with score == 0
[SOKOBAN] Retry . . .
[SOKOBAN] Runtime Error/Warning: Generated Model with score == 0
[SOKOBAN] Retry . . .
[SOKOBAN] Runtime Error/Warning: Generated Model with score == 0
[SOKOBAN] Retry . . .
[SOKOBAN] Runtime Error/Warning: Not enough free spots (#3) to place 1 player and 2 boxes.
[SOKOBAN] Retry . . .
[SOKOBAN] Runtime Error/Warning: Not enough free spots (#3) to place 1 player and 2 boxes.
[SOKOBAN] Retry . . .
[SOKOBAN] Runtime Error/Warning: Generated Model with score == 0
[SOKOBAN] Retry . . .
[SOKOBAN] Runtime Error/Warning: Generated Model with score == 0
[SOKOBAN] Retry . . .
[SOKOBAN] Runtime Error/Warning: Not enough free spots (#3) to place 1 player and 2 boxes.
[SOKOBAN] Retry . . .
[SOKOBAN] Runtime Error/Warning: Generated Model with score == 0
[SOKOBAN] Retry . . .
[SOKOBAN] Runtime Error/Warning: Generated Model with score == 0
[SOKOBAN] Retry . . .
[SOKOBAN] Runtime Error/Warning: Not enough free spots (#3) to place 1 player and 2 boxes.
[SOKOBAN] Retry . . .
[ 120/488] step= 122880 | ep= 9227 | return=11.144 | guided%= 89.6 | bc=0.0000 | cumQ=102025 | bc_coef=0.000 | sps=125
[SOKOBAN] Runtime Error/Warning: Not enough free spots (#3) to place 1 player and 2 boxes.
[SOKOBAN] Retry . . .
[SOKOBAN] Runtime Error/Warning: Generated Model with score == 0
[SOKOBAN] Retry . . .
[SOKOBAN] Runtime Error/Warning: Generated Model with score == 0
[SOKOBAN] Retry . . .
[SOKOBAN] Runtime Error/Warning: Generated Model with score == 0
[SOKOBAN] Retry . . .
[SOKOBAN] Runtime Error/Warning: Generated Model with score == 0
[SOKOBAN] Retry . . .
[SOKOBAN] Runtime Error/Warning: Not enough free spots (#3) to place 1 player and 2 boxes.
[SOKOBAN] Retry . . .
[SOKOBAN] Runtime Error/Warning: Generated Model with score == 0
[SOKOBAN] Retry . . .
[SOKOBAN] Runtime Error/Warning: Generated Model with score == 0
[SOKOBAN] Retry . . .
[SOKOBAN] Runtime Error/Warning: Generated Model with score == 0
[SOKOBAN] Retry . . .
[SOKOBAN] Runtime Error/Warning: Generated Model with score == 0
[SOKOBAN] Retry . . .
[ 130/488] step= 133120 | ep=10074 | return=11.194 | guided%= 89.3 | bc=0.0000 | cumQ=111409 | bc_coef=0.000 | sps=125
[SOKOBAN] Runtime Error/Warning: Generated Model with score == 0
[SOKOBAN] Retry . . .
[SOKOBAN] Runtime Error/Warning: Generated Model with score == 0
[SOKOBAN] Retry . . .
[SOKOBAN] Runtime Error/Warning: Not enough free spots (#3) to place 1 player and 2 boxes.
[SOKOBAN] Retry . . .
[SOKOBAN] Runtime Error/Warning: Not enough free spots (#3) to place 1 player and 2 boxes.
[SOKOBAN] Retry . . .
[SOKOBAN] Runtime Error/Warning: Generated Model with score == 0
[SOKOBAN] Retry . . .
[SOKOBAN] Runtime Error/Warning: Not enough free spots (#3) to place 1 player and 2 boxes.
[SOKOBAN] Retry . . .
[SOKOBAN] Runtime Error/Warning: Generated Model with score == 0
[SOKOBAN] Retry . . .
[SOKOBAN] Runtime Error/Warning: Not enough free spots (#3) to place 1 player and 2 boxes.
[SOKOBAN] Retry . . .
[SOKOBAN] Runtime Error/Warning: Generated Model with score == 0
[SOKOBAN] Retry . . .
[SOKOBAN] Runtime Error/Warning: Not enough free spots (#3) to place 1 player and 2 boxes.
[SOKOBAN] Retry . . .
[SOKOBAN] Runtime Error/Warning: Generated Model with score == 0
[SOKOBAN] Retry . . .
[SOKOBAN] Runtime Error/Warning: Generated Model with score == 0
[SOKOBAN] Retry . . .
[SOKOBAN] Runtime Error/Warning: Not enough free spots (#3) to place 1 player and 2 boxes.
[SOKOBAN] Retry . . .
[SOKOBAN] Runtime Error/Warning: Generated Model with score == 0
[SOKOBAN] Retry . . .
[SOKOBAN] Runtime Error/Warning: Generated Model with score == 0
[SOKOBAN] Retry . . .
[ 140/488] step= 143360 | ep=10905 | return=11.098 | guided%= 90.2 | bc=0.0000 | cumQ=120813 | bc_coef=0.000 | sps=125
[SOKOBAN] Runtime Error/Warning: Not enough free spots (#3) to place 1 player and 2 boxes.
[SOKOBAN] Retry . . .
[SOKOBAN] Runtime Error/Warning: Not enough free spots (#3) to place 1 player and 2 boxes.
[SOKOBAN] Retry . . .
[SOKOBAN] Runtime Error/Warning: Generated Model with score == 0
[SOKOBAN] Retry . . .
[SOKOBAN] Runtime Error/Warning: Not enough free spots (#3) to place 1 player and 2 boxes.
[SOKOBAN] Retry . . .
[SOKOBAN] Runtime Error/Warning: Generated Model with score == 0
[SOKOBAN] Retry . . .
[SOKOBAN] Runtime Error/Warning: Generated Model with score == 0
[SOKOBAN] Retry . . .
[SOKOBAN] Runtime Error/Warning: Generated Model with score == 0
[SOKOBAN] Retry . . .
[SOKOBAN] Runtime Error/Warning: Not enough free spots (#3) to place 1 player and 2 boxes.
[SOKOBAN] Retry . . .
[SOKOBAN] Runtime Error/Warning: Generated Model with score == 0
[SOKOBAN] Retry . . .
[SOKOBAN] Runtime Error/Warning: Not enough free spots (#3) to place 1 player and 2 boxes.
[SOKOBAN] Retry . . .
[SOKOBAN] Runtime Error/Warning: Generated Model with score == 0
[SOKOBAN] Retry . . .
[ 150/488] step= 153600 | ep=11746 | return=11.117 | guided%= 89.3 | bc=0.0000 | cumQ=130204 | bc_coef=0.000 | sps=125
[SOKOBAN] Runtime Error/Warning: Not enough free spots (#3) to place 1 player and 2 boxes.
[SOKOBAN] Retry . . .
[SOKOBAN] Runtime Error/Warning: Generated Model with score == 0
[SOKOBAN] Retry . . .
[SOKOBAN] Runtime Error/Warning: Not enough free spots (#3) to place 1 player and 2 boxes.
[SOKOBAN] Retry . . .
[SOKOBAN] Runtime Error/Warning: Generated Model with score == 0
[SOKOBAN] Retry . . .
[SOKOBAN] Runtime Error/Warning: Not enough free spots (#3) to place 1 player and 2 boxes.
[SOKOBAN] Retry . . .
[SOKOBAN] Runtime Error/Warning: Generated Model with score == 0
[SOKOBAN] Retry . . .
[SOKOBAN] Runtime Error/Warning: Generated Model with score == 0
[SOKOBAN] Retry . . .
[SOKOBAN] Runtime Error/Warning: Generated Model with score == 0
[SOKOBAN] Retry . . .
[SOKOBAN] Runtime Error/Warning: Not enough free spots (#3) to place 1 player and 2 boxes.
[SOKOBAN] Retry . . .
[SOKOBAN] Runtime Error/Warning: Generated Model with score == 0
[SOKOBAN] Retry . . .
[SOKOBAN] Runtime Error/Warning: Not enough free spots (#3) to place 1 player and 2 boxes.
[SOKOBAN] Retry . . .
[SOKOBAN] Runtime Error/Warning: Generated Model with score == 0
[SOKOBAN] Retry . . .
[SOKOBAN] Runtime Error/Warning: Not enough free spots (#2) to place 1 player and 2 boxes.
[SOKOBAN] Retry . . .
[SOKOBAN] Runtime Error/Warning: Generated Model with score == 0
[SOKOBAN] Retry . . .
[SOKOBAN] Runtime Error/Warning: Generated Model with score == 0
[SOKOBAN] Retry . . .
[SOKOBAN] Runtime Error/Warning: Not enough free spots (#3) to place 1 player and 2 boxes.
[SOKOBAN] Retry . . .
[ 160/488] step= 163840 | ep=12602 | return=11.137 | guided%= 89.3 | bc=0.0000 | cumQ=139583 | bc_coef=0.000 | sps=125
[SOKOBAN] Runtime Error/Warning: Generated Model with score == 0
[SOKOBAN] Retry . . .
[SOKOBAN] Runtime Error/Warning: Not enough free spots (#3) to place 1 player and 2 boxes.
[SOKOBAN] Retry . . .
[SOKOBAN] Runtime Error/Warning: Generated Model with score == 0
[SOKOBAN] Retry . . .
[SOKOBAN] Runtime Error/Warning: Generated Model with score == 0
[SOKOBAN] Retry . . .
[SOKOBAN] Runtime Error/Warning: Generated Model with score == 0
[SOKOBAN] Retry . . .
[SOKOBAN] Runtime Error/Warning: Generated Model with score == 0
[SOKOBAN] Retry . . .
[SOKOBAN] Runtime Error/Warning: Generated Model with score == 0
[SOKOBAN] Retry . . .
[SOKOBAN] Runtime Error/Warning: Generated Model with score == 0
[SOKOBAN] Retry . . .
[SOKOBAN] Runtime Error/Warning: Generated Model with score == 0
[SOKOBAN] Retry . . .
[SOKOBAN] Runtime Error/Warning: Generated Model with score == 0
[SOKOBAN] Retry . . .
[SOKOBAN] Runtime Error/Warning: Not enough free spots (#3) to place 1 player and 2 boxes.
[SOKOBAN] Retry . . .
[SOKOBAN] Runtime Error/Warning: Generated Model with score == 0
[SOKOBAN] Retry . . .
[SOKOBAN] Runtime Error/Warning: Generated Model with score == 0
[SOKOBAN] Retry . . .
[SOKOBAN] Runtime Error/Warning: Not enough free spots (#3) to place 1 player and 2 boxes.
[SOKOBAN] Retry . . .
[SOKOBAN] Runtime Error/Warning: Not enough free spots (#3) to place 1 player and 2 boxes.
[SOKOBAN] Retry . . .
[SOKOBAN] Runtime Error/Warning: Generated Model with score == 0
[SOKOBAN] Retry . . .
[SOKOBAN] Runtime Error/Warning: Not enough free spots (#3) to place 1 player and 2 boxes.
[SOKOBAN] Retry . . .
[SOKOBAN] Runtime Error/Warning: Generated Model with score == 0
[SOKOBAN] Retry . . .
[SOKOBAN] Runtime Error/Warning: Not enough free spots (#3) to place 1 player and 2 boxes.
[SOKOBAN] Retry . . .
[ 170/488] step= 174080 | ep=13458 | return=11.274 | guided%= 88.4 | bc=0.0000 | cumQ=148962 | bc_coef=0.000 | sps=125
[SOKOBAN] Runtime Error/Warning: Generated Model with score == 0
[SOKOBAN] Retry . . .
[SOKOBAN] Runtime Error/Warning: Generated Model with score == 0
[SOKOBAN] Retry . . .
[SOKOBAN] Runtime Error/Warning: Generated Model with score == 0
[SOKOBAN] Retry . . .
[SOKOBAN] Runtime Error/Warning: Generated Model with score == 0
[SOKOBAN] Retry . . .
[SOKOBAN] Runtime Error/Warning: Generated Model with score == 0
[SOKOBAN] Retry . . .
[SOKOBAN] Runtime Error/Warning: Generated Model with score == 0
[SOKOBAN] Retry . . .
[SOKOBAN] Runtime Error/Warning: Not enough free spots (#3) to place 1 player and 2 boxes.
[SOKOBAN] Retry . . .
[SOKOBAN] Runtime Error/Warning: Generated Model with score == 0
[SOKOBAN] Retry . . .
[SOKOBAN] Runtime Error/Warning: Not enough free spots (#3) to place 1 player and 2 boxes.
[SOKOBAN] Retry . . .
[SOKOBAN] Runtime Error/Warning: Generated Model with score == 0
[SOKOBAN] Retry . . .
[SOKOBAN] Runtime Error/Warning: Generated Model with score == 0
[SOKOBAN] Retry . . .
[ 180/488] step= 184320 | ep=14311 | return=11.162 | guided%= 89.0 | bc=0.0000 | cumQ=158348 | bc_coef=0.000 | sps=125
[SOKOBAN] Runtime Error/Warning: Not enough free spots (#3) to place 1 player and 2 boxes.
[SOKOBAN] Retry . . .
[SOKOBAN] Runtime Error/Warning: Generated Model with score == 0
[SOKOBAN] Retry . . .
[SOKOBAN] Runtime Error/Warning: Not enough free spots (#3) to place 1 player and 2 boxes.
[SOKOBAN] Retry . . .
[SOKOBAN] Runtime Error/Warning: Generated Model with score == 0
[SOKOBAN] Retry . . .
[SOKOBAN] Runtime Error/Warning: Generated Model with score == 0
[SOKOBAN] Retry . . .
[SOKOBAN] Runtime Error/Warning: Generated Model with score == 0
[SOKOBAN] Retry . . .
[SOKOBAN] Runtime Error/Warning: Generated Model with score == 0
[SOKOBAN] Retry . . .
[SOKOBAN] Runtime Error/Warning: Generated Model with score == 0
[SOKOBAN] Retry . . .
[SOKOBAN] Runtime Error/Warning: Generated Model with score == 0
[SOKOBAN] Retry . . .
[SOKOBAN] Runtime Error/Warning: Generated Model with score == 0
[SOKOBAN] Retry . . .
[SOKOBAN] Runtime Error/Warning: Generated Model with score == 0
[SOKOBAN] Retry . . .
[SOKOBAN] Runtime Error/Warning: Generated Model with score == 0
[SOKOBAN] Retry . . .
[SOKOBAN] Runtime Error/Warning: Not enough free spots (#3) to place 1 player and 2 boxes.
[SOKOBAN] Retry . . .
[ 190/488] step= 194560 | ep=15150 | return=11.143 | guided%= 89.1 | bc=0.0000 | cumQ=167744 | bc_coef=0.000 | sps=125
[SOKOBAN] Runtime Error/Warning: Not enough free spots (#3) to place 1 player and 2 boxes.
[SOKOBAN] Retry . . .
[SOKOBAN] Runtime Error/Warning: Generated Model with score == 0
[SOKOBAN] Retry . . .
[SOKOBAN] Runtime Error/Warning: Not enough free spots (#3) to place 1 player and 2 boxes.
[SOKOBAN] Retry . . .
[SOKOBAN] Runtime Error/Warning: Not enough free spots (#3) to place 1 player and 2 boxes.
[SOKOBAN] Retry . . .
[SOKOBAN] Runtime Error/Warning: Generated Model with score == 0
[SOKOBAN] Retry . . .
[SOKOBAN] Runtime Error/Warning: Generated Model with score == 0
[SOKOBAN] Retry . . .
[SOKOBAN] Runtime Error/Warning: Generated Model with score == 0
[SOKOBAN] Retry . . .
[SOKOBAN] Runtime Error/Warning: Generated Model with score == 0
[SOKOBAN] Retry . . .
[SOKOBAN] Runtime Error/Warning: Generated Model with score == 0
[SOKOBAN] Retry . . .
[SOKOBAN] Runtime Error/Warning: Generated Model with score == 0
[SOKOBAN] Retry . . .
[SOKOBAN] Runtime Error/Warning: Not enough free spots (#3) to place 1 player and 2 boxes.
[SOKOBAN] Retry . . .
[SOKOBAN] Runtime Error/Warning: Generated Model with score == 0
[SOKOBAN] Retry . . .
[SOKOBAN] Runtime Error/Warning: Generated Model with score == 0
[SOKOBAN] Retry . . .
[SOKOBAN] Runtime Error/Warning: Not enough free spots (#3) to place 1 player and 2 boxes.
[SOKOBAN] Retry . . .
[SOKOBAN] Runtime Error/Warning: Generated Model with score == 0
[SOKOBAN] Retry . . .
[SOKOBAN] Runtime Error/Warning: Generated Model with score == 0
[SOKOBAN] Retry . . .
[ 200/488] step= 204800 | ep=16008 | return=11.131 | guided%= 89.6 | bc=0.0000 | cumQ=177124 | bc_coef=0.000 | sps=125
[SOKOBAN] Runtime Error/Warning: Not enough free spots (#3) to place 1 player and 2 boxes.
[SOKOBAN] Retry . . .
[SOKOBAN] Runtime Error/Warning: Generated Model with score == 0
[SOKOBAN] Retry . . .
[SOKOBAN] Runtime Error/Warning: Generated Model with score == 0
[SOKOBAN] Retry . . .
[SOKOBAN] Runtime Error/Warning: Generated Model with score == 0
[SOKOBAN] Retry . . .
[SOKOBAN] Runtime Error/Warning: Generated Model with score == 0
[SOKOBAN] Retry . . .
[SOKOBAN] Runtime Error/Warning: Not enough free spots (#3) to place 1 player and 2 boxes.
[SOKOBAN] Retry . . .
[SOKOBAN] Runtime Error/Warning: Generated Model with score == 0
[SOKOBAN] Retry . . .
[SOKOBAN] Runtime Error/Warning: Not enough free spots (#3) to place 1 player and 2 boxes.
[SOKOBAN] Retry . . .
[SOKOBAN] Runtime Error/Warning: Not enough free spots (#3) to place 1 player and 2 boxes.
[SOKOBAN] Retry . . .
[SOKOBAN] Runtime Error/Warning: Generated Model with score == 0
[SOKOBAN] Retry . . .
[SOKOBAN] Runtime Error/Warning: Generated Model with score == 0
[SOKOBAN] Retry . . .
[SOKOBAN] Runtime Error/Warning: Generated Model with score == 0
[SOKOBAN] Retry . . .
[ 210/488] step= 215040 | ep=16881 | return=11.220 | guided%= 89.5 | bc=0.0000 | cumQ=186491 | bc_coef=0.000 | sps=125
[SOKOBAN] Runtime Error/Warning: Generated Model with score == 0
[SOKOBAN] Retry . . .
[SOKOBAN] Runtime Error/Warning: Generated Model with score == 0
[SOKOBAN] Retry . . .
[SOKOBAN] Runtime Error/Warning: Generated Model with score == 0
[SOKOBAN] Retry . . .
[SOKOBAN] Runtime Error/Warning: Not enough free spots (#3) to place 1 player and 2 boxes.
[SOKOBAN] Retry . . .
[SOKOBAN] Runtime Error/Warning: Generated Model with score == 0
[SOKOBAN] Retry . . .
[SOKOBAN] Runtime Error/Warning: Generated Model with score == 0
[SOKOBAN] Retry . . .
[SOKOBAN] Runtime Error/Warning: Not enough free spots (#3) to place 1 player and 2 boxes.
[SOKOBAN] Retry . . .
[SOKOBAN] Runtime Error/Warning: Generated Model with score == 0
[SOKOBAN] Retry . . .
[SOKOBAN] Runtime Error/Warning: Generated Model with score == 0
[SOKOBAN] Retry . . .
[SOKOBAN] Runtime Error/Warning: Generated Model with score == 0
[SOKOBAN] Retry . . .
[SOKOBAN] Runtime Error/Warning: Generated Model with score == 0
[SOKOBAN] Retry . . .
[SOKOBAN] Runtime Error/Warning: Not enough free spots (#3) to place 1 player and 2 boxes.
[SOKOBAN] Retry . . .
[SOKOBAN] Runtime Error/Warning: Not enough free spots (#3) to place 1 player and 2 boxes.
[SOKOBAN] Retry . . .
[SOKOBAN] Runtime Error/Warning: Generated Model with score == 0
[SOKOBAN] Retry . . .
[SOKOBAN] Runtime Error/Warning: Generated Model with score == 0
[SOKOBAN] Retry . . .
[SOKOBAN] Runtime Error/Warning: Generated Model with score == 0
[SOKOBAN] Retry . . .
[SOKOBAN] Runtime Error/Warning: Generated Model with score == 0
[SOKOBAN] Retry . . .
[ 220/488] step= 225280 | ep=17698 | return=11.187 | guided%= 89.5 | bc=0.0000 | cumQ=195911 | bc_coef=0.000 | sps=125
[SOKOBAN] Runtime Error/Warning: Not enough free spots (#3) to place 1 player and 2 boxes.
[SOKOBAN] Retry . . .
[SOKOBAN] Runtime Error/Warning: Generated Model with score == 0
[SOKOBAN] Retry . . .
[SOKOBAN] Runtime Error/Warning: Generated Model with score == 0
[SOKOBAN] Retry . . .
[SOKOBAN] Runtime Error/Warning: Generated Model with score == 0
[SOKOBAN] Retry . . .
[SOKOBAN] Runtime Error/Warning: Not enough free spots (#3) to place 1 player and 2 boxes.
[SOKOBAN] Retry . . .
[SOKOBAN] Runtime Error/Warning: Not enough free spots (#3) to place 1 player and 2 boxes.
[SOKOBAN] Retry . . .
[SOKOBAN] Runtime Error/Warning: Generated Model with score == 0
[SOKOBAN] Retry . . .
[SOKOBAN] Runtime Error/Warning: Not enough free spots (#3) to place 1 player and 2 boxes.
[SOKOBAN] Retry . . .
[SOKOBAN] Runtime Error/Warning: Generated Model with score == 0
[SOKOBAN] Retry . . .
[SOKOBAN] Runtime Error/Warning: Generated Model with score == 0
[SOKOBAN] Retry . . .
[SOKOBAN] Runtime Error/Warning: Generated Model with score == 0
[SOKOBAN] Retry . . .
[SOKOBAN] Runtime Error/Warning: Generated Model with score == 0
[SOKOBAN] Retry . . .
[SOKOBAN] Runtime Error/Warning: Not enough free spots (#3) to place 1 player and 2 boxes.
[SOKOBAN] Retry . . .
[SOKOBAN] Runtime Error/Warning: Generated Model with score == 0
[SOKOBAN] Retry . . .
[SOKOBAN] Runtime Error/Warning: Generated Model with score == 0
[SOKOBAN] Retry . . .
[SOKOBAN] Runtime Error/Warning: Not enough free spots (#3) to place 1 player and 2 boxes.
[SOKOBAN] Retry . . .
[ 230/488] step= 235520 | ep=18560 | return=11.112 | guided%= 90.1 | bc=0.0000 | cumQ=205286 | bc_coef=0.000 | sps=125
[SOKOBAN] Runtime Error/Warning: Not enough free spots (#3) to place 1 player and 2 boxes.
[SOKOBAN] Retry . . .
[SOKOBAN] Runtime Error/Warning: Generated Model with score == 0
[SOKOBAN] Retry . . .
[SOKOBAN] Runtime Error/Warning: Not enough free spots (#3) to place 1 player and 2 boxes.
[SOKOBAN] Retry . . .
[SOKOBAN] Runtime Error/Warning: Generated Model with score == 0
[SOKOBAN] Retry . . .
[SOKOBAN] Runtime Error/Warning: Generated Model with score == 0
[SOKOBAN] Retry . . .
[SOKOBAN] Runtime Error/Warning: Generated Model with score == 0
[SOKOBAN] Retry . . .
[SOKOBAN] Runtime Error/Warning: Generated Model with score == 0
[SOKOBAN] Retry . . .
[SOKOBAN] Runtime Error/Warning: Generated Model with score == 0
[SOKOBAN] Retry . . .
[SOKOBAN] Runtime Error/Warning: Not enough free spots (#3) to place 1 player and 2 boxes.
[SOKOBAN] Retry . . .
[SOKOBAN] Runtime Error/Warning: Generated Model with score == 0
[SOKOBAN] Retry . . .
[ 240/488] step= 245760 | ep=19407 | return=11.138 | guided%= 89.6 | bc=0.0000 | cumQ=214679 | bc_coef=0.000 | sps=125
[SOKOBAN] Runtime Error/Warning: Generated Model with score == 0
[SOKOBAN] Retry . . .
[SOKOBAN] Runtime Error/Warning: Not enough free spots (#3) to place 1 player and 2 boxes.
[SOKOBAN] Retry . . .
[SOKOBAN] Runtime Error/Warning: Generated Model with score == 0
[SOKOBAN] Retry . . .
[SOKOBAN] Runtime Error/Warning: Generated Model with score == 0
[SOKOBAN] Retry . . .
[SOKOBAN] Runtime Error/Warning: Not enough free spots (#3) to place 1 player and 2 boxes.
[SOKOBAN] Retry . . .
[SOKOBAN] Runtime Error/Warning: Generated Model with score == 0
[SOKOBAN] Retry . . .
[SOKOBAN] Runtime Error/Warning: Generated Model with score == 0
[SOKOBAN] Retry . . .
[SOKOBAN] Runtime Error/Warning: Not enough free spots (#3) to place 1 player and 2 boxes.
[SOKOBAN] Retry . . .
[SOKOBAN] Runtime Error/Warning: Generated Model with score == 0
[SOKOBAN] Retry . . .
[SOKOBAN] Runtime Error/Warning: Generated Model with score == 0
[SOKOBAN] Retry . . .
[SOKOBAN] Runtime Error/Warning: Not enough free spots (#3) to place 1 player and 2 boxes.
[SOKOBAN] Retry . . .
[SOKOBAN] Runtime Error/Warning: Generated Model with score == 0
[SOKOBAN] Retry . . .
[SOKOBAN] Runtime Error/Warning: Generated Model with score == 0
[SOKOBAN] Retry . . .
[SOKOBAN] Runtime Error/Warning: Not enough free spots (#3) to place 1 player and 2 boxes.
[SOKOBAN] Retry . . .
[SOKOBAN] Runtime Error/Warning: Generated Model with score == 0
[SOKOBAN] Retry . . .
[SOKOBAN] Runtime Error/Warning: Generated Model with score == 0
[SOKOBAN] Retry . . .
[SOKOBAN] Runtime Error/Warning: Generated Model with score == 0
[SOKOBAN] Retry . . .
[ 250/488] step= 256000 | ep=20269 | return=11.161 | guided%= 89.9 | bc=0.0000 | cumQ=224057 | bc_coef=0.000 | sps=125
[SOKOBAN] Runtime Error/Warning: Generated Model with score == 0
[SOKOBAN] Retry . . .
[SOKOBAN] Runtime Error/Warning: Generated Model with score == 0
[SOKOBAN] Retry . . .
[SOKOBAN] Runtime Error/Warning: Not enough free spots (#3) to place 1 player and 2 boxes.
[SOKOBAN] Retry . . .
[SOKOBAN] Runtime Error/Warning: Generated Model with score == 0
[SOKOBAN] Retry . . .
[SOKOBAN] Runtime Error/Warning: Generated Model with score == 0
[SOKOBAN] Retry . . .
[SOKOBAN] Runtime Error/Warning: Generated Model with score == 0
[SOKOBAN] Retry . . .
[SOKOBAN] Runtime Error/Warning: Not enough free spots (#3) to place 1 player and 2 boxes.
[SOKOBAN] Retry . . .
[SOKOBAN] Runtime Error/Warning: Generated Model with score == 0
[SOKOBAN] Retry . . .
[SOKOBAN] Runtime Error/Warning: Generated Model with score == 0
[SOKOBAN] Retry . . .
[ 260/488] step= 266240 | ep=21123 | return=11.195 | guided%= 89.2 | bc=0.0000 | cumQ=233437 | bc_coef=0.000 | sps=125
[SOKOBAN] Runtime Error/Warning: Generated Model with score == 0
[SOKOBAN] Retry . . .
[SOKOBAN] Runtime Error/Warning: Generated Model with score == 0
[SOKOBAN] Retry . . .
[SOKOBAN] Runtime Error/Warning: Generated Model with score == 0
[SOKOBAN] Retry . . .
[SOKOBAN] Runtime Error/Warning: Not enough free spots (#3) to place 1 player and 2 boxes.
[SOKOBAN] Retry . . .
[SOKOBAN] Runtime Error/Warning: Generated Model with score == 0
[SOKOBAN] Retry . . .
[SOKOBAN] Runtime Error/Warning: Generated Model with score == 0
[SOKOBAN] Retry . . .
[SOKOBAN] Runtime Error/Warning: Generated Model with score == 0
[SOKOBAN] Retry . . .
[SOKOBAN] Runtime Error/Warning: Generated Model with score == 0
[SOKOBAN] Retry . . .
[SOKOBAN] Runtime Error/Warning: Generated Model with score == 0
[SOKOBAN] Retry . . .
[SOKOBAN] Runtime Error/Warning: Not enough free spots (#3) to place 1 player and 2 boxes.
[SOKOBAN] Retry . . .
[SOKOBAN] Runtime Error/Warning: Generated Model with score == 0
[SOKOBAN] Retry . . .
[SOKOBAN] Runtime Error/Warning: Generated Model with score == 0
[SOKOBAN] Retry . . .
[SOKOBAN] Runtime Error/Warning: Generated Model with score == 0
[SOKOBAN] Retry . . .
[ 270/488] step= 276480 | ep=21986 | return=11.120 | guided%= 90.0 | bc=0.0000 | cumQ=242808 | bc_coef=0.000 | sps=125
[SOKOBAN] Runtime Error/Warning: Not enough free spots (#3) to place 1 player and 2 boxes.
[SOKOBAN] Retry . . .
[SOKOBAN] Runtime Error/Warning: Generated Model with score == 0
[SOKOBAN] Retry . . .
[SOKOBAN] Runtime Error/Warning: Generated Model with score == 0
[SOKOBAN] Retry . . .
[SOKOBAN] Runtime Error/Warning: Not enough free spots (#3) to place 1 player and 2 boxes.
[SOKOBAN] Retry . . .
[SOKOBAN] Runtime Error/Warning: Not enough free spots (#3) to place 1 player and 2 boxes.
[SOKOBAN] Retry . . .
[SOKOBAN] Runtime Error/Warning: Not enough free spots (#3) to place 1 player and 2 boxes.
[SOKOBAN] Retry . . .
[SOKOBAN] Runtime Error/Warning: Generated Model with score == 0
[SOKOBAN] Retry . . .
[SOKOBAN] Runtime Error/Warning: Generated Model with score == 0
[SOKOBAN] Retry . . .
[SOKOBAN] Runtime Error/Warning: Generated Model with score == 0
[SOKOBAN] Retry . . .
[SOKOBAN] Runtime Error/Warning: Not enough free spots (#3) to place 1 player and 2 boxes.
[SOKOBAN] Retry . . .
[ 280/488] step= 286720 | ep=22826 | return=11.228 | guided%= 88.4 | bc=0.0000 | cumQ=252200 | bc_coef=0.000 | sps=125
[SOKOBAN] Runtime Error/Warning: Generated Model with score == 0
[SOKOBAN] Retry . . .
[SOKOBAN] Runtime Error/Warning: Generated Model with score == 0
[SOKOBAN] Retry . . .
[SOKOBAN] Runtime Error/Warning: Not enough free spots (#3) to place 1 player and 2 boxes.
[SOKOBAN] Retry . . .
[SOKOBAN] Runtime Error/Warning: Not enough free spots (#3) to place 1 player and 2 boxes.
[SOKOBAN] Retry . . .
[SOKOBAN] Runtime Error/Warning: Generated Model with score == 0
[SOKOBAN] Retry . . .
[SOKOBAN] Runtime Error/Warning: Not enough free spots (#3) to place 1 player and 2 boxes.
[SOKOBAN] Retry . . .
[SOKOBAN] Runtime Error/Warning: Generated Model with score == 0
[SOKOBAN] Retry . . .
[SOKOBAN] Runtime Error/Warning: Generated Model with score == 0
[SOKOBAN] Retry . . .
[SOKOBAN] Runtime Error/Warning: Not enough free spots (#3) to place 1 player and 2 boxes.
[SOKOBAN] Retry . . .
[SOKOBAN] Runtime Error/Warning: Generated Model with score == 0
[SOKOBAN] Retry . . .
[ 290/488] step= 296960 | ep=23673 | return=11.210 | guided%= 88.9 | bc=0.0000 | cumQ=261584 | bc_coef=0.000 | sps=125
[SOKOBAN] Runtime Error/Warning: Not enough free spots (#3) to place 1 player and 2 boxes.
[SOKOBAN] Retry . . .
[SOKOBAN] Runtime Error/Warning: Generated Model with score == 0
[SOKOBAN] Retry . . .
[SOKOBAN] Runtime Error/Warning: Generated Model with score == 0
[SOKOBAN] Retry . . .
[SOKOBAN] Runtime Error/Warning: Not enough free spots (#3) to place 1 player and 2 boxes.
[SOKOBAN] Retry . . .
[SOKOBAN] Runtime Error/Warning: Generated Model with score == 0
[SOKOBAN] Retry . . .
[SOKOBAN] Runtime Error/Warning: Generated Model with score == 0
[SOKOBAN] Retry . . .
[SOKOBAN] Runtime Error/Warning: Not enough free spots (#3) to place 1 player and 2 boxes.
[SOKOBAN] Retry . . .
[SOKOBAN] Runtime Error/Warning: Generated Model with score == 0
[SOKOBAN] Retry . . .
[SOKOBAN] Runtime Error/Warning: Generated Model with score == 0
[SOKOBAN] Retry . . .
[SOKOBAN] Runtime Error/Warning: Generated Model with score == 0
[SOKOBAN] Retry . . .
[SOKOBAN] Runtime Error/Warning: Not enough free spots (#3) to place 1 player and 2 boxes.
[SOKOBAN] Retry . . .
[SOKOBAN] Runtime Error/Warning: Not enough free spots (#3) to place 1 player and 2 boxes.
[SOKOBAN] Retry . . .
[SOKOBAN] Runtime Error/Warning: Not enough free spots (#3) to place 1 player and 2 boxes.
[SOKOBAN] Retry . . .
[SOKOBAN] Runtime Error/Warning: Generated Model with score == 0
[SOKOBAN] Retry . . .
[SOKOBAN] Runtime Error/Warning: Generated Model with score == 0
[SOKOBAN] Retry . . .
[SOKOBAN] Runtime Error/Warning: Generated Model with score == 0
[SOKOBAN] Retry . . .
[SOKOBAN] Runtime Error/Warning: Generated Model with score == 0
[SOKOBAN] Retry . . .
[SOKOBAN] Runtime Error/Warning: Generated Model with score == 0
[SOKOBAN] Retry . . .
[SOKOBAN] Runtime Error/Warning: Generated Model with score == 0
[SOKOBAN] Retry . . .
[ 300/488] step= 307200 | ep=24555 | return=11.058 | guided%= 89.3 | bc=0.0000 | cumQ=270929 | bc_coef=0.000 | sps=125
[SOKOBAN] Runtime Error/Warning: Generated Model with score == 0
[SOKOBAN] Retry . . .
[SOKOBAN] Runtime Error/Warning: Not enough free spots (#3) to place 1 player and 2 boxes.
[SOKOBAN] Retry . . .
[SOKOBAN] Runtime Error/Warning: Generated Model with score == 0
[SOKOBAN] Retry . . .
[SOKOBAN] Runtime Error/Warning: Generated Model with score == 0
[SOKOBAN] Retry . . .
[SOKOBAN] Runtime Error/Warning: Not enough free spots (#3) to place 1 player and 2 boxes.
[SOKOBAN] Retry . . .
[SOKOBAN] Runtime Error/Warning: Generated Model with score == 0
[SOKOBAN] Retry . . .
[SOKOBAN] Runtime Error/Warning: Not enough free spots (#3) to place 1 player and 2 boxes.
[SOKOBAN] Retry . . .
[SOKOBAN] Runtime Error/Warning: Generated Model with score == 0
[SOKOBAN] Retry . . .
[SOKOBAN] Runtime Error/Warning: Generated Model with score == 0
[SOKOBAN] Retry . . .
[SOKOBAN] Runtime Error/Warning: Generated Model with score == 0
[SOKOBAN] Retry . . .
[ 310/488] step= 317440 | ep=25405 | return=11.236 | guided%= 88.9 | bc=0.0000 | cumQ=280316 | bc_coef=0.000 | sps=125
[SOKOBAN] Runtime Error/Warning: Not enough free spots (#3) to place 1 player and 2 boxes.
[SOKOBAN] Retry . . .
[SOKOBAN] Runtime Error/Warning: Not enough free spots (#3) to place 1 player and 2 boxes.
[SOKOBAN] Retry . . .
[SOKOBAN] Runtime Error/Warning: Not enough free spots (#3) to place 1 player and 2 boxes.
[SOKOBAN] Retry . . .
[SOKOBAN] Runtime Error/Warning: Generated Model with score == 0
[SOKOBAN] Retry . . .
[SOKOBAN] Runtime Error/Warning: Generated Model with score == 0
[SOKOBAN] Retry . . .
[SOKOBAN] Runtime Error/Warning: Generated Model with score == 0
[SOKOBAN] Retry . . .
[SOKOBAN] Runtime Error/Warning: Not enough free spots (#3) to place 1 player and 2 boxes.
[SOKOBAN] Retry . . .
[SOKOBAN] Runtime Error/Warning: Generated Model with score == 0
[SOKOBAN] Retry . . .
[SOKOBAN] Runtime Error/Warning: Not enough free spots (#3) to place 1 player and 2 boxes.
[SOKOBAN] Retry . . .
[SOKOBAN] Runtime Error/Warning: Generated Model with score == 0
[SOKOBAN] Retry . . .
[SOKOBAN] Runtime Error/Warning: Generated Model with score == 0
[SOKOBAN] Retry . . .
[SOKOBAN] Runtime Error/Warning: Generated Model with score == 0
[SOKOBAN] Retry . . .
[SOKOBAN] Runtime Error/Warning: Generated Model with score == 0
[SOKOBAN] Retry . . .
[ 320/488] step= 327680 | ep=26256 | return=11.118 | guided%= 89.9 | bc=0.0000 | cumQ=289701 | bc_coef=0.000 | sps=125
[SOKOBAN] Runtime Error/Warning: Generated Model with score == 0
[SOKOBAN] Retry . . .
[SOKOBAN] Runtime Error/Warning: Generated Model with score == 0
[SOKOBAN] Retry . . .
[SOKOBAN] Runtime Error/Warning: Generated Model with score == 0
[SOKOBAN] Retry . . .
[SOKOBAN] Runtime Error/Warning: Generated Model with score == 0
[SOKOBAN] Retry . . .
[SOKOBAN] Runtime Error/Warning: Generated Model with score == 0
[SOKOBAN] Retry . . .
[SOKOBAN] Runtime Error/Warning: Generated Model with score == 0
[SOKOBAN] Retry . . .
[SOKOBAN] Runtime Error/Warning: Generated Model with score == 0
[SOKOBAN] Retry . . .
[SOKOBAN] Runtime Error/Warning: Generated Model with score == 0
[SOKOBAN] Retry . . .
[SOKOBAN] Runtime Error/Warning: Generated Model with score == 0
[SOKOBAN] Retry . . .
[SOKOBAN] Runtime Error/Warning: Not enough free spots (#3) to place 1 player and 2 boxes.
[SOKOBAN] Retry . . .
[SOKOBAN] Runtime Error/Warning: Not enough free spots (#3) to place 1 player and 2 boxes.
[SOKOBAN] Retry . . .
[ 330/488] step= 337920 | ep=27090 | return=11.143 | guided%= 89.2 | bc=0.0000 | cumQ=299105 | bc_coef=0.000 | sps=125
[SOKOBAN] Runtime Error/Warning: Generated Model with score == 0
[SOKOBAN] Retry . . .
[SOKOBAN] Runtime Error/Warning: Generated Model with score == 0
[SOKOBAN] Retry . . .
[SOKOBAN] Runtime Error/Warning: Generated Model with score == 0
[SOKOBAN] Retry . . .
[SOKOBAN] Runtime Error/Warning: Generated Model with score == 0
[SOKOBAN] Retry . . .
[SOKOBAN] Runtime Error/Warning: Generated Model with score == 0
[SOKOBAN] Retry . . .
[SOKOBAN] Runtime Error/Warning: Generated Model with score == 0
[SOKOBAN] Retry . . .
[SOKOBAN] Runtime Error/Warning: Not enough free spots (#3) to place 1 player and 2 boxes.
[SOKOBAN] Retry . . .
[SOKOBAN] Runtime Error/Warning: Not enough free spots (#3) to place 1 player and 2 boxes.
[SOKOBAN] Retry . . .
[SOKOBAN] Runtime Error/Warning: Not enough free spots (#3) to place 1 player and 2 boxes.
[SOKOBAN] Retry . . .
[SOKOBAN] Runtime Error/Warning: Not enough free spots (#3) to place 1 player and 2 boxes.
[SOKOBAN] Retry . . .
[SOKOBAN] Runtime Error/Warning: Not enough free spots (#3) to place 1 player and 2 boxes.
[SOKOBAN] Retry . . .
[SOKOBAN] Runtime Error/Warning: Generated Model with score == 0
[SOKOBAN] Retry . . .
[SOKOBAN] Runtime Error/Warning: Not enough free spots (#3) to place 1 player and 2 boxes.
[SOKOBAN] Retry . . .
[SOKOBAN] Runtime Error/Warning: Not enough free spots (#3) to place 1 player and 2 boxes.
[SOKOBAN] Retry . . .
[SOKOBAN] Runtime Error/Warning: Generated Model with score == 0
[SOKOBAN] Retry . . .
[ 340/488] step= 348160 | ep=27953 | return=11.151 | guided%= 89.7 | bc=0.0000 | cumQ=308479 | bc_coef=0.000 | sps=125
[SOKOBAN] Runtime Error/Warning: Generated Model with score == 0
[SOKOBAN] Retry . . .
[SOKOBAN] Runtime Error/Warning: Generated Model with score == 0
[SOKOBAN] Retry . . .
[SOKOBAN] Runtime Error/Warning: Not enough free spots (#3) to place 1 player and 2 boxes.
[SOKOBAN] Retry . . .
[SOKOBAN] Runtime Error/Warning: Not enough free spots (#3) to place 1 player and 2 boxes.
[SOKOBAN] Retry . . .
[SOKOBAN] Runtime Error/Warning: Generated Model with score == 0
[SOKOBAN] Retry . . .
[SOKOBAN] Runtime Error/Warning: Generated Model with score == 0
[SOKOBAN] Retry . . .
[SOKOBAN] Runtime Error/Warning: Not enough free spots (#3) to place 1 player and 2 boxes.
[SOKOBAN] Retry . . .
[SOKOBAN] Runtime Error/Warning: Generated Model with score == 0
[SOKOBAN] Retry . . .
[ 350/488] step= 358400 | ep=28800 | return=11.034 | guided%= 90.5 | bc=0.0000 | cumQ=317869 | bc_coef=0.000 | sps=124
[SOKOBAN] Runtime Error/Warning: Generated Model with score == 0
[SOKOBAN] Retry . . .
[SOKOBAN] Runtime Error/Warning: Generated Model with score == 0
[SOKOBAN] Retry . . .
[SOKOBAN] Runtime Error/Warning: Not enough free spots (#3) to place 1 player and 2 boxes.
[SOKOBAN] Retry . . .
[SOKOBAN] Runtime Error/Warning: Generated Model with score == 0
[SOKOBAN] Retry . . .
[SOKOBAN] Runtime Error/Warning: Generated Model with score == 0
[SOKOBAN] Retry . . .
[SOKOBAN] Runtime Error/Warning: Generated Model with score == 0
[SOKOBAN] Retry . . .
[SOKOBAN] Runtime Error/Warning: Generated Model with score == 0
[SOKOBAN] Retry . . .
[SOKOBAN] Runtime Error/Warning: Generated Model with score == 0
[SOKOBAN] Retry . . .
[SOKOBAN] Runtime Error/Warning: Generated Model with score == 0
[SOKOBAN] Retry . . .
[SOKOBAN] Runtime Error/Warning: Not enough free spots (#3) to place 1 player and 2 boxes.
[SOKOBAN] Retry . . .
[SOKOBAN] Runtime Error/Warning: Not enough free spots (#3) to place 1 player and 2 boxes.
[SOKOBAN] Retry . . .
[SOKOBAN] Runtime Error/Warning: Generated Model with score == 0
[SOKOBAN] Retry . . .
[SOKOBAN] Runtime Error/Warning: Not enough free spots (#3) to place 1 player and 2 boxes.
[SOKOBAN] Retry . . .
[SOKOBAN] Runtime Error/Warning: Generated Model with score == 0
[SOKOBAN] Retry . . .
[SOKOBAN] Runtime Error/Warning: Not enough free spots (#3) to place 1 player and 2 boxes.
[SOKOBAN] Retry . . .
[SOKOBAN] Runtime Error/Warning: Generated Model with score == 0
[SOKOBAN] Retry . . .
[SOKOBAN] Runtime Error/Warning: Generated Model with score == 0
[SOKOBAN] Retry . . .
[SOKOBAN] Runtime Error/Warning: Not enough free spots (#3) to place 1 player and 2 boxes.
[SOKOBAN] Retry . . .
[SOKOBAN] Runtime Error/Warning: Generated Model with score == 0
[SOKOBAN] Retry . . .
[SOKOBAN] Runtime Error/Warning: Generated Model with score == 0
[SOKOBAN] Retry . . .
[ 360/488] step= 368640 | ep=29663 | return=11.188 | guided%= 89.4 | bc=0.0000 | cumQ=327240 | bc_coef=0.000 | sps=124
[SOKOBAN] Runtime Error/Warning: Generated Model with score == 0
[SOKOBAN] Retry . . .
[SOKOBAN] Runtime Error/Warning: Generated Model with score == 0
[SOKOBAN] Retry . . .
[SOKOBAN] Runtime Error/Warning: Generated Model with score == 0
[SOKOBAN] Retry . . .
[SOKOBAN] Runtime Error/Warning: Generated Model with score == 0
[SOKOBAN] Retry . . .
[SOKOBAN] Runtime Error/Warning: Not enough free spots (#3) to place 1 player and 2 boxes.
[SOKOBAN] Retry . . .
[SOKOBAN] Runtime Error/Warning: Generated Model with score == 0
[SOKOBAN] Retry . . .
[SOKOBAN] Runtime Error/Warning: Not enough free spots (#3) to place 1 player and 2 boxes.
[SOKOBAN] Retry . . .
[SOKOBAN] Runtime Error/Warning: Generated Model with score == 0
[SOKOBAN] Retry . . .
[SOKOBAN] Runtime Error/Warning: Generated Model with score == 0
[SOKOBAN] Retry . . .
[SOKOBAN] Runtime Error/Warning: Generated Model with score == 0
[SOKOBAN] Retry . . .
[SOKOBAN] Runtime Error/Warning: Generated Model with score == 0
[SOKOBAN] Retry . . .
[ 370/488] step= 378880 | ep=30496 | return=11.123 | guided%= 90.2 | bc=0.0000 | cumQ=336644 | bc_coef=0.000 | sps=124
[SOKOBAN] Runtime Error/Warning: Generated Model with score == 0
[SOKOBAN] Retry . . .
[SOKOBAN] Runtime Error/Warning: Generated Model with score == 0
[SOKOBAN] Retry . . .
[SOKOBAN] Runtime Error/Warning: Generated Model with score == 0
[SOKOBAN] Retry . . .
[SOKOBAN] Runtime Error/Warning: Generated Model with score == 0
[SOKOBAN] Retry . . .
[SOKOBAN] Runtime Error/Warning: Generated Model with score == 0
[SOKOBAN] Retry . . .
[SOKOBAN] Runtime Error/Warning: Generated Model with score == 0
[SOKOBAN] Retry . . .
[SOKOBAN] Runtime Error/Warning: Not enough free spots (#3) to place 1 player and 2 boxes.
[SOKOBAN] Retry . . .
[SOKOBAN] Runtime Error/Warning: Generated Model with score == 0
[SOKOBAN] Retry . . .
[SOKOBAN] Runtime Error/Warning: Not enough free spots (#3) to place 1 player and 2 boxes.
[SOKOBAN] Retry . . .
[SOKOBAN] Runtime Error/Warning: Generated Model with score == 0
[SOKOBAN] Retry . . .
[SOKOBAN] Runtime Error/Warning: Not enough free spots (#3) to place 1 player and 2 boxes.
[SOKOBAN] Retry . . .
[ 380/488] step= 389120 | ep=31358 | return=11.238 | guided%= 88.7 | bc=0.0000 | cumQ=346018 | bc_coef=0.000 | sps=124
[SOKOBAN] Runtime Error/Warning: Generated Model with score == 0
[SOKOBAN] Retry . . .
[SOKOBAN] Runtime Error/Warning: Not enough free spots (#3) to place 1 player and 2 boxes.
[SOKOBAN] Retry . . .
[SOKOBAN] Runtime Error/Warning: Not enough free spots (#3) to place 1 player and 2 boxes.
[SOKOBAN] Retry . . .
[SOKOBAN] Runtime Error/Warning: Generated Model with score == 0
[SOKOBAN] Retry . . .
[SOKOBAN] Runtime Error/Warning: Generated Model with score == 0
[SOKOBAN] Retry . . .
[SOKOBAN] Runtime Error/Warning: Generated Model with score == 0
[SOKOBAN] Retry . . .
[SOKOBAN] Runtime Error/Warning: Generated Model with score == 0
[SOKOBAN] Retry . . .
[SOKOBAN] Runtime Error/Warning: Generated Model with score == 0
[SOKOBAN] Retry . . .
[ 390/488] step= 399360 | ep=32221 | return=11.153 | guided%= 89.7 | bc=0.0000 | cumQ=355395 | bc_coef=0.000 | sps=124
[SOKOBAN] Runtime Error/Warning: Generated Model with score == 0
[SOKOBAN] Retry . . .
[SOKOBAN] Runtime Error/Warning: Not enough free spots (#3) to place 1 player and 2 boxes.
[SOKOBAN] Retry . . .
[SOKOBAN] Runtime Error/Warning: Generated Model with score == 0
[SOKOBAN] Retry . . .
[SOKOBAN] Runtime Error/Warning: Not enough free spots (#3) to place 1 player and 2 boxes.
[SOKOBAN] Retry . . .
[SOKOBAN] Runtime Error/Warning: Generated Model with score == 0
[SOKOBAN] Retry . . .
[SOKOBAN] Runtime Error/Warning: Generated Model with score == 0
[SOKOBAN] Retry . . .
[SOKOBAN] Runtime Error/Warning: Not enough free spots (#3) to place 1 player and 2 boxes.
[SOKOBAN] Retry . . .
[SOKOBAN] Runtime Error/Warning: Generated Model with score == 0
[SOKOBAN] Retry . . .
[SOKOBAN] Runtime Error/Warning: Not enough free spots (#3) to place 1 player and 2 boxes.
[SOKOBAN] Retry . . .
[SOKOBAN] Runtime Error/Warning: Generated Model with score == 0
[SOKOBAN] Retry . . .
[SOKOBAN] Runtime Error/Warning: Generated Model with score == 0
[SOKOBAN] Retry . . .
[SOKOBAN] Runtime Error/Warning: Not enough free spots (#3) to place 1 player and 2 boxes.
[SOKOBAN] Retry . . .
[SOKOBAN] Runtime Error/Warning: Not enough free spots (#3) to place 1 player and 2 boxes.
[SOKOBAN] Retry . . .
[SOKOBAN] Runtime Error/Warning: Not enough free spots (#3) to place 1 player and 2 boxes.
[SOKOBAN] Retry . . .
[SOKOBAN] Runtime Error/Warning: Generated Model with score == 0
[SOKOBAN] Retry . . .
[ 400/488] step= 409600 | ep=33074 | return=11.303 | guided%= 88.4 | bc=0.0000 | cumQ=364781 | bc_coef=0.000 | sps=124
[SOKOBAN] Runtime Error/Warning: Generated Model with score == 0
[SOKOBAN] Retry . . .
[SOKOBAN] Runtime Error/Warning: Not enough free spots (#3) to place 1 player and 2 boxes.
[SOKOBAN] Retry . . .
[SOKOBAN] Runtime Error/Warning: Not enough free spots (#3) to place 1 player and 2 boxes.
[SOKOBAN] Retry . . .
[SOKOBAN] Runtime Error/Warning: Generated Model with score == 0
[SOKOBAN] Retry . . .
[SOKOBAN] Runtime Error/Warning: Generated Model with score == 0
[SOKOBAN] Retry . . .
[SOKOBAN] Runtime Error/Warning: Not enough free spots (#3) to place 1 player and 2 boxes.
[SOKOBAN] Retry . . .
[SOKOBAN] Runtime Error/Warning: Generated Model with score == 0
[SOKOBAN] Retry . . .
[SOKOBAN] Runtime Error/Warning: Not enough free spots (#3) to place 1 player and 2 boxes.
[SOKOBAN] Retry . . .
[SOKOBAN] Runtime Error/Warning: Not enough free spots (#3) to place 1 player and 2 boxes.
[SOKOBAN] Retry . . .
[SOKOBAN] Runtime Error/Warning: Generated Model with score == 0
[SOKOBAN] Retry . . .
[SOKOBAN] Runtime Error/Warning: Generated Model with score == 0
[SOKOBAN] Retry . . .
[SOKOBAN] Runtime Error/Warning: Generated Model with score == 0
[SOKOBAN] Retry . . .
[SOKOBAN] Runtime Error/Warning: Not enough free spots (#3) to place 1 player and 2 boxes.
[SOKOBAN] Retry . . .
[SOKOBAN] Runtime Error/Warning: Generated Model with score == 0
[SOKOBAN] Retry . . .
[SOKOBAN] Runtime Error/Warning: Generated Model with score == 0
[SOKOBAN] Retry . . .
[SOKOBAN] Runtime Error/Warning: Generated Model with score == 0
[SOKOBAN] Retry . . .
[SOKOBAN] Runtime Error/Warning: Generated Model with score == 0
[SOKOBAN] Retry . . .
[ 410/488] step= 419840 | ep=33950 | return=11.083 | guided%= 90.1 | bc=0.0000 | cumQ=374145 | bc_coef=0.000 | sps=124
[SOKOBAN] Runtime Error/Warning: Generated Model with score == 0
[SOKOBAN] Retry . . .
[SOKOBAN] Runtime Error/Warning: Not enough free spots (#3) to place 1 player and 2 boxes.
[SOKOBAN] Retry . . .
[SOKOBAN] Runtime Error/Warning: Generated Model with score == 0
[SOKOBAN] Retry . . .
[SOKOBAN] Runtime Error/Warning: Not enough free spots (#3) to place 1 player and 2 boxes.
[SOKOBAN] Retry . . .
[SOKOBAN] Runtime Error/Warning: Not enough free spots (#3) to place 1 player and 2 boxes.
[SOKOBAN] Retry . . .
[SOKOBAN] Runtime Error/Warning: Not enough free spots (#3) to place 1 player and 2 boxes.
[SOKOBAN] Retry . . .
[SOKOBAN] Runtime Error/Warning: Generated Model with score == 0
[SOKOBAN] Retry . . .
[SOKOBAN] Runtime Error/Warning: Not enough free spots (#3) to place 1 player and 2 boxes.
[SOKOBAN] Retry . . .
[SOKOBAN] Runtime Error/Warning: Generated Model with score == 0
[SOKOBAN] Retry . . .
[SOKOBAN] Runtime Error/Warning: Not enough free spots (#3) to place 1 player and 2 boxes.
[SOKOBAN] Retry . . .
[SOKOBAN] Runtime Error/Warning: Generated Model with score == 0
[SOKOBAN] Retry . . .
[SOKOBAN] Runtime Error/Warning: Generated Model with score == 0
[SOKOBAN] Retry . . .
[SOKOBAN] Runtime Error/Warning: Not enough free spots (#3) to place 1 player and 2 boxes.
[SOKOBAN] Retry . . .
[SOKOBAN] Runtime Error/Warning: Not enough free spots (#3) to place 1 player and 2 boxes.
[SOKOBAN] Retry . . .
[SOKOBAN] Runtime Error/Warning: Generated Model with score == 0
[SOKOBAN] Retry . . .
[SOKOBAN] Runtime Error/Warning: Generated Model with score == 0
[SOKOBAN] Retry . . .
[ 420/488] step= 430080 | ep=34812 | return=11.162 | guided%= 89.1 | bc=0.0000 | cumQ=383520 | bc_coef=0.000 | sps=124
[SOKOBAN] Runtime Error/Warning: Generated Model with score == 0
[SOKOBAN] Retry . . .
[SOKOBAN] Runtime Error/Warning: Generated Model with score == 0
[SOKOBAN] Retry . . .
[SOKOBAN] Runtime Error/Warning: Generated Model with score == 0
[SOKOBAN] Retry . . .
[SOKOBAN] Runtime Error/Warning: Generated Model with score == 0
[SOKOBAN] Retry . . .
[SOKOBAN] Runtime Error/Warning: Generated Model with score == 0
[SOKOBAN] Retry . . .
[SOKOBAN] Runtime Error/Warning: Generated Model with score == 0
[SOKOBAN] Retry . . .
[SOKOBAN] Runtime Error/Warning: Not enough free spots (#3) to place 1 player and 2 boxes.
[SOKOBAN] Retry . . .
[SOKOBAN] Runtime Error/Warning: Not enough free spots (#3) to place 1 player and 2 boxes.
[SOKOBAN] Retry . . .
[SOKOBAN] Runtime Error/Warning: Generated Model with score == 0
[SOKOBAN] Retry . . .
[SOKOBAN] Runtime Error/Warning: Generated Model with score == 0
[SOKOBAN] Retry . . .
[ 430/488] step= 440320 | ep=35680 | return=11.177 | guided%= 89.4 | bc=0.0000 | cumQ=392883 | bc_coef=0.000 | sps=124
[SOKOBAN] Runtime Error/Warning: Generated Model with score == 0
[SOKOBAN] Retry . . .
[SOKOBAN] Runtime Error/Warning: Generated Model with score == 0
[SOKOBAN] Retry . . .
[SOKOBAN] Runtime Error/Warning: Not enough free spots (#3) to place 1 player and 2 boxes.
[SOKOBAN] Retry . . .
[SOKOBAN] Runtime Error/Warning: Generated Model with score == 0
[SOKOBAN] Retry . . .
[SOKOBAN] Runtime Error/Warning: Generated Model with score == 0
[SOKOBAN] Retry . . .
[SOKOBAN] Runtime Error/Warning: Not enough free spots (#3) to place 1 player and 2 boxes.
[SOKOBAN] Retry . . .
[SOKOBAN] Runtime Error/Warning: Not enough free spots (#3) to place 1 player and 2 boxes.
[SOKOBAN] Retry . . .
[SOKOBAN] Runtime Error/Warning: Generated Model with score == 0
[SOKOBAN] Retry . . .
[SOKOBAN] Runtime Error/Warning: Generated Model with score == 0
[SOKOBAN] Retry . . .
[SOKOBAN] Runtime Error/Warning: Not enough free spots (#3) to place 1 player and 2 boxes.
[SOKOBAN] Retry . . .
[SOKOBAN] Runtime Error/Warning: Generated Model with score == 0
[SOKOBAN] Retry . . .
[SOKOBAN] Runtime Error/Warning: Not enough free spots (#3) to place 1 player and 2 boxes.
[SOKOBAN] Retry . . .
[SOKOBAN] Runtime Error/Warning: Generated Model with score == 0
[SOKOBAN] Retry . . .
[SOKOBAN] Runtime Error/Warning: Generated Model with score == 0
[SOKOBAN] Retry . . .
[ 440/488] step= 450560 | ep=36519 | return=11.220 | guided%= 88.9 | bc=0.0000 | cumQ=402280 | bc_coef=0.000 | sps=124
[SOKOBAN] Runtime Error/Warning: Generated Model with score == 0
[SOKOBAN] Retry . . .
[SOKOBAN] Runtime Error/Warning: Generated Model with score == 0
[SOKOBAN] Retry . . .
[SOKOBAN] Runtime Error/Warning: Not enough free spots (#3) to place 1 player and 2 boxes.
[SOKOBAN] Retry . . .
[SOKOBAN] Runtime Error/Warning: Generated Model with score == 0
[SOKOBAN] Retry . . .
[SOKOBAN] Runtime Error/Warning: Generated Model with score == 0
[SOKOBAN] Retry . . .
[SOKOBAN] Runtime Error/Warning: Generated Model with score == 0
[SOKOBAN] Retry . . .
[SOKOBAN] Runtime Error/Warning: Generated Model with score == 0
[SOKOBAN] Retry . . .
[SOKOBAN] Runtime Error/Warning: Generated Model with score == 0
[SOKOBAN] Retry . . .
[SOKOBAN] Runtime Error/Warning: Generated Model with score == 0
[SOKOBAN] Retry . . .
[ 450/488] step= 460800 | ep=37372 | return=11.115 | guided%= 89.8 | bc=0.0000 | cumQ=411665 | bc_coef=0.000 | sps=124
[SOKOBAN] Runtime Error/Warning: Generated Model with score == 0
[SOKOBAN] Retry . . .
[SOKOBAN] Runtime Error/Warning: Generated Model with score == 0
[SOKOBAN] Retry . . .
[SOKOBAN] Runtime Error/Warning: Not enough free spots (#3) to place 1 player and 2 boxes.
[SOKOBAN] Retry . . .
[SOKOBAN] Runtime Error/Warning: Generated Model with score == 0
[SOKOBAN] Retry . . .
[SOKOBAN] Runtime Error/Warning: Generated Model with score == 0
[SOKOBAN] Retry . . .
[SOKOBAN] Runtime Error/Warning: Generated Model with score == 0
[SOKOBAN] Retry . . .
[SOKOBAN] Runtime Error/Warning: Generated Model with score == 0
[SOKOBAN] Retry . . .
[SOKOBAN] Runtime Error/Warning: Not enough free spots (#3) to place 1 player and 2 boxes.
[SOKOBAN] Retry . . .
[SOKOBAN] Runtime Error/Warning: Generated Model with score == 0
[SOKOBAN] Retry . . .
[SOKOBAN] Runtime Error/Warning: Generated Model with score == 0
[SOKOBAN] Retry . . .
[SOKOBAN] Runtime Error/Warning: Generated Model with score == 0
[SOKOBAN] Retry . . .
[SOKOBAN] Runtime Error/Warning: Not enough free spots (#3) to place 1 player and 2 boxes.
[SOKOBAN] Retry . . .
[SOKOBAN] Runtime Error/Warning: Generated Model with score == 0
[SOKOBAN] Retry . . .
[SOKOBAN] Runtime Error/Warning: Generated Model with score == 0
[SOKOBAN] Retry . . .
[SOKOBAN] Runtime Error/Warning: Not enough free spots (#3) to place 1 player and 2 boxes.
[SOKOBAN] Retry . . .
[ 460/488] step= 471040 | ep=38243 | return=11.196 | guided%= 88.3 | bc=0.0000 | cumQ=421031 | bc_coef=0.000 | sps=124
[SOKOBAN] Runtime Error/Warning: Generated Model with score == 0
[SOKOBAN] Retry . . .
[SOKOBAN] Runtime Error/Warning: Generated Model with score == 0
[SOKOBAN] Retry . . .
[SOKOBAN] Runtime Error/Warning: Not enough free spots (#3) to place 1 player and 2 boxes.
[SOKOBAN] Retry . . .
[SOKOBAN] Runtime Error/Warning: Generated Model with score == 0
[SOKOBAN] Retry . . .
[SOKOBAN] Runtime Error/Warning: Generated Model with score == 0
[SOKOBAN] Retry . . .
[SOKOBAN] Runtime Error/Warning: Not enough free spots (#3) to place 1 player and 2 boxes.
[SOKOBAN] Retry . . .
[SOKOBAN] Runtime Error/Warning: Generated Model with score == 0
[SOKOBAN] Retry . . .
[SOKOBAN] Runtime Error/Warning: Generated Model with score == 0
[SOKOBAN] Retry . . .
[SOKOBAN] Runtime Error/Warning: Generated Model with score == 0
[SOKOBAN] Retry . . .
[SOKOBAN] Runtime Error/Warning: Generated Model with score == 0
[SOKOBAN] Retry . . .
[SOKOBAN] Runtime Error/Warning: Generated Model with score == 0
[SOKOBAN] Retry . . .
[SOKOBAN] Runtime Error/Warning: Generated Model with score == 0
[SOKOBAN] Retry . . .
[SOKOBAN] Runtime Error/Warning: Generated Model with score == 0
[SOKOBAN] Retry . . .
[SOKOBAN] Runtime Error/Warning: Generated Model with score == 0
[SOKOBAN] Retry . . .
[SOKOBAN] Runtime Error/Warning: Generated Model with score == 0
[SOKOBAN] Retry . . .
[SOKOBAN] Runtime Error/Warning: Not enough free spots (#3) to place 1 player and 2 boxes.
[SOKOBAN] Retry . . .
[SOKOBAN] Runtime Error/Warning: Not enough free spots (#3) to place 1 player and 2 boxes.
[SOKOBAN] Retry . . .
[SOKOBAN] Runtime Error/Warning: Generated Model with score == 0
[SOKOBAN] Retry . . .
[ 470/488] step= 481280 | ep=39117 | return=11.276 | guided%= 88.7 | bc=0.0000 | cumQ=430398 | bc_coef=0.000 | sps=124
[SOKOBAN] Runtime Error/Warning: Generated Model with score == 0
[SOKOBAN] Retry . . .
[SOKOBAN] Runtime Error/Warning: Generated Model with score == 0
[SOKOBAN] Retry . . .
[SOKOBAN] Runtime Error/Warning: Generated Model with score == 0
[SOKOBAN] Retry . . .
[SOKOBAN] Runtime Error/Warning: Generated Model with score == 0
[SOKOBAN] Retry . . .
[SOKOBAN] Runtime Error/Warning: Generated Model with score == 0
[SOKOBAN] Retry . . .
[SOKOBAN] Runtime Error/Warning: Generated Model with score == 0
[SOKOBAN] Retry . . .
[SOKOBAN] Runtime Error/Warning: Not enough free spots (#3) to place 1 player and 2 boxes.
[SOKOBAN] Retry . . .
[SOKOBAN] Runtime Error/Warning: Generated Model with score == 0
[SOKOBAN] Retry . . .
[SOKOBAN] Runtime Error/Warning: Generated Model with score == 0
[SOKOBAN] Retry . . .
[SOKOBAN] Runtime Error/Warning: Generated Model with score == 0
[SOKOBAN] Retry . . .
[SOKOBAN] Runtime Error/Warning: Not enough free spots (#3) to place 1 player and 2 boxes.
[SOKOBAN] Retry . . .
[SOKOBAN] Runtime Error/Warning: Generated Model with score == 0
[SOKOBAN] Retry . . .
[SOKOBAN] Runtime Error/Warning: Generated Model with score == 0
[SOKOBAN] Retry . . .
[SOKOBAN] Runtime Error/Warning: Generated Model with score == 0
[SOKOBAN] Retry . . .
[SOKOBAN] Runtime Error/Warning: Not enough free spots (#3) to place 1 player and 2 boxes.
[SOKOBAN] Retry . . .
[ 480/488] step= 491520 | ep=39983 | return=11.175 | guided%= 89.2 | bc=0.0000 | cumQ=439770 | bc_coef=0.000 | sps=124
[SOKOBAN] Runtime Error/Warning: Generated Model with score == 0
[SOKOBAN] Retry . . .
[SOKOBAN] Runtime Error/Warning: Generated Model with score == 0
[SOKOBAN] Retry . . .
[SOKOBAN] Runtime Error/Warning: Not enough free spots (#3) to place 1 player and 2 boxes.
[SOKOBAN] Retry . . .
[SOKOBAN] Runtime Error/Warning: Generated Model with score == 0
[SOKOBAN] Retry . . .
[SOKOBAN] Runtime Error/Warning: Generated Model with score == 0
[SOKOBAN] Retry . . .
[SOKOBAN] Runtime Error/Warning: Not enough free spots (#3) to place 1 player and 2 boxes.
[SOKOBAN] Retry . . .
[SOKOBAN] Runtime Error/Warning: Generated Model with score == 0
[SOKOBAN] Retry . . .
[SOKOBAN] Runtime Error/Warning: Generated Model with score == 0
[SOKOBAN] Retry . . .
Saved → checkpoints/oracle_paid_01__Sokoban-small-v0__seed1__1778149174.pt
Generating plots...
Plots → figures/oracle_paid_01__Sokoban-small-v0__seed1__1778149174.png
End: jeu 07 mai 2026 13:26:48 CEST
