=== Job 2944639 | env=Sokoban-small-v0 exp=worldcoder_speed_16 seed=1 ===
Node: i20
Start: sam 23 mai 2026 14:18:33 CEST
Run: worldcoder_speed_16__Sokoban-small-v0__seed1__1779538753
  device=cuda, batch=4096, updates=16
  CSV → logs/worldcoder_speed_16__Sokoban-small-v0__seed1__1779538753.csv
  obs=(56, 56, 3), n_actions=9, query_action=None
  params=76,794
[SOKOBAN] Runtime Error/Warning: Not enough free spots (#3) to place 1 player and 2 boxes.
[SOKOBAN] Retry . . .
[   1/16] step=   4096 | ep=   80 | return=-4.625 | guided%=  0.0 | cumQ=     0 | kl=0.0004 | clip=0.000 | ev=-0.023 | sps=97
  *** First unguided success — episode 145 ***
[SOKOBAN] Runtime Error/Warning: Not enough free spots (#3) to place 1 player and 2 boxes.
[SOKOBAN] Retry . . .
[SOKOBAN] Runtime Error/Warning: Generated Model with score == 0
[SOKOBAN] Retry . . .
[SOKOBAN] Runtime Error/Warning: Generated Model with score == 0
[SOKOBAN] Retry . . .
[SOKOBAN] Runtime Error/Warning: Not enough free spots (#3) to place 1 player and 2 boxes.
[SOKOBAN] Retry . . .
[SOKOBAN] Runtime Error/Warning: Not enough free spots (#3) to place 1 player and 2 boxes.
[SOKOBAN] Retry . . .
[SOKOBAN] Runtime Error/Warning: Generated Model with score == 0
[SOKOBAN] Retry . . .
[SOKOBAN] Runtime Error/Warning: Not enough free spots (#3) to place 1 player and 2 boxes.
[SOKOBAN] Retry . . .
[SOKOBAN] Runtime Error/Warning: Not enough free spots (#3) to place 1 player and 2 boxes.
[SOKOBAN] Retry . . .
[SOKOBAN] Runtime Error/Warning: Generated Model with score == 0
[SOKOBAN] Retry . . .
[SOKOBAN] Runtime Error/Warning: Not enough free spots (#3) to place 1 player and 2 boxes.
[SOKOBAN] Retry . . .
[  10/16] step=  40960 | ep=  812 | return=-3.684 | guided%=  0.0 | cumQ=     0 | kl=0.0013 | clip=0.000 | ev=-0.015 | sps=138
[SOKOBAN] Runtime Error/Warning: Not enough free spots (#3) to place 1 player and 2 boxes.
[SOKOBAN] Retry . . .
[SOKOBAN] Runtime Error/Warning: Generated Model with score == 0
[SOKOBAN] Retry . . .
[SOKOBAN] Runtime Error/Warning: Generated Model with score == 0
[SOKOBAN] Retry . . .
[SOKOBAN] Runtime Error/Warning: Generated Model with score == 0
[SOKOBAN] Retry . . .
[SOKOBAN] Runtime Error/Warning: Generated Model with score == 0
[SOKOBAN] Retry . . .
[SOKOBAN] Runtime Error/Warning: Not enough free spots (#3) to place 1 player and 2 boxes.
[SOKOBAN] Retry . . .
[SOKOBAN] Runtime Error/Warning: Generated Model with score == 0
[SOKOBAN] Retry . . .
[SOKOBAN] Runtime Error/Warning: Generated Model with score == 0
[SOKOBAN] Retry . . .
Saved → checkpoints/worldcoder_speed_16__Sokoban-small-v0__seed1__1779538753.pt
Generating plots...
Saved → figures/worldcoder_speed_16__Sokoban-small-v0__seed1__1779538753.png
Plots → figures/worldcoder_speed_16__Sokoban-small-v0__seed1__1779538753.png
End: sam 23 mai 2026 14:27:50 CEST
