=== Oracle gratuit       (cost=0.00) | seed=1 ===
Run: oracle_free__MiniGrid-DoorKey-8x8-v0__seed1__1777319132
  device=cuda, batch=1024, updates=488
  CSV → logs/oracle_free__MiniGrid-DoorKey-8x8-v0__seed1__1777319132.csv
  obs=(64, 64, 3), n_actions=8, query_action=7
  params=67,167,753
[   1/488] step=   1024 | ep=    1 | return= 0.837 | guided%= 12.1 | bc=0.0000 | cumQ=   108 | bc_coef=0.000 | sps=77
[  10/488] step=  10240 | ep=   63 | return= 0.776 | guided%= 25.4 | bc=0.0000 | cumQ=  1940 | bc_coef=0.000 | sps=322
[  20/488] step=  20480 | ep=  467 | return= 0.974 | guided%= 87.6 | bc=0.0000 | cumQ=  9214 | bc_coef=0.000 | sps=383
[  30/488] step=  30720 | ep= 1013 | return= 0.972 | guided%= 92.2 | bc=0.0000 | cumQ= 18572 | bc_coef=0.000 | sps=406
[  40/488] step=  40960 | ep= 1583 | return= 0.977 | guided%= 93.4 | bc=0.0000 | cumQ= 28095 | bc_coef=0.000 | sps=419
[  50/488] step=  51200 | ep= 2128 | return= 0.971 | guided%= 85.1 | bc=0.0000 | cumQ= 37353 | bc_coef=0.000 | sps=427
[  60/488] step=  61440 | ep= 2686 | return= 0.976 | guided%= 90.0 | bc=0.0000 | cumQ= 46447 | bc_coef=0.000 | sps=432
[  70/488] step=  71680 | ep= 3231 | return= 0.975 | guided%= 86.3 | bc=0.0000 | cumQ= 55449 | bc_coef=0.000 | sps=436
[  80/488] step=  81920 | ep= 3786 | return= 0.976 | guided%= 87.8 | bc=0.0000 | cumQ= 64447 | bc_coef=0.000 | sps=439
[  90/488] step=  92160 | ep= 4360 | return= 0.976 | guided%= 92.2 | bc=0.0000 | cumQ= 73704 | bc_coef=0.000 | sps=442
[ 100/488] step= 102400 | ep= 4940 | return= 0.976 | guided%= 91.4 | bc=0.0000 | cumQ= 83145 | bc_coef=0.000 | sps=443
[ 110/488] step= 112640 | ep= 5513 | return= 0.976 | guided%= 92.2 | bc=0.0000 | cumQ= 92453 | bc_coef=0.000 | sps=445
[ 120/488] step= 122880 | ep= 6081 | return= 0.976 | guided%= 92.6 | bc=0.0000 | cumQ=101882 | bc_coef=0.000 | sps=446
[ 130/488] step= 133120 | ep= 6646 | return= 0.976 | guided%= 91.2 | bc=0.0000 | cumQ=111300 | bc_coef=0.000 | sps=447
[ 140/488] step= 143360 | ep= 7206 | return= 0.976 | guided%= 92.4 | bc=0.0000 | cumQ=120707 | bc_coef=0.000 | sps=448
[ 150/488] step= 153600 | ep= 7771 | return= 0.976 | guided%= 93.4 | bc=0.0000 | cumQ=130054 | bc_coef=0.000 | sps=449
[ 160/488] step= 163840 | ep= 8326 | return= 0.975 | guided%= 92.4 | bc=0.0000 | cumQ=139546 | bc_coef=0.000 | sps=450
[ 170/488] step= 174080 | ep= 8853 | return= 0.976 | guided%= 92.1 | bc=0.0000 | cumQ=148472 | bc_coef=0.000 | sps=451
[ 180/488] step= 184320 | ep= 9390 | return= 0.973 | guided%= 90.1 | bc=0.0000 | cumQ=157466 | bc_coef=0.000 | sps=451
[ 190/488] step= 194560 | ep= 9921 | return= 0.976 | guided%= 91.9 | bc=0.0000 | cumQ=166425 | bc_coef=0.000 | sps=452
[ 200/488] step= 204800 | ep=10490 | return= 0.977 | guided%= 93.2 | bc=0.0000 | cumQ=175913 | bc_coef=0.000 | sps=452
[ 210/488] step= 215040 | ep=11061 | return= 0.975 | guided%= 92.1 | bc=0.0000 | cumQ=185471 | bc_coef=0.000 | sps=453
[ 220/488] step= 225280 | ep=11622 | return= 0.976 | guided%= 93.2 | bc=0.0000 | cumQ=194962 | bc_coef=0.000 | sps=453
[ 230/488] step= 235520 | ep=12183 | return= 0.975 | guided%= 91.9 | bc=0.0000 | cumQ=204350 | bc_coef=0.000 | sps=453
[ 240/488] step= 245760 | ep=12743 | return= 0.976 | guided%= 91.7 | bc=0.0000 | cumQ=213666 | bc_coef=0.000 | sps=454
[ 250/488] step= 256000 | ep=13287 | return= 0.975 | guided%= 91.5 | bc=0.0000 | cumQ=222825 | bc_coef=0.000 | sps=454
[ 260/488] step= 266240 | ep=13830 | return= 0.976 | guided%= 93.6 | bc=0.0000 | cumQ=232093 | bc_coef=0.000 | sps=454
[ 270/488] step= 276480 | ep=14384 | return= 0.976 | guided%= 91.9 | bc=0.0000 | cumQ=241337 | bc_coef=0.000 | sps=454
[ 280/488] step= 286720 | ep=14901 | return= 0.973 | guided%= 89.1 | bc=0.0000 | cumQ=250213 | bc_coef=0.000 | sps=455
[ 290/488] step= 296960 | ep=15415 | return= 0.974 | guided%= 89.8 | bc=0.0000 | cumQ=259080 | bc_coef=0.000 | sps=455
[ 300/488] step= 307200 | ep=15952 | return= 0.975 | guided%= 92.0 | bc=0.0000 | cumQ=268288 | bc_coef=0.000 | sps=455
[ 310/488] step= 317440 | ep=16512 | return= 0.976 | guided%= 92.1 | bc=0.0000 | cumQ=277663 | bc_coef=0.000 | sps=455
[ 320/488] step= 327680 | ep=17081 | return= 0.977 | guided%= 93.2 | bc=0.0000 | cumQ=287040 | bc_coef=0.000 | sps=456
[ 330/488] step= 337920 | ep=17638 | return= 0.975 | guided%= 90.6 | bc=0.0000 | cumQ=296399 | bc_coef=0.000 | sps=456
[ 340/488] step= 348160 | ep=18177 | return= 0.975 | guided%= 92.0 | bc=0.0000 | cumQ=305554 | bc_coef=0.000 | sps=456
[ 350/488] step= 358400 | ep=18735 | return= 0.976 | guided%= 92.8 | bc=0.0000 | cumQ=314969 | bc_coef=0.000 | sps=456
[ 360/488] step= 368640 | ep=19298 | return= 0.975 | guided%= 91.6 | bc=0.0000 | cumQ=324395 | bc_coef=0.000 | sps=456
[ 370/488] step= 378880 | ep=19861 | return= 0.976 | guided%= 91.4 | bc=0.0000 | cumQ=333771 | bc_coef=0.000 | sps=456
[ 380/488] step= 389120 | ep=20431 | return= 0.976 | guided%= 92.9 | bc=0.0000 | cumQ=343225 | bc_coef=0.000 | sps=457
[ 390/488] step= 399360 | ep=20986 | return= 0.976 | guided%= 92.8 | bc=0.0000 | cumQ=352673 | bc_coef=0.000 | sps=457
[ 400/488] step= 409600 | ep=21546 | return= 0.976 | guided%= 92.9 | bc=0.0000 | cumQ=362176 | bc_coef=0.000 | sps=457
[ 410/488] step= 419840 | ep=22116 | return= 0.977 | guided%= 92.5 | bc=0.0000 | cumQ=371637 | bc_coef=0.000 | sps=457
[ 420/488] step= 430080 | ep=22687 | return= 0.976 | guided%= 91.8 | bc=0.0000 | cumQ=381111 | bc_coef=0.000 | sps=457
[ 430/488] step= 440320 | ep=23251 | return= 0.975 | guided%= 93.2 | bc=0.0000 | cumQ=390616 | bc_coef=0.000 | sps=457
[ 440/488] step= 450560 | ep=23805 | return= 0.976 | guided%= 92.3 | bc=0.0000 | cumQ=400020 | bc_coef=0.000 | sps=457
[ 450/488] step= 460800 | ep=24354 | return= 0.976 | guided%= 93.3 | bc=0.0000 | cumQ=409530 | bc_coef=0.000 | sps=457
[ 460/488] step= 471040 | ep=24930 | return= 0.976 | guided%= 94.0 | bc=0.0000 | cumQ=419148 | bc_coef=0.000 | sps=457
[ 470/488] step= 481280 | ep=25509 | return= 0.976 | guided%= 93.8 | bc=0.0000 | cumQ=428776 | bc_coef=0.000 | sps=457
[ 480/488] step= 491520 | ep=26085 | return= 0.976 | guided%= 94.1 | bc=0.0000 | cumQ=438413 | bc_coef=0.000 | sps=457
Generating plots...
Plots → figures/oracle_free__MiniGrid-DoorKey-8x8-v0__seed1__1777319132.png
=== Oracle payant faible (cost=0.01) | seed=1 ===
Run: oracle_paid_001__MiniGrid-DoorKey-8x8-v0__seed1__1777320263
  device=cuda, batch=1024, updates=488
  CSV → logs/oracle_paid_001__MiniGrid-DoorKey-8x8-v0__seed1__1777320263.csv
  obs=(64, 64, 3), n_actions=8, query_action=7
  params=67,167,753
[   1/488] step=   1024 | ep=    1 | return= 0.697 | guided%= 12.1 | bc=0.0000 | cumQ=   108 | bc_coef=0.000 | sps=256
[  10/488] step=  10240 | ep=   84 | return= 0.600 | guided%= 25.7 | bc=0.0000 | cumQ=  1992 | bc_coef=0.000 | sps=450
[  20/488] step=  20480 | ep=  489 | return= 0.813 | guided%= 74.6 | bc=0.0000 | cumQ=  8742 | bc_coef=0.000 | sps=461
[  30/488] step=  30720 | ep=  988 | return= 0.842 | guided%= 66.1 | bc=0.0000 | cumQ= 15701 | bc_coef=0.000 | sps=463
[  40/488] step=  40960 | ep= 1520 | return= 0.856 | guided%= 63.8 | bc=0.0000 | cumQ= 22528 | bc_coef=0.000 | sps=464
[  50/488] step=  51200 | ep= 2062 | return= 0.866 | guided%= 58.6 | bc=0.0000 | cumQ= 28530 | bc_coef=0.000 | sps=465
[  60/488] step=  61440 | ep= 2620 | return= 0.866 | guided%= 61.6 | bc=0.0000 | cumQ= 34781 | bc_coef=0.000 | sps=465
[  70/488] step=  71680 | ep= 3184 | return= 0.878 | guided%= 53.7 | bc=0.0000 | cumQ= 40714 | bc_coef=0.000 | sps=465
[  80/488] step=  81920 | ep= 3741 | return= 0.870 | guided%= 56.8 | bc=0.0000 | cumQ= 46665 | bc_coef=0.000 | sps=465
[  90/488] step=  92160 | ep= 4305 | return= 0.873 | guided%= 57.1 | bc=0.0000 | cumQ= 52454 | bc_coef=0.000 | sps=466
[ 100/488] step= 102400 | ep= 4873 | return= 0.870 | guided%= 57.6 | bc=0.0000 | cumQ= 58423 | bc_coef=0.000 | sps=466
[ 110/488] step= 112640 | ep= 5415 | return= 0.866 | guided%= 55.6 | bc=0.0000 | cumQ= 64015 | bc_coef=0.000 | sps=466
[ 120/488] step= 122880 | ep= 5971 | return= 0.870 | guided%= 56.2 | bc=0.0000 | cumQ= 69841 | bc_coef=0.000 | sps=467
[ 130/488] step= 133120 | ep= 6510 | return= 0.871 | guided%= 51.5 | bc=0.0000 | cumQ= 75329 | bc_coef=0.000 | sps=467
[ 140/488] step= 143360 | ep= 7065 | return= 0.875 | guided%= 53.4 | bc=0.0000 | cumQ= 80900 | bc_coef=0.000 | sps=467
[ 150/488] step= 153600 | ep= 7617 | return= 0.878 | guided%= 53.9 | bc=0.0000 | cumQ= 86213 | bc_coef=0.000 | sps=467
[ 160/488] step= 163840 | ep= 8161 | return= 0.876 | guided%= 53.3 | bc=0.0000 | cumQ= 91661 | bc_coef=0.000 | sps=467
[ 170/488] step= 174080 | ep= 8713 | return= 0.875 | guided%= 54.5 | bc=0.0000 | cumQ= 97174 | bc_coef=0.000 | sps=466
[ 180/488] step= 184320 | ep= 9274 | return= 0.876 | guided%= 55.5 | bc=0.0000 | cumQ=102782 | bc_coef=0.000 | sps=466
[ 190/488] step= 194560 | ep= 9833 | return= 0.879 | guided%= 53.1 | bc=0.0000 | cumQ=108256 | bc_coef=0.000 | sps=466
[ 200/488] step= 204800 | ep=10392 | return= 0.879 | guided%= 53.6 | bc=0.0000 | cumQ=113849 | bc_coef=0.000 | sps=466
[ 210/488] step= 215040 | ep=10953 | return= 0.871 | guided%= 57.2 | bc=0.0000 | cumQ=119472 | bc_coef=0.000 | sps=466
[ 220/488] step= 225280 | ep=11515 | return= 0.875 | guided%= 54.5 | bc=0.0000 | cumQ=125233 | bc_coef=0.000 | sps=466
[ 230/488] step= 235520 | ep=12075 | return= 0.870 | guided%= 56.2 | bc=0.0000 | cumQ=130823 | bc_coef=0.000 | sps=466
[ 240/488] step= 245760 | ep=12639 | return= 0.878 | guided%= 54.3 | bc=0.0000 | cumQ=136406 | bc_coef=0.000 | sps=466
[ 250/488] step= 256000 | ep=13201 | return= 0.886 | guided%= 50.6 | bc=0.0000 | cumQ=141767 | bc_coef=0.000 | sps=466
[ 260/488] step= 266240 | ep=13742 | return= 0.875 | guided%= 52.2 | bc=0.0000 | cumQ=146975 | bc_coef=0.000 | sps=467
[ 270/488] step= 276480 | ep=14286 | return= 0.876 | guided%= 53.3 | bc=0.0000 | cumQ=152253 | bc_coef=0.000 | sps=467
[ 280/488] step= 286720 | ep=14841 | return= 0.873 | guided%= 54.3 | bc=0.0000 | cumQ=157852 | bc_coef=0.000 | sps=467
[ 290/488] step= 296960 | ep=15390 | return= 0.881 | guided%= 52.1 | bc=0.0000 | cumQ=163296 | bc_coef=0.000 | sps=467
[ 300/488] step= 307200 | ep=15950 | return= 0.875 | guided%= 54.0 | bc=0.0000 | cumQ=168784 | bc_coef=0.000 | sps=467
[ 310/488] step= 317440 | ep=16507 | return= 0.881 | guided%= 52.7 | bc=0.0000 | cumQ=174273 | bc_coef=0.000 | sps=467
[ 320/488] step= 327680 | ep=17067 | return= 0.882 | guided%= 52.5 | bc=0.0000 | cumQ=179677 | bc_coef=0.000 | sps=467
[ 330/488] step= 337920 | ep=17637 | return= 0.882 | guided%= 52.1 | bc=0.0000 | cumQ=185233 | bc_coef=0.000 | sps=467
[ 340/488] step= 348160 | ep=18195 | return= 0.876 | guided%= 52.5 | bc=0.0000 | cumQ=190703 | bc_coef=0.000 | sps=467
[ 350/488] step= 358400 | ep=18727 | return= 0.878 | guided%= 53.1 | bc=0.0000 | cumQ=196071 | bc_coef=0.000 | sps=467
[ 360/488] step= 368640 | ep=19284 | return= 0.874 | guided%= 55.9 | bc=0.0000 | cumQ=201595 | bc_coef=0.000 | sps=467
[ 370/488] step= 378880 | ep=19856 | return= 0.881 | guided%= 53.7 | bc=0.0000 | cumQ=207179 | bc_coef=0.000 | sps=467
[ 380/488] step= 389120 | ep=20421 | return= 0.878 | guided%= 54.7 | bc=0.0000 | cumQ=212643 | bc_coef=0.000 | sps=467
[ 390/488] step= 399360 | ep=20987 | return= 0.877 | guided%= 54.2 | bc=0.0000 | cumQ=218236 | bc_coef=0.000 | sps=467
[ 400/488] step= 409600 | ep=21547 | return= 0.879 | guided%= 54.6 | bc=0.0000 | cumQ=223809 | bc_coef=0.000 | sps=467
[ 410/488] step= 419840 | ep=22091 | return= 0.878 | guided%= 54.9 | bc=0.0000 | cumQ=229157 | bc_coef=0.000 | sps=467
[ 420/488] step= 430080 | ep=22625 | return= 0.878 | guided%= 53.5 | bc=0.0000 | cumQ=234323 | bc_coef=0.000 | sps=467
[ 430/488] step= 440320 | ep=23179 | return= 0.877 | guided%= 54.9 | bc=0.0000 | cumQ=239720 | bc_coef=0.000 | sps=468
[ 440/488] step= 450560 | ep=23736 | return= 0.879 | guided%= 54.2 | bc=0.0000 | cumQ=245195 | bc_coef=0.000 | sps=468
[ 450/488] step= 460800 | ep=24294 | return= 0.878 | guided%= 52.4 | bc=0.0000 | cumQ=250590 | bc_coef=0.000 | sps=468
[ 460/488] step= 471040 | ep=24829 | return= 0.884 | guided%= 53.3 | bc=0.0000 | cumQ=255742 | bc_coef=0.000 | sps=468
[ 470/488] step= 481280 | ep=25401 | return= 0.885 | guided%= 52.1 | bc=0.0000 | cumQ=261191 | bc_coef=0.000 | sps=468
[ 480/488] step= 491520 | ep=25965 | return= 0.882 | guided%= 54.0 | bc=0.0000 | cumQ=266696 | bc_coef=0.000 | sps=468
Generating plots...
Plots → figures/oracle_paid_001__MiniGrid-DoorKey-8x8-v0__seed1__1777320263.png
=== Oracle payant moyen  (cost=0.05) | seed=1 ===
Run: oracle_paid_005__MiniGrid-DoorKey-8x8-v0__seed1__1777321339
  device=cuda, batch=1024, updates=488
  CSV → logs/oracle_paid_005__MiniGrid-DoorKey-8x8-v0__seed1__1777321339.csv
  obs=(64, 64, 3), n_actions=8, query_action=7
  params=67,167,753
[   1/488] step=   1024 | ep=    1 | return= 0.137 | guided%= 12.1 | bc=0.0000 | cumQ=   108 | bc_coef=0.000 | sps=292
[  10/488] step=  10240 | ep=   19 | return=-1.114 | guided%=  7.8 | bc=0.0000 | cumQ=   559 | bc_coef=0.000 | sps=471
[  20/488] step=  20480 | ep=   35 | return=-0.626 | guided%=  4.3 | bc=0.0000 | cumQ=   564 | bc_coef=0.000 | sps=491
[  30/488] step=  30720 | ep=   51 | return=-0.437 | guided%=  3.0 | bc=0.0000 | cumQ=   571 | bc_coef=0.000 | sps=498
[  40/488] step=  40960 | ep=   67 | return=-0.336 | guided%=  2.3 | bc=0.0000 | cumQ=   577 | bc_coef=0.000 | sps=502
[  50/488] step=  51200 | ep=   83 | return=-0.275 | guided%=  1.8 | bc=0.0000 | cumQ=   583 | bc_coef=0.000 | sps=505
  *** First unguided success — episode 98 ***
[  60/488] step=  61440 | ep=  100 | return=-0.213 | guided%=  1.5 | bc=0.0000 | cumQ=   585 | bc_coef=0.000 | sps=506
[  70/488] step=  71680 | ep=  116 | return=-0.017 | guided%=  0.1 | bc=0.0000 | cumQ=   585 | bc_coef=0.000 | sps=508
[  80/488] step=  81920 | ep=  132 | return= 0.010 | guided%=  0.0 | bc=0.0000 | cumQ=   585 | bc_coef=0.000 | sps=510
[  90/488] step=  92160 | ep=  148 | return= 0.013 | guided%=  0.0 | bc=0.0000 | cumQ=   587 | bc_coef=0.000 | sps=511
[ 100/488] step= 102400 | ep=  164 | return= 0.016 | guided%=  0.0 | bc=0.0000 | cumQ=   587 | bc_coef=0.000 | sps=511
[ 110/488] step= 112640 | ep=  179 | return= 0.018 | guided%=  0.0 | bc=0.0000 | cumQ=   587 | bc_coef=0.000 | sps=512
[ 120/488] step= 122880 | ep=  195 | return= 0.016 | guided%=  0.0 | bc=0.0000 | cumQ=   587 | bc_coef=0.000 | sps=513
[ 130/488] step= 133120 | ep=  211 | return= 0.006 | guided%=  0.0 | bc=0.0000 | cumQ=   587 | bc_coef=0.000 | sps=514
[ 140/488] step= 143360 | ep=  227 | return= 0.008 | guided%=  0.0 | bc=0.0000 | cumQ=   588 | bc_coef=0.000 | sps=514
[ 150/488] step= 153600 | ep=  243 | return= 0.011 | guided%=  0.0 | bc=0.0000 | cumQ=   588 | bc_coef=0.000 | sps=514
[ 160/488] step= 163840 | ep=  259 | return= 0.011 | guided%=  0.0 | bc=0.0000 | cumQ=   589 | bc_coef=0.000 | sps=514
[ 170/488] step= 174080 | ep=  277 | return= 0.021 | guided%=  0.0 | bc=0.0000 | cumQ=   591 | bc_coef=0.000 | sps=515
[ 180/488] step= 184320 | ep=  293 | return= 0.025 | guided%=  0.0 | bc=0.0000 | cumQ=   593 | bc_coef=0.000 | sps=515
[ 190/488] step= 194560 | ep=  311 | return= 0.047 | guided%=  0.0 | bc=0.0000 | cumQ=   594 | bc_coef=0.000 | sps=516
[ 200/488] step= 204800 | ep=  328 | return= 0.044 | guided%=  0.0 | bc=0.0000 | cumQ=   594 | bc_coef=0.000 | sps=516
[ 210/488] step= 215040 | ep=  347 | return= 0.071 | guided%=  0.0 | bc=0.0000 | cumQ=   596 | bc_coef=0.000 | sps=516
[ 220/488] step= 225280 | ep=  365 | return= 0.090 | guided%=  0.0 | bc=0.0000 | cumQ=   601 | bc_coef=0.000 | sps=516
[ 230/488] step= 235520 | ep=  386 | return= 0.129 | guided%=  0.1 | bc=0.0000 | cumQ=   612 | bc_coef=0.000 | sps=516
[ 240/488] step= 245760 | ep=  404 | return= 0.124 | guided%=  0.1 | bc=0.0000 | cumQ=   618 | bc_coef=0.000 | sps=517
[ 250/488] step= 256000 | ep=  421 | return= 0.137 | guided%=  0.1 | bc=0.0000 | cumQ=   626 | bc_coef=0.000 | sps=517
[ 260/488] step= 266240 | ep=  437 | return= 0.121 | guided%=  0.1 | bc=0.0000 | cumQ=   627 | bc_coef=0.000 | sps=517
[ 270/488] step= 276480 | ep=  457 | return= 0.136 | guided%=  0.1 | bc=0.0000 | cumQ=   627 | bc_coef=0.000 | sps=517
[ 280/488] step= 286720 | ep=  476 | return= 0.141 | guided%=  0.1 | bc=0.0000 | cumQ=   627 | bc_coef=0.000 | sps=517
[ 290/488] step= 296960 | ep=  494 | return= 0.126 | guided%=  0.0 | bc=0.0000 | cumQ=   628 | bc_coef=0.000 | sps=518
[ 300/488] step= 307200 | ep=  513 | return= 0.135 | guided%=  0.0 | bc=0.0000 | cumQ=   628 | bc_coef=0.000 | sps=518
[ 310/488] step= 317440 | ep=  530 | return= 0.144 | guided%=  0.0 | bc=0.0000 | cumQ=   628 | bc_coef=0.000 | sps=518
[ 320/488] step= 327680 | ep=  552 | return= 0.169 | guided%=  0.0 | bc=0.0000 | cumQ=   630 | bc_coef=0.000 | sps=518
[ 330/488] step= 337920 | ep=  570 | return= 0.177 | guided%=  0.0 | bc=0.0000 | cumQ=   630 | bc_coef=0.000 | sps=519
[ 340/488] step= 348160 | ep=  591 | return= 0.199 | guided%=  0.0 | bc=0.0000 | cumQ=   630 | bc_coef=0.000 | sps=519
[ 350/488] step= 358400 | ep=  612 | return= 0.210 | guided%=  0.0 | bc=0.0000 | cumQ=   630 | bc_coef=0.000 | sps=519
[ 360/488] step= 368640 | ep=  634 | return= 0.249 | guided%=  0.0 | bc=0.0000 | cumQ=   631 | bc_coef=0.000 | sps=519
[ 370/488] step= 378880 | ep=  655 | return= 0.266 | guided%=  0.0 | bc=0.0000 | cumQ=   632 | bc_coef=0.000 | sps=519
[ 380/488] step= 389120 | ep=  675 | return= 0.280 | guided%=  0.0 | bc=0.0000 | cumQ=   632 | bc_coef=0.000 | sps=519
[ 390/488] step= 399360 | ep=  695 | return= 0.269 | guided%=  0.0 | bc=0.0000 | cumQ=   634 | bc_coef=0.000 | sps=519
[ 400/488] step= 409600 | ep=  713 | return= 0.242 | guided%=  0.0 | bc=0.0000 | cumQ=   636 | bc_coef=0.000 | sps=519
[ 410/488] step= 419840 | ep=  732 | return= 0.206 | guided%=  0.0 | bc=0.0000 | cumQ=   641 | bc_coef=0.000 | sps=519
[ 420/488] step= 430080 | ep=  751 | return= 0.173 | guided%=  0.0 | bc=0.0000 | cumQ=   641 | bc_coef=0.000 | sps=519
[ 430/488] step= 440320 | ep=  770 | return= 0.168 | guided%=  0.0 | bc=0.0000 | cumQ=   641 | bc_coef=0.000 | sps=519
[ 440/488] step= 450560 | ep=  796 | return= 0.218 | guided%=  0.0 | bc=0.0000 | cumQ=   641 | bc_coef=0.000 | sps=519
[ 450/488] step= 460800 | ep=  820 | return= 0.277 | guided%=  0.0 | bc=0.0000 | cumQ=   643 | bc_coef=0.000 | sps=520
[ 460/488] step= 471040 | ep=  845 | return= 0.344 | guided%=  0.0 | bc=0.0000 | cumQ=   644 | bc_coef=0.000 | sps=520
[ 470/488] step= 481280 | ep=  868 | return= 0.380 | guided%=  0.0 | bc=0.0000 | cumQ=   644 | bc_coef=0.000 | sps=520
[ 480/488] step= 491520 | ep=  891 | return= 0.361 | guided%=  0.0 | bc=0.0000 | cumQ=   644 | bc_coef=0.000 | sps=520
Generating plots...
Saved → figures/oracle_paid_005__MiniGrid-DoorKey-8x8-v0__seed1__1777321339.png
Plots → figures/oracle_paid_005__MiniGrid-DoorKey-8x8-v0__seed1__1777321339.png
=== Baseline PPO                     | seed=1 ===
Run: baseline__MiniGrid-DoorKey-8x8-v0__seed1__1777322310
  device=cuda, batch=1024, updates=488
  CSV → logs/baseline__MiniGrid-DoorKey-8x8-v0__seed1__1777322310.csv
  obs=(64, 64, 3), n_actions=7, query_action=6
  params=67,167,496
[   1/488] step=   1024 | ep=    0 | return=   nan | guided%=  nan | bc=0.0000 | cumQ=     0 | bc_coef=0.000 | sps=293
[  10/488] step=  10240 | ep=    8 | return= 0.000 | guided%=  0.0 | bc=0.0000 | cumQ=     0 | bc_coef=0.000 | sps=471
[  20/488] step=  20480 | ep=   24 | return= 0.000 | guided%=  0.0 | bc=0.0000 | cumQ=     0 | bc_coef=0.000 | sps=489
[  30/488] step=  30720 | ep=   40 | return= 0.000 | guided%=  0.0 | bc=0.0000 | cumQ=     0 | bc_coef=0.000 | sps=495
[  40/488] step=  40960 | ep=   56 | return= 0.000 | guided%=  0.0 | bc=0.0000 | cumQ=     0 | bc_coef=0.000 | sps=499
[  50/488] step=  51200 | ep=   72 | return= 0.000 | guided%=  0.0 | bc=0.0000 | cumQ=     0 | bc_coef=0.000 | sps=502
[  60/488] step=  61440 | ep=   88 | return= 0.000 | guided%=  0.0 | bc=0.0000 | cumQ=     0 | bc_coef=0.000 | sps=503
  *** First unguided success — episode 105 ***
[  70/488] step=  71680 | ep=  105 | return= 0.006 | guided%=  0.0 | bc=0.0000 | cumQ=     0 | bc_coef=0.000 | sps=504
[  80/488] step=  81920 | ep=  122 | return= 0.008 | guided%=  0.0 | bc=0.0000 | cumQ=     0 | bc_coef=0.000 | sps=504
[  90/488] step=  92160 | ep=  138 | return= 0.008 | guided%=  0.0 | bc=0.0000 | cumQ=     0 | bc_coef=0.000 | sps=505
[ 100/488] step= 102400 | ep=  155 | return= 0.010 | guided%=  0.0 | bc=0.0000 | cumQ=     0 | bc_coef=0.000 | sps=506
[ 110/488] step= 112640 | ep=  171 | return= 0.010 | guided%=  0.0 | bc=0.0000 | cumQ=     0 | bc_coef=0.000 | sps=507
[ 120/488] step= 122880 | ep=  187 | return= 0.010 | guided%=  0.0 | bc=0.0000 | cumQ=     0 | bc_coef=0.000 | sps=507
[ 130/488] step= 133120 | ep=  203 | return= 0.010 | guided%=  0.0 | bc=0.0000 | cumQ=     0 | bc_coef=0.000 | sps=508
[ 140/488] step= 143360 | ep=  219 | return= 0.005 | guided%=  0.0 | bc=0.0000 | cumQ=     0 | bc_coef=0.000 | sps=508
[ 150/488] step= 153600 | ep=  235 | return= 0.003 | guided%=  0.0 | bc=0.0000 | cumQ=     0 | bc_coef=0.000 | sps=508
[ 160/488] step= 163840 | ep=  251 | return= 0.003 | guided%=  0.0 | bc=0.0000 | cumQ=     0 | bc_coef=0.000 | sps=508
[ 170/488] step= 174080 | ep=  267 | return= 0.001 | guided%=  0.0 | bc=0.0000 | cumQ=     0 | bc_coef=0.000 | sps=509
[ 180/488] step= 184320 | ep=  283 | return= 0.001 | guided%=  0.0 | bc=0.0000 | cumQ=     0 | bc_coef=0.000 | sps=509
[ 190/488] step= 194560 | ep=  299 | return= 0.001 | guided%=  0.0 | bc=0.0000 | cumQ=     0 | bc_coef=0.000 | sps=509
[ 200/488] step= 204800 | ep=  315 | return= 0.001 | guided%=  0.0 | bc=0.0000 | cumQ=     0 | bc_coef=0.000 | sps=510
[ 210/488] step= 215040 | ep=  331 | return= 0.001 | guided%=  0.0 | bc=0.0000 | cumQ=     0 | bc_coef=0.000 | sps=510
[ 220/488] step= 225280 | ep=  347 | return= 0.001 | guided%=  0.0 | bc=0.0000 | cumQ=     0 | bc_coef=0.000 | sps=510
[ 230/488] step= 235520 | ep=  363 | return= 0.000 | guided%=  0.0 | bc=0.0000 | cumQ=     0 | bc_coef=0.000 | sps=510
[ 240/488] step= 245760 | ep=  379 | return= 0.000 | guided%=  0.0 | bc=0.0000 | cumQ=     0 | bc_coef=0.000 | sps=510
[ 250/488] step= 256000 | ep=  395 | return= 0.000 | guided%=  0.0 | bc=0.0000 | cumQ=     0 | bc_coef=0.000 | sps=510
[ 260/488] step= 266240 | ep=  411 | return= 0.000 | guided%=  0.0 | bc=0.0000 | cumQ=     0 | bc_coef=0.000 | sps=510
[ 270/488] step= 276480 | ep=  427 | return= 0.000 | guided%=  0.0 | bc=0.0000 | cumQ=     0 | bc_coef=0.000 | sps=510
[ 280/488] step= 286720 | ep=  443 | return= 0.000 | guided%=  0.0 | bc=0.0000 | cumQ=     0 | bc_coef=0.000 | sps=510
[ 290/488] step= 296960 | ep=  459 | return= 0.000 | guided%=  0.0 | bc=0.0000 | cumQ=     0 | bc_coef=0.000 | sps=510
[ 300/488] step= 307200 | ep=  475 | return= 0.000 | guided%=  0.0 | bc=0.0000 | cumQ=     0 | bc_coef=0.000 | sps=510
[ 310/488] step= 317440 | ep=  491 | return= 0.000 | guided%=  0.0 | bc=0.0000 | cumQ=     0 | bc_coef=0.000 | sps=510
[ 320/488] step= 327680 | ep=  507 | return= 0.000 | guided%=  0.0 | bc=0.0000 | cumQ=     0 | bc_coef=0.000 | sps=510
[ 330/488] step= 337920 | ep=  522 | return= 0.000 | guided%=  0.0 | bc=0.0000 | cumQ=     0 | bc_coef=0.000 | sps=510
[ 340/488] step= 348160 | ep=  538 | return= 0.000 | guided%=  0.0 | bc=0.0000 | cumQ=     0 | bc_coef=0.000 | sps=510
[ 350/488] step= 358400 | ep=  554 | return= 0.000 | guided%=  0.0 | bc=0.0000 | cumQ=     0 | bc_coef=0.000 | sps=510
[ 360/488] step= 368640 | ep=  570 | return= 0.000 | guided%=  0.0 | bc=0.0000 | cumQ=     0 | bc_coef=0.000 | sps=510
[ 370/488] step= 378880 | ep=  586 | return= 0.000 | guided%=  0.0 | bc=0.0000 | cumQ=     0 | bc_coef=0.000 | sps=510
[ 380/488] step= 389120 | ep=  602 | return= 0.000 | guided%=  0.0 | bc=0.0000 | cumQ=     0 | bc_coef=0.000 | sps=510
[ 390/488] step= 399360 | ep=  618 | return= 0.000 | guided%=  0.0 | bc=0.0000 | cumQ=     0 | bc_coef=0.000 | sps=510
[ 400/488] step= 409600 | ep=  634 | return= 0.000 | guided%=  0.0 | bc=0.0000 | cumQ=     0 | bc_coef=0.000 | sps=510
[ 410/488] step= 419840 | ep=  650 | return= 0.000 | guided%=  0.0 | bc=0.0000 | cumQ=     0 | bc_coef=0.000 | sps=510
[ 420/488] step= 430080 | ep=  666 | return= 0.000 | guided%=  0.0 | bc=0.0000 | cumQ=     0 | bc_coef=0.000 | sps=510
[ 430/488] step= 440320 | ep=  682 | return= 0.000 | guided%=  0.0 | bc=0.0000 | cumQ=     0 | bc_coef=0.000 | sps=510
[ 440/488] step= 450560 | ep=  698 | return= 0.000 | guided%=  0.0 | bc=0.0000 | cumQ=     0 | bc_coef=0.000 | sps=510
[ 450/488] step= 460800 | ep=  714 | return= 0.000 | guided%=  0.0 | bc=0.0000 | cumQ=     0 | bc_coef=0.000 | sps=510
[ 460/488] step= 471040 | ep=  730 | return= 0.000 | guided%=  0.0 | bc=0.0000 | cumQ=     0 | bc_coef=0.000 | sps=510
[ 470/488] step= 481280 | ep=  746 | return= 0.000 | guided%=  0.0 | bc=0.0000 | cumQ=     0 | bc_coef=0.000 | sps=510
[ 480/488] step= 491520 | ep=  762 | return= 0.000 | guided%=  0.0 | bc=0.0000 | cumQ=     0 | bc_coef=0.000 | sps=510
Generating plots...
Saved → figures/baseline__MiniGrid-DoorKey-8x8-v0__seed1__1777322310.png
Plots → figures/baseline__MiniGrid-DoorKey-8x8-v0__seed1__1777322310.png
=== Oracle gratuit       (cost=0.00) | seed=2 ===
Run: oracle_free__MiniGrid-DoorKey-8x8-v0__seed2__1777323297
  device=cuda, batch=1024, updates=488
  CSV → logs/oracle_free__MiniGrid-DoorKey-8x8-v0__seed2__1777323297.csv
  obs=(64, 64, 3), n_actions=8, query_action=7
  params=67,167,753
[   1/488] step=   1024 | ep=    2 | return= 0.918 | guided%= 20.1 | bc=0.0000 | cumQ=   127 | bc_coef=0.000 | sps=293
[  10/488] step=  10240 | ep=   87 | return= 0.840 | guided%= 26.4 | bc=0.0000 | cumQ=  2120 | bc_coef=0.000 | sps=459
[  20/488] step=  20480 | ep=  458 | return= 0.971 | guided%= 76.5 | bc=0.0000 | cumQ=  8464 | bc_coef=0.000 | sps=466
[  30/488] step=  30720 | ep=  977 | return= 0.975 | guided%= 83.5 | bc=0.0000 | cumQ= 16965 | bc_coef=0.000 | sps=465
[  40/488] step=  40960 | ep= 1515 | return= 0.975 | guided%= 84.9 | bc=0.0000 | cumQ= 25794 | bc_coef=0.000 | sps=463
[  50/488] step=  51200 | ep= 2084 | return= 0.976 | guided%= 90.0 | bc=0.0000 | cumQ= 34714 | bc_coef=0.000 | sps=463
[  60/488] step=  61440 | ep= 2654 | return= 0.976 | guided%= 92.0 | bc=0.0000 | cumQ= 44188 | bc_coef=0.000 | sps=462
[  70/488] step=  71680 | ep= 3207 | return= 0.971 | guided%= 91.8 | bc=0.0000 | cumQ= 53701 | bc_coef=0.000 | sps=461
[  80/488] step=  81920 | ep= 3754 | return= 0.973 | guided%= 87.6 | bc=0.0000 | cumQ= 62566 | bc_coef=0.000 | sps=461
[  90/488] step=  92160 | ep= 4297 | return= 0.975 | guided%= 83.9 | bc=0.0000 | cumQ= 71473 | bc_coef=0.000 | sps=461
[ 100/488] step= 102400 | ep= 4875 | return= 0.977 | guided%= 90.4 | bc=0.0000 | cumQ= 80700 | bc_coef=0.000 | sps=461
[ 110/488] step= 112640 | ep= 5449 | return= 0.976 | guided%= 88.3 | bc=0.0000 | cumQ= 89826 | bc_coef=0.000 | sps=461
[ 120/488] step= 122880 | ep= 6016 | return= 0.976 | guided%= 88.4 | bc=0.0000 | cumQ= 98929 | bc_coef=0.000 | sps=460
[ 130/488] step= 133120 | ep= 6565 | return= 0.977 | guided%= 90.0 | bc=0.0000 | cumQ=107988 | bc_coef=0.000 | sps=460
[ 140/488] step= 143360 | ep= 7125 | return= 0.977 | guided%= 80.6 | bc=0.0000 | cumQ=116834 | bc_coef=0.000 | sps=460
[ 150/488] step= 153600 | ep= 7697 | return= 0.977 | guided%= 80.6 | bc=0.0000 | cumQ=125139 | bc_coef=0.000 | sps=460
[ 160/488] step= 163840 | ep= 8257 | return= 0.976 | guided%= 74.6 | bc=0.0000 | cumQ=132873 | bc_coef=0.000 | sps=460
[ 170/488] step= 174080 | ep= 8819 | return= 0.976 | guided%= 74.5 | bc=0.0000 | cumQ=140339 | bc_coef=0.000 | sps=460
[ 180/488] step= 184320 | ep= 9385 | return= 0.977 | guided%= 69.3 | bc=0.0000 | cumQ=147695 | bc_coef=0.000 | sps=460
[ 190/488] step= 194560 | ep= 9931 | return= 0.973 | guided%= 70.9 | bc=0.0000 | cumQ=155126 | bc_coef=0.000 | sps=460
[ 200/488] step= 204800 | ep=10502 | return= 0.976 | guided%= 74.9 | bc=0.0000 | cumQ=162772 | bc_coef=0.000 | sps=460
[ 210/488] step= 215040 | ep=11079 | return= 0.976 | guided%= 71.0 | bc=0.0000 | cumQ=170400 | bc_coef=0.000 | sps=460
[ 220/488] step= 225280 | ep=11644 | return= 0.976 | guided%= 72.3 | bc=0.0000 | cumQ=177893 | bc_coef=0.000 | sps=460
[ 230/488] step= 235520 | ep=12222 | return= 0.976 | guided%= 73.2 | bc=0.0000 | cumQ=185365 | bc_coef=0.000 | sps=460
[ 240/488] step= 245760 | ep=12792 | return= 0.977 | guided%= 79.2 | bc=0.0000 | cumQ=193441 | bc_coef=0.000 | sps=460
[ 250/488] step= 256000 | ep=13380 | return= 0.977 | guided%= 81.5 | bc=0.0000 | cumQ=201556 | bc_coef=0.000 | sps=460
[ 260/488] step= 266240 | ep=13951 | return= 0.977 | guided%= 83.4 | bc=0.0000 | cumQ=210149 | bc_coef=0.000 | sps=460
[ 270/488] step= 276480 | ep=14531 | return= 0.976 | guided%= 81.7 | bc=0.0000 | cumQ=218651 | bc_coef=0.000 | sps=460
[ 280/488] step= 286720 | ep=15095 | return= 0.977 | guided%= 77.9 | bc=0.0000 | cumQ=227003 | bc_coef=0.000 | sps=460
[ 290/488] step= 296960 | ep=15665 | return= 0.976 | guided%= 80.5 | bc=0.0000 | cumQ=235230 | bc_coef=0.000 | sps=460
[ 300/488] step= 307200 | ep=16238 | return= 0.977 | guided%= 78.8 | bc=0.0000 | cumQ=243439 | bc_coef=0.000 | sps=460
[ 310/488] step= 317440 | ep=16812 | return= 0.976 | guided%= 87.2 | bc=0.0000 | cumQ=252114 | bc_coef=0.000 | sps=460
[ 320/488] step= 327680 | ep=17391 | return= 0.976 | guided%= 86.0 | bc=0.0000 | cumQ=261030 | bc_coef=0.000 | sps=460
[ 330/488] step= 337920 | ep=17970 | return= 0.976 | guided%= 88.8 | bc=0.0000 | cumQ=270109 | bc_coef=0.000 | sps=460
[ 340/488] step= 348160 | ep=18543 | return= 0.976 | guided%= 87.5 | bc=0.0000 | cumQ=279107 | bc_coef=0.000 | sps=460
[ 350/488] step= 358400 | ep=19116 | return= 0.976 | guided%= 88.0 | bc=0.0000 | cumQ=288169 | bc_coef=0.000 | sps=460
[ 360/488] step= 368640 | ep=19693 | return= 0.977 | guided%= 87.8 | bc=0.0000 | cumQ=297199 | bc_coef=0.000 | sps=460
[ 370/488] step= 378880 | ep=20277 | return= 0.976 | guided%= 86.1 | bc=0.0000 | cumQ=306188 | bc_coef=0.000 | sps=459
[ 380/488] step= 389120 | ep=20860 | return= 0.977 | guided%= 86.2 | bc=0.0000 | cumQ=315008 | bc_coef=0.000 | sps=459
[ 390/488] step= 399360 | ep=21424 | return= 0.976 | guided%= 87.7 | bc=0.0000 | cumQ=324013 | bc_coef=0.000 | sps=459
[ 400/488] step= 409600 | ep=21998 | return= 0.977 | guided%= 83.0 | bc=0.0000 | cumQ=332679 | bc_coef=0.000 | sps=459
[ 410/488] step= 419840 | ep=22580 | return= 0.977 | guided%= 80.4 | bc=0.0000 | cumQ=341088 | bc_coef=0.000 | sps=459
[ 420/488] step= 430080 | ep=23147 | return= 0.977 | guided%= 79.3 | bc=0.0000 | cumQ=349482 | bc_coef=0.000 | sps=459
[ 430/488] step= 440320 | ep=23690 | return= 0.976 | guided%= 87.3 | bc=0.0000 | cumQ=358019 | bc_coef=0.000 | sps=459
[ 440/488] step= 450560 | ep=24271 | return= 0.976 | guided%= 85.5 | bc=0.0000 | cumQ=367020 | bc_coef=0.000 | sps=459
[ 450/488] step= 460800 | ep=24846 | return= 0.976 | guided%= 91.4 | bc=0.0000 | cumQ=376056 | bc_coef=0.000 | sps=459
[ 460/488] step= 471040 | ep=25425 | return= 0.976 | guided%= 89.5 | bc=0.0000 | cumQ=385201 | bc_coef=0.000 | sps=459
[ 470/488] step= 481280 | ep=26003 | return= 0.977 | guided%= 89.5 | bc=0.0000 | cumQ=394407 | bc_coef=0.000 | sps=459
[ 480/488] step= 491520 | ep=26581 | return= 0.977 | guided%= 89.2 | bc=0.0000 | cumQ=403709 | bc_coef=0.000 | sps=459
Generating plots...
Plots → figures/oracle_free__MiniGrid-DoorKey-8x8-v0__seed2__1777323297.png
=== Oracle payant faible (cost=0.01) | seed=2 ===
Run: oracle_paid_001__MiniGrid-DoorKey-8x8-v0__seed2__1777324390
  device=cuda, batch=1024, updates=488
  CSV → logs/oracle_paid_001__MiniGrid-DoorKey-8x8-v0__seed2__1777324390.csv
  obs=(64, 64, 3), n_actions=8, query_action=7
  params=67,167,753
[   1/488] step=   1024 | ep=    2 | return= 0.803 | guided%= 20.1 | bc=0.0000 | cumQ=   127 | bc_coef=0.000 | sps=276
[  10/488] step=  10240 | ep=  115 | return= 0.678 | guided%= 35.7 | bc=0.0000 | cumQ=  2663 | bc_coef=0.000 | sps=454
[  20/488] step=  20480 | ep=  560 | return= 0.795 | guided%= 85.4 | bc=0.0000 | cumQ= 10477 | bc_coef=0.000 | sps=460
[  30/488] step=  30720 | ep= 1055 | return= 0.809 | guided%= 79.9 | bc=0.0000 | cumQ= 18804 | bc_coef=0.000 | sps=462
[  40/488] step=  40960 | ep= 1579 | return= 0.829 | guided%= 79.5 | bc=0.0000 | cumQ= 26951 | bc_coef=0.000 | sps=463
[  50/488] step=  51200 | ep= 2118 | return= 0.850 | guided%= 64.4 | bc=0.0000 | cumQ= 33989 | bc_coef=0.000 | sps=463
[  60/488] step=  61440 | ep= 2651 | return= 0.876 | guided%= 53.2 | bc=0.0000 | cumQ= 39808 | bc_coef=0.000 | sps=456
[  70/488] step=  71680 | ep= 3196 | return= 0.864 | guided%= 61.1 | bc=0.0000 | cumQ= 45639 | bc_coef=0.000 | sps=458
[  80/488] step=  81920 | ep= 3729 | return= 0.868 | guided%= 53.5 | bc=0.0000 | cumQ= 51403 | bc_coef=0.000 | sps=459
[  90/488] step=  92160 | ep= 4269 | return= 0.878 | guided%= 51.3 | bc=0.0000 | cumQ= 56764 | bc_coef=0.000 | sps=460
[ 100/488] step= 102400 | ep= 4823 | return= 0.878 | guided%= 52.1 | bc=0.0000 | cumQ= 62268 | bc_coef=0.000 | sps=461
[ 110/488] step= 112640 | ep= 5372 | return= 0.873 | guided%= 52.2 | bc=0.0000 | cumQ= 67754 | bc_coef=0.000 | sps=462
[ 120/488] step= 122880 | ep= 5920 | return= 0.875 | guided%= 52.8 | bc=0.0000 | cumQ= 73251 | bc_coef=0.000 | sps=462
[ 130/488] step= 133120 | ep= 6461 | return= 0.872 | guided%= 55.4 | bc=0.0000 | cumQ= 78789 | bc_coef=0.000 | sps=462
[ 140/488] step= 143360 | ep= 6998 | return= 0.879 | guided%= 47.6 | bc=0.0000 | cumQ= 83998 | bc_coef=0.000 | sps=462
[ 150/488] step= 153600 | ep= 7566 | return= 0.883 | guided%= 53.6 | bc=0.0000 | cumQ= 89588 | bc_coef=0.000 | sps=463
[ 160/488] step= 163840 | ep= 8125 | return= 0.870 | guided%= 55.2 | bc=0.0000 | cumQ= 95213 | bc_coef=0.000 | sps=463
[ 170/488] step= 174080 | ep= 8687 | return= 0.876 | guided%= 52.9 | bc=0.0000 | cumQ=100777 | bc_coef=0.000 | sps=463
[ 180/488] step= 184320 | ep= 9238 | return= 0.881 | guided%= 53.6 | bc=0.0000 | cumQ=106255 | bc_coef=0.000 | sps=464
[ 190/488] step= 194560 | ep= 9799 | return= 0.877 | guided%= 53.1 | bc=0.0000 | cumQ=111819 | bc_coef=0.000 | sps=464
[ 200/488] step= 204800 | ep=10356 | return= 0.876 | guided%= 52.6 | bc=0.0000 | cumQ=117355 | bc_coef=0.000 | sps=464
[ 210/488] step= 215040 | ep=10914 | return= 0.874 | guided%= 53.9 | bc=0.0000 | cumQ=122767 | bc_coef=0.000 | sps=464
[ 220/488] step= 225280 | ep=11470 | return= 0.874 | guided%= 54.9 | bc=0.0000 | cumQ=128371 | bc_coef=0.000 | sps=464
[ 230/488] step= 235520 | ep=12028 | return= 0.881 | guided%= 51.9 | bc=0.0000 | cumQ=133822 | bc_coef=0.000 | sps=464
[ 240/488] step= 245760 | ep=12587 | return= 0.878 | guided%= 53.5 | bc=0.0000 | cumQ=139279 | bc_coef=0.000 | sps=465
[ 250/488] step= 256000 | ep=13129 | return= 0.878 | guided%= 51.0 | bc=0.0000 | cumQ=144411 | bc_coef=0.000 | sps=465
[ 260/488] step= 266240 | ep=13673 | return= 0.867 | guided%= 59.3 | bc=0.0000 | cumQ=149898 | bc_coef=0.000 | sps=465
[ 270/488] step= 276480 | ep=14233 | return= 0.876 | guided%= 53.4 | bc=0.0000 | cumQ=155557 | bc_coef=0.000 | sps=465
[ 280/488] step= 286720 | ep=14785 | return= 0.867 | guided%= 58.2 | bc=0.0000 | cumQ=161229 | bc_coef=0.000 | sps=465
[ 290/488] step= 296960 | ep=15345 | return= 0.880 | guided%= 53.1 | bc=0.0000 | cumQ=166942 | bc_coef=0.000 | sps=465
[ 300/488] step= 307200 | ep=15903 | return= 0.875 | guided%= 53.3 | bc=0.0000 | cumQ=172480 | bc_coef=0.000 | sps=465
[ 310/488] step= 317440 | ep=16458 | return= 0.878 | guided%= 52.7 | bc=0.0000 | cumQ=177999 | bc_coef=0.000 | sps=465
[ 320/488] step= 327680 | ep=17021 | return= 0.877 | guided%= 53.6 | bc=0.0000 | cumQ=183540 | bc_coef=0.000 | sps=465
[ 330/488] step= 337920 | ep=17595 | return= 0.881 | guided%= 52.6 | bc=0.0000 | cumQ=189082 | bc_coef=0.000 | sps=465
[ 340/488] step= 348160 | ep=18151 | return= 0.878 | guided%= 52.8 | bc=0.0000 | cumQ=194498 | bc_coef=0.000 | sps=466
[ 350/488] step= 358400 | ep=18710 | return= 0.879 | guided%= 52.8 | bc=0.0000 | cumQ=199988 | bc_coef=0.000 | sps=466
[ 360/488] step= 368640 | ep=19271 | return= 0.885 | guided%= 50.7 | bc=0.0000 | cumQ=205446 | bc_coef=0.000 | sps=466
[ 370/488] step= 378880 | ep=19838 | return= 0.881 | guided%= 53.2 | bc=0.0000 | cumQ=210937 | bc_coef=0.000 | sps=466
[ 380/488] step= 389120 | ep=20408 | return= 0.878 | guided%= 54.6 | bc=0.0000 | cumQ=216542 | bc_coef=0.000 | sps=466
[ 390/488] step= 399360 | ep=20977 | return= 0.874 | guided%= 54.7 | bc=0.0000 | cumQ=222098 | bc_coef=0.000 | sps=466
[ 400/488] step= 409600 | ep=21532 | return= 0.876 | guided%= 53.9 | bc=0.0000 | cumQ=227662 | bc_coef=0.000 | sps=466
[ 410/488] step= 419840 | ep=22089 | return= 0.882 | guided%= 51.6 | bc=0.0000 | cumQ=233097 | bc_coef=0.000 | sps=466
[ 420/488] step= 430080 | ep=22642 | return= 0.874 | guided%= 55.2 | bc=0.0000 | cumQ=238412 | bc_coef=0.000 | sps=466
[ 430/488] step= 440320 | ep=23202 | return= 0.875 | guided%= 54.6 | bc=0.0000 | cumQ=243896 | bc_coef=0.000 | sps=466
[ 440/488] step= 450560 | ep=23756 | return= 0.880 | guided%= 52.0 | bc=0.0000 | cumQ=249287 | bc_coef=0.000 | sps=466
[ 450/488] step= 460800 | ep=24317 | return= 0.878 | guided%= 51.9 | bc=0.0000 | cumQ=254733 | bc_coef=0.000 | sps=466
[ 460/488] step= 471040 | ep=24873 | return= 0.882 | guided%= 52.5 | bc=0.0000 | cumQ=260173 | bc_coef=0.000 | sps=466
[ 470/488] step= 481280 | ep=25447 | return= 0.882 | guided%= 53.2 | bc=0.0000 | cumQ=265724 | bc_coef=0.000 | sps=466
[ 480/488] step= 491520 | ep=26020 | return= 0.882 | guided%= 53.4 | bc=0.0000 | cumQ=271300 | bc_coef=0.000 | sps=466
Generating plots...
Plots → figures/oracle_paid_001__MiniGrid-DoorKey-8x8-v0__seed2__1777324390.png
=== Oracle payant moyen  (cost=0.05) | seed=2 ===
Run: oracle_paid_005__MiniGrid-DoorKey-8x8-v0__seed2__1777325468
  device=cuda, batch=1024, updates=488
  CSV → logs/oracle_paid_005__MiniGrid-DoorKey-8x8-v0__seed2__1777325468.csv
  obs=(64, 64, 3), n_actions=8, query_action=7
  params=67,167,753
[   1/488] step=   1024 | ep=    2 | return= 0.343 | guided%= 20.1 | bc=0.0000 | cumQ=   127 | bc_coef=0.000 | sps=276
[  10/488] step=  10240 | ep=   19 | return=-1.119 | guided%= 10.0 | bc=0.0000 | cumQ=   631 | bc_coef=0.000 | sps=466
[  20/488] step=  20480 | ep=   35 | return=-0.693 | guided%=  5.7 | bc=0.0000 | cumQ=   647 | bc_coef=0.000 | sps=487
[  30/488] step=  30720 | ep=   51 | return=-0.485 | guided%=  3.9 | bc=0.0000 | cumQ=   653 | bc_coef=0.000 | sps=495
  *** First unguided success — episode 57 ***
[  40/488] step=  40960 | ep=   68 | return=-0.357 | guided%=  3.0 | bc=0.0000 | cumQ=   656 | bc_coef=0.000 | sps=499
[  50/488] step=  51200 | ep=   84 | return=-0.293 | guided%=  2.4 | bc=0.0000 | cumQ=   664 | bc_coef=0.000 | sps=501
[  60/488] step=  61440 | ep=  100 | return=-0.247 | guided%=  2.0 | bc=0.0000 | cumQ=   665 | bc_coef=0.000 | sps=503
[  70/488] step=  71680 | ep=  117 | return=-0.037 | guided%=  0.2 | bc=0.0000 | cumQ=   665 | bc_coef=0.000 | sps=504
[  80/488] step=  81920 | ep=  133 | return= 0.014 | guided%=  0.0 | bc=0.0000 | cumQ=   666 | bc_coef=0.000 | sps=505
[  90/488] step=  92160 | ep=  150 | return= 0.024 | guided%=  0.0 | bc=0.0000 | cumQ=   667 | bc_coef=0.000 | sps=505
[ 100/488] step= 102400 | ep=  166 | return= 0.021 | guided%=  0.0 | bc=0.0000 | cumQ=   669 | bc_coef=0.000 | sps=506
[ 110/488] step= 112640 | ep=  183 | return= 0.028 | guided%=  0.0 | bc=0.0000 | cumQ=   670 | bc_coef=0.000 | sps=507
[ 120/488] step= 122880 | ep=  199 | return= 0.027 | guided%=  0.0 | bc=0.0000 | cumQ=   675 | bc_coef=0.000 | sps=507
[ 130/488] step= 133120 | ep=  214 | return= 0.021 | guided%=  0.0 | bc=0.0000 | cumQ=   677 | bc_coef=0.000 | sps=508
[ 140/488] step= 143360 | ep=  231 | return= 0.011 | guided%=  0.0 | bc=0.0000 | cumQ=   684 | bc_coef=0.000 | sps=509
[ 150/488] step= 153600 | ep=  248 | return= 0.015 | guided%=  0.0 | bc=0.0000 | cumQ=   687 | bc_coef=0.000 | sps=510
[ 160/488] step= 163840 | ep=  264 | return= 0.008 | guided%=  0.0 | bc=0.0000 | cumQ=   695 | bc_coef=0.000 | sps=511
[ 170/488] step= 174080 | ep=  280 | return= 0.007 | guided%=  0.0 | bc=0.0000 | cumQ=   700 | bc_coef=0.000 | sps=512
[ 180/488] step= 184320 | ep=  296 | return= 0.009 | guided%=  0.1 | bc=0.0000 | cumQ=   707 | bc_coef=0.000 | sps=512
[ 190/488] step= 194560 | ep=  312 | return= 0.003 | guided%=  0.1 | bc=0.0000 | cumQ=   714 | bc_coef=0.000 | sps=512
[ 200/488] step= 204800 | ep=  329 | return= 0.014 | guided%=  0.1 | bc=0.0000 | cumQ=   715 | bc_coef=0.000 | sps=512
[ 210/488] step= 215040 | ep=  345 | return= 0.008 | guided%=  0.0 | bc=0.0000 | cumQ=   715 | bc_coef=0.000 | sps=513
[ 220/488] step= 225280 | ep=  361 | return= 0.012 | guided%=  0.0 | bc=0.0000 | cumQ=   716 | bc_coef=0.000 | sps=513
[ 230/488] step= 235520 | ep=  377 | return= 0.009 | guided%=  0.0 | bc=0.0000 | cumQ=   717 | bc_coef=0.000 | sps=513
[ 240/488] step= 245760 | ep=  393 | return= 0.011 | guided%=  0.0 | bc=0.0000 | cumQ=   718 | bc_coef=0.000 | sps=513
[ 250/488] step= 256000 | ep=  409 | return= 0.016 | guided%=  0.0 | bc=0.0000 | cumQ=   720 | bc_coef=0.000 | sps=513
[ 260/488] step= 266240 | ep=  426 | return= 0.008 | guided%=  0.0 | bc=0.0000 | cumQ=   723 | bc_coef=0.000 | sps=513
[ 270/488] step= 276480 | ep=  442 | return= 0.004 | guided%=  0.0 | bc=0.0000 | cumQ=   728 | bc_coef=0.000 | sps=513
[ 280/488] step= 286720 | ep=  458 | return= 0.004 | guided%=  0.0 | bc=0.0000 | cumQ=   729 | bc_coef=0.000 | sps=513
[ 290/488] step= 296960 | ep=  475 | return= 0.011 | guided%=  0.0 | bc=0.0000 | cumQ=   731 | bc_coef=0.000 | sps=513
[ 300/488] step= 307200 | ep=  491 | return= 0.006 | guided%=  0.0 | bc=0.0000 | cumQ=   739 | bc_coef=0.000 | sps=513
[ 310/488] step= 317440 | ep=  507 | return= 0.002 | guided%=  0.0 | bc=0.0000 | cumQ=   747 | bc_coef=0.000 | sps=513
[ 320/488] step= 327680 | ep=  523 | return= 0.003 | guided%=  0.0 | bc=0.0000 | cumQ=   752 | bc_coef=0.000 | sps=513
[ 330/488] step= 337920 | ep=  540 | return= 0.011 | guided%=  0.0 | bc=0.0000 | cumQ=   755 | bc_coef=0.000 | sps=513
[ 340/488] step= 348160 | ep=  557 | return= 0.024 | guided%=  0.1 | bc=0.0000 | cumQ=   761 | bc_coef=0.000 | sps=513
[ 350/488] step= 358400 | ep=  574 | return= 0.023 | guided%=  0.1 | bc=0.0000 | cumQ=   767 | bc_coef=0.000 | sps=513
[ 360/488] step= 368640 | ep=  591 | return= 0.031 | guided%=  0.1 | bc=0.0000 | cumQ=   768 | bc_coef=0.000 | sps=513
[ 370/488] step= 378880 | ep=  607 | return= 0.033 | guided%=  0.0 | bc=0.0000 | cumQ=   769 | bc_coef=0.000 | sps=513
[ 380/488] step= 389120 | ep=  623 | return= 0.028 | guided%=  0.0 | bc=0.0000 | cumQ=   770 | bc_coef=0.000 | sps=513
[ 390/488] step= 399360 | ep=  640 | return= 0.029 | guided%=  0.0 | bc=0.0000 | cumQ=   770 | bc_coef=0.000 | sps=513
[ 400/488] step= 409600 | ep=  656 | return= 0.016 | guided%=  0.0 | bc=0.0000 | cumQ=   770 | bc_coef=0.000 | sps=513
[ 410/488] step= 419840 | ep=  672 | return= 0.010 | guided%=  0.0 | bc=0.0000 | cumQ=   770 | bc_coef=0.000 | sps=513
[ 420/488] step= 430080 | ep=  688 | return= 0.005 | guided%=  0.0 | bc=0.0000 | cumQ=   770 | bc_coef=0.000 | sps=513
[ 430/488] step= 440320 | ep=  704 | return= 0.004 | guided%=  0.0 | bc=0.0000 | cumQ=   773 | bc_coef=0.000 | sps=513
[ 440/488] step= 450560 | ep=  720 | return= 0.004 | guided%=  0.0 | bc=0.0000 | cumQ=   774 | bc_coef=0.000 | sps=513
[ 450/488] step= 460800 | ep=  737 | return= 0.003 | guided%=  0.0 | bc=0.0000 | cumQ=   775 | bc_coef=0.000 | sps=513
[ 460/488] step= 471040 | ep=  753 | return= 0.003 | guided%=  0.0 | bc=0.0000 | cumQ=   775 | bc_coef=0.000 | sps=513
[ 470/488] step= 481280 | ep=  769 | return= 0.008 | guided%=  0.0 | bc=0.0000 | cumQ=   776 | bc_coef=0.000 | sps=513
[ 480/488] step= 491520 | ep=  785 | return= 0.008 | guided%=  0.0 | bc=0.0000 | cumQ=   779 | bc_coef=0.000 | sps=513
Generating plots...
Saved → figures/oracle_paid_005__MiniGrid-DoorKey-8x8-v0__seed2__1777325468.png
Plots → figures/oracle_paid_005__MiniGrid-DoorKey-8x8-v0__seed2__1777325468.png
=== Baseline PPO                     | seed=2 ===
Run: baseline__MiniGrid-DoorKey-8x8-v0__seed2__1777326450
  device=cuda, batch=1024, updates=488
  CSV → logs/baseline__MiniGrid-DoorKey-8x8-v0__seed2__1777326450.csv
  obs=(64, 64, 3), n_actions=7, query_action=6
  params=67,167,496
[   1/488] step=   1024 | ep=    0 | return=   nan | guided%=  nan | bc=0.0000 | cumQ=     0 | bc_coef=0.000 | sps=340
[  10/488] step=  10240 | ep=    8 | return= 0.000 | guided%=  0.0 | bc=0.0000 | cumQ=     0 | bc_coef=0.000 | sps=486
[  20/488] step=  20480 | ep=   24 | return= 0.000 | guided%=  0.0 | bc=0.0000 | cumQ=     0 | bc_coef=0.000 | sps=498
[  30/488] step=  30720 | ep=   40 | return= 0.000 | guided%=  0.0 | bc=0.0000 | cumQ=     0 | bc_coef=0.000 | sps=502
[  40/488] step=  40960 | ep=   56 | return= 0.000 | guided%=  0.0 | bc=0.0000 | cumQ=     0 | bc_coef=0.000 | sps=505
  *** First unguided success — episode 65 ***
[  50/488] step=  51200 | ep=   73 | return= 0.005 | guided%=  0.0 | bc=0.0000 | cumQ=     0 | bc_coef=0.000 | sps=506
[  60/488] step=  61440 | ep=   89 | return= 0.004 | guided%=  0.0 | bc=0.0000 | cumQ=     0 | bc_coef=0.000 | sps=507
[  70/488] step=  71680 | ep=  105 | return= 0.004 | guided%=  0.0 | bc=0.0000 | cumQ=     0 | bc_coef=0.000 | sps=508
[  80/488] step=  81920 | ep=  121 | return= 0.004 | guided%=  0.0 | bc=0.0000 | cumQ=     0 | bc_coef=0.000 | sps=508
[  90/488] step=  92160 | ep=  137 | return= 0.004 | guided%=  0.0 | bc=0.0000 | cumQ=     0 | bc_coef=0.000 | sps=509
[ 100/488] step= 102400 | ep=  153 | return= 0.004 | guided%=  0.0 | bc=0.0000 | cumQ=     0 | bc_coef=0.000 | sps=509
[ 110/488] step= 112640 | ep=  169 | return= 0.000 | guided%=  0.0 | bc=0.0000 | cumQ=     0 | bc_coef=0.000 | sps=509
[ 120/488] step= 122880 | ep=  185 | return= 0.000 | guided%=  0.0 | bc=0.0000 | cumQ=     0 | bc_coef=0.000 | sps=509
[ 130/488] step= 133120 | ep=  201 | return= 0.000 | guided%=  0.0 | bc=0.0000 | cumQ=     0 | bc_coef=0.000 | sps=510
[ 140/488] step= 143360 | ep=  217 | return= 0.000 | guided%=  0.0 | bc=0.0000 | cumQ=     0 | bc_coef=0.000 | sps=510
[ 150/488] step= 153600 | ep=  233 | return= 0.000 | guided%=  0.0 | bc=0.0000 | cumQ=     0 | bc_coef=0.000 | sps=510
[ 160/488] step= 163840 | ep=  249 | return= 0.000 | guided%=  0.0 | bc=0.0000 | cumQ=     0 | bc_coef=0.000 | sps=510
[ 170/488] step= 174080 | ep=  265 | return= 0.000 | guided%=  0.0 | bc=0.0000 | cumQ=     0 | bc_coef=0.000 | sps=510
[ 180/488] step= 184320 | ep=  281 | return= 0.000 | guided%=  0.0 | bc=0.0000 | cumQ=     0 | bc_coef=0.000 | sps=511
[ 190/488] step= 194560 | ep=  297 | return= 0.001 | guided%=  0.0 | bc=0.0000 | cumQ=     0 | bc_coef=0.000 | sps=511
[ 200/488] step= 204800 | ep=  313 | return= 0.001 | guided%=  0.0 | bc=0.0000 | cumQ=     0 | bc_coef=0.000 | sps=511
[ 210/488] step= 215040 | ep=  329 | return= 0.001 | guided%=  0.0 | bc=0.0000 | cumQ=     0 | bc_coef=0.000 | sps=511
[ 220/488] step= 225280 | ep=  345 | return= 0.001 | guided%=  0.0 | bc=0.0000 | cumQ=     0 | bc_coef=0.000 | sps=512
[ 230/488] step= 235520 | ep=  361 | return= 0.001 | guided%=  0.0 | bc=0.0000 | cumQ=     0 | bc_coef=0.000 | sps=512
[ 240/488] step= 245760 | ep=  377 | return= 0.001 | guided%=  0.0 | bc=0.0000 | cumQ=     0 | bc_coef=0.000 | sps=512
[ 250/488] step= 256000 | ep=  393 | return= 0.000 | guided%=  0.0 | bc=0.0000 | cumQ=     0 | bc_coef=0.000 | sps=512
[ 260/488] step= 266240 | ep=  409 | return= 0.000 | guided%=  0.0 | bc=0.0000 | cumQ=     0 | bc_coef=0.000 | sps=512
[ 270/488] step= 276480 | ep=  425 | return= 0.000 | guided%=  0.0 | bc=0.0000 | cumQ=     0 | bc_coef=0.000 | sps=512
[ 280/488] step= 286720 | ep=  441 | return= 0.000 | guided%=  0.0 | bc=0.0000 | cumQ=     0 | bc_coef=0.000 | sps=512
[ 290/488] step= 296960 | ep=  457 | return= 0.000 | guided%=  0.0 | bc=0.0000 | cumQ=     0 | bc_coef=0.000 | sps=512
[ 300/488] step= 307200 | ep=  473 | return= 0.000 | guided%=  0.0 | bc=0.0000 | cumQ=     0 | bc_coef=0.000 | sps=512
[ 310/488] step= 317440 | ep=  489 | return= 0.000 | guided%=  0.0 | bc=0.0000 | cumQ=     0 | bc_coef=0.000 | sps=512
[ 320/488] step= 327680 | ep=  505 | return= 0.000 | guided%=  0.0 | bc=0.0000 | cumQ=     0 | bc_coef=0.000 | sps=513
[ 330/488] step= 337920 | ep=  521 | return= 0.000 | guided%=  0.0 | bc=0.0000 | cumQ=     0 | bc_coef=0.000 | sps=513
[ 340/488] step= 348160 | ep=  537 | return= 0.000 | guided%=  0.0 | bc=0.0000 | cumQ=     0 | bc_coef=0.000 | sps=513
[ 350/488] step= 358400 | ep=  553 | return= 0.000 | guided%=  0.0 | bc=0.0000 | cumQ=     0 | bc_coef=0.000 | sps=513
[ 360/488] step= 368640 | ep=  569 | return= 0.004 | guided%=  0.0 | bc=0.0000 | cumQ=     0 | bc_coef=0.000 | sps=513
[ 370/488] step= 378880 | ep=  585 | return= 0.004 | guided%=  0.0 | bc=0.0000 | cumQ=     0 | bc_coef=0.000 | sps=514
[ 380/488] step= 389120 | ep=  601 | return= 0.004 | guided%=  0.0 | bc=0.0000 | cumQ=     0 | bc_coef=0.000 | sps=514
[ 390/488] step= 399360 | ep=  618 | return= 0.008 | guided%=  0.0 | bc=0.0000 | cumQ=     0 | bc_coef=0.000 | sps=514
[ 400/488] step= 409600 | ep=  635 | return= 0.013 | guided%=  0.0 | bc=0.0000 | cumQ=     0 | bc_coef=0.000 | sps=514
[ 410/488] step= 419840 | ep=  651 | return= 0.013 | guided%=  0.0 | bc=0.0000 | cumQ=     0 | bc_coef=0.000 | sps=514
[ 420/488] step= 430080 | ep=  667 | return= 0.013 | guided%=  0.0 | bc=0.0000 | cumQ=     0 | bc_coef=0.000 | sps=514
[ 430/488] step= 440320 | ep=  684 | return= 0.014 | guided%=  0.0 | bc=0.0000 | cumQ=     0 | bc_coef=0.000 | sps=514
[ 440/488] step= 450560 | ep=  700 | return= 0.014 | guided%=  0.0 | bc=0.0000 | cumQ=     0 | bc_coef=0.000 | sps=515
[ 450/488] step= 460800 | ep=  716 | return= 0.011 | guided%=  0.0 | bc=0.0000 | cumQ=     0 | bc_coef=0.000 | sps=515
[ 460/488] step= 471040 | ep=  732 | return= 0.005 | guided%=  0.0 | bc=0.0000 | cumQ=     0 | bc_coef=0.000 | sps=515
[ 470/488] step= 481280 | ep=  748 | return= 0.005 | guided%=  0.0 | bc=0.0000 | cumQ=     0 | bc_coef=0.000 | sps=515
[ 480/488] step= 491520 | ep=  764 | return= 0.005 | guided%=  0.0 | bc=0.0000 | cumQ=     0 | bc_coef=0.000 | sps=515
Generating plots...
Saved → figures/baseline__MiniGrid-DoorKey-8x8-v0__seed2__1777326450.png
Plots → figures/baseline__MiniGrid-DoorKey-8x8-v0__seed2__1777326450.png
=== Oracle gratuit       (cost=0.00) | seed=3 ===
Run: oracle_free__MiniGrid-DoorKey-8x8-v0__seed3__1777327425
  device=cuda, batch=1024, updates=488
  CSV → logs/oracle_free__MiniGrid-DoorKey-8x8-v0__seed3__1777327425.csv
  obs=(64, 64, 3), n_actions=8, query_action=7
  params=67,167,753
[   1/488] step=   1024 | ep=    2 | return= 0.859 | guided%= 21.8 | bc=0.0000 | cumQ=   139 | bc_coef=0.000 | sps=320
[  10/488] step=  10240 | ep=   77 | return= 0.819 | guided%= 24.5 | bc=0.0000 | cumQ=  2022 | bc_coef=0.000 | sps=469
[  20/488] step=  20480 | ep=  469 | return= 0.972 | guided%= 82.7 | bc=0.0000 | cumQ=  8709 | bc_coef=0.000 | sps=472
[  30/488] step=  30720 | ep= 1005 | return= 0.974 | guided%= 91.0 | bc=0.0000 | cumQ= 17791 | bc_coef=0.000 | sps=470
[  40/488] step=  40960 | ep= 1562 | return= 0.976 | guided%= 90.7 | bc=0.0000 | cumQ= 27092 | bc_coef=0.000 | sps=469
[  50/488] step=  51200 | ep= 2128 | return= 0.976 | guided%= 88.6 | bc=0.0000 | cumQ= 36240 | bc_coef=0.000 | sps=468
[  60/488] step=  61440 | ep= 2675 | return= 0.976 | guided%= 90.3 | bc=0.0000 | cumQ= 45401 | bc_coef=0.000 | sps=467
[  70/488] step=  71680 | ep= 3252 | return= 0.976 | guided%= 92.1 | bc=0.0000 | cumQ= 54957 | bc_coef=0.000 | sps=467
[  80/488] step=  81920 | ep= 3823 | return= 0.976 | guided%= 94.0 | bc=0.0000 | cumQ= 64529 | bc_coef=0.000 | sps=467
[  90/488] step=  92160 | ep= 4406 | return= 0.977 | guided%= 93.9 | bc=0.0000 | cumQ= 74156 | bc_coef=0.000 | sps=467
[ 100/488] step= 102400 | ep= 4992 | return= 0.977 | guided%= 94.0 | bc=0.0000 | cumQ= 83804 | bc_coef=0.000 | sps=467
[ 110/488] step= 112640 | ep= 5570 | return= 0.976 | guided%= 94.3 | bc=0.0000 | cumQ= 93436 | bc_coef=0.000 | sps=467
[ 120/488] step= 122880 | ep= 6145 | return= 0.976 | guided%= 94.0 | bc=0.0000 | cumQ=103063 | bc_coef=0.000 | sps=467
[ 130/488] step= 133120 | ep= 6719 | return= 0.977 | guided%= 94.1 | bc=0.0000 | cumQ=112698 | bc_coef=0.000 | sps=467
[ 140/488] step= 143360 | ep= 7297 | return= 0.976 | guided%= 94.1 | bc=0.0000 | cumQ=122359 | bc_coef=0.000 | sps=467
[ 150/488] step= 153600 | ep= 7876 | return= 0.976 | guided%= 93.9 | bc=0.0000 | cumQ=132009 | bc_coef=0.000 | sps=467
[ 160/488] step= 163840 | ep= 8420 | return= 0.977 | guided%= 94.0 | bc=0.0000 | cumQ=141696 | bc_coef=0.000 | sps=467
[ 170/488] step= 174080 | ep= 8976 | return= 0.976 | guided%= 92.6 | bc=0.0000 | cumQ=151151 | bc_coef=0.000 | sps=467
[ 180/488] step= 184320 | ep= 9556 | return= 0.976 | guided%= 94.1 | bc=0.0000 | cumQ=160723 | bc_coef=0.000 | sps=467
[ 190/488] step= 194560 | ep=10127 | return= 0.976 | guided%= 94.2 | bc=0.0000 | cumQ=170390 | bc_coef=0.000 | sps=467
[ 200/488] step= 204800 | ep=10707 | return= 0.976 | guided%= 93.9 | bc=0.0000 | cumQ=180017 | bc_coef=0.000 | sps=467
[ 210/488] step= 215040 | ep=11283 | return= 0.976 | guided%= 94.3 | bc=0.0000 | cumQ=189645 | bc_coef=0.000 | sps=467
[ 220/488] step= 225280 | ep=11860 | return= 0.977 | guided%= 94.2 | bc=0.0000 | cumQ=199306 | bc_coef=0.000 | sps=467
[ 230/488] step= 235520 | ep=12435 | return= 0.976 | guided%= 94.2 | bc=0.0000 | cumQ=208966 | bc_coef=0.000 | sps=467
[ 240/488] step= 245760 | ep=13020 | return= 0.977 | guided%= 94.1 | bc=0.0000 | cumQ=218618 | bc_coef=0.000 | sps=467
[ 250/488] step= 256000 | ep=13600 | return= 0.976 | guided%= 94.1 | bc=0.0000 | cumQ=228276 | bc_coef=0.000 | sps=467
[ 260/488] step= 266240 | ep=14175 | return= 0.976 | guided%= 94.2 | bc=0.0000 | cumQ=237940 | bc_coef=0.000 | sps=467
[ 270/488] step= 276480 | ep=14758 | return= 0.975 | guided%= 94.4 | bc=0.0000 | cumQ=247597 | bc_coef=0.000 | sps=467
[ 280/488] step= 286720 | ep=15325 | return= 0.977 | guided%= 94.0 | bc=0.0000 | cumQ=257264 | bc_coef=0.000 | sps=467
[ 290/488] step= 296960 | ep=15901 | return= 0.976 | guided%= 94.2 | bc=0.0000 | cumQ=266925 | bc_coef=0.000 | sps=467
[ 300/488] step= 307200 | ep=16479 | return= 0.977 | guided%= 94.2 | bc=0.0000 | cumQ=276586 | bc_coef=0.000 | sps=467
[ 310/488] step= 317440 | ep=17055 | return= 0.977 | guided%= 94.1 | bc=0.0000 | cumQ=286247 | bc_coef=0.000 | sps=467
[ 320/488] step= 327680 | ep=17635 | return= 0.977 | guided%= 94.1 | bc=0.0000 | cumQ=295906 | bc_coef=0.000 | sps=467
[ 330/488] step= 337920 | ep=18207 | return= 0.976 | guided%= 94.3 | bc=0.0000 | cumQ=305571 | bc_coef=0.000 | sps=467
[ 340/488] step= 348160 | ep=18776 | return= 0.976 | guided%= 94.2 | bc=0.0000 | cumQ=315242 | bc_coef=0.000 | sps=467
[ 350/488] step= 358400 | ep=19353 | return= 0.977 | guided%= 94.1 | bc=0.0000 | cumQ=324902 | bc_coef=0.000 | sps=467
[ 360/488] step= 368640 | ep=19932 | return= 0.977 | guided%= 94.1 | bc=0.0000 | cumQ=334564 | bc_coef=0.000 | sps=467
[ 370/488] step= 378880 | ep=20508 | return= 0.976 | guided%= 94.1 | bc=0.0000 | cumQ=344220 | bc_coef=0.000 | sps=467
[ 380/488] step= 389120 | ep=21084 | return= 0.976 | guided%= 94.3 | bc=0.0000 | cumQ=353877 | bc_coef=0.000 | sps=467
[ 390/488] step= 399360 | ep=21619 | return= 0.967 | guided%= 94.3 | bc=0.0000 | cumQ=363579 | bc_coef=0.000 | sps=467
[ 400/488] step= 409600 | ep=22198 | return= 0.977 | guided%= 94.1 | bc=0.0000 | cumQ=373240 | bc_coef=0.000 | sps=467
[ 410/488] step= 419840 | ep=22777 | return= 0.977 | guided%= 94.1 | bc=0.0000 | cumQ=382901 | bc_coef=0.000 | sps=467
[ 420/488] step= 430080 | ep=23355 | return= 0.977 | guided%= 94.0 | bc=0.0000 | cumQ=392562 | bc_coef=0.000 | sps=467
[ 430/488] step= 440320 | ep=23934 | return= 0.977 | guided%= 94.0 | bc=0.0000 | cumQ=402223 | bc_coef=0.000 | sps=468
[ 440/488] step= 450560 | ep=24507 | return= 0.976 | guided%= 94.2 | bc=0.0000 | cumQ=411891 | bc_coef=0.000 | sps=468
[ 450/488] step= 460800 | ep=25088 | return= 0.977 | guided%= 94.0 | bc=0.0000 | cumQ=421549 | bc_coef=0.000 | sps=468
[ 460/488] step= 471040 | ep=25668 | return= 0.976 | guided%= 94.2 | bc=0.0000 | cumQ=431207 | bc_coef=0.000 | sps=468
[ 470/488] step= 481280 | ep=26246 | return= 0.976 | guided%= 94.3 | bc=0.0000 | cumQ=440868 | bc_coef=0.000 | sps=468
[ 480/488] step= 491520 | ep=26824 | return= 0.976 | guided%= 94.2 | bc=0.0000 | cumQ=450529 | bc_coef=0.000 | sps=468
Generating plots...
Plots → figures/oracle_free__MiniGrid-DoorKey-8x8-v0__seed3__1777327425.png
=== Oracle payant faible (cost=0.01) | seed=3 ===
Run: oracle_paid_001__MiniGrid-DoorKey-8x8-v0__seed3__1777328499
  device=cuda, batch=1024, updates=488
  CSV → logs/oracle_paid_001__MiniGrid-DoorKey-8x8-v0__seed3__1777328499.csv
  obs=(64, 64, 3), n_actions=8, query_action=7
  params=67,167,753
[   1/488] step=   1024 | ep=    2 | return= 0.654 | guided%= 21.8 | bc=0.0000 | cumQ=   139 | bc_coef=0.000 | sps=231
[  10/488] step=  10240 | ep=   25 | return= 0.161 | guided%= 13.6 | bc=0.0000 | cumQ=  1209 | bc_coef=0.000 | sps=446
[  20/488] step=  20480 | ep=   47 | return= 0.084 | guided%= 10.7 | bc=0.0000 | cumQ=  1804 | bc_coef=0.000 | sps=476
[  30/488] step=  30720 | ep=   72 | return= 0.102 | guided%=  8.6 | bc=0.0000 | cumQ=  2284 | bc_coef=0.000 | sps=488
[  40/488] step=  40960 | ep=   93 | return= 0.115 | guided%=  7.6 | bc=0.0000 | cumQ=  2621 | bc_coef=0.000 | sps=494
  *** First unguided success — episode 113 ***
[  50/488] step=  51200 | ep=  122 | return= 0.149 | guided%=  5.7 | bc=0.0000 | cumQ=  3108 | bc_coef=0.000 | sps=498
[  60/488] step=  61440 | ep=  142 | return= 0.147 | guided%=  4.8 | bc=0.0000 | cumQ=  3505 | bc_coef=0.000 | sps=501
[  70/488] step=  71680 | ep=  161 | return= 0.176 | guided%=  4.3 | bc=0.0000 | cumQ=  3629 | bc_coef=0.000 | sps=504
[  80/488] step=  81920 | ep=  178 | return= 0.133 | guided%=  3.5 | bc=0.0000 | cumQ=  3705 | bc_coef=0.000 | sps=507
[  90/488] step=  92160 | ep=  197 | return= 0.127 | guided%=  3.1 | bc=0.0000 | cumQ=  3801 | bc_coef=0.000 | sps=509
[ 100/488] step= 102400 | ep=  212 | return= 0.086 | guided%=  2.1 | bc=0.0000 | cumQ=  3868 | bc_coef=0.000 | sps=510
[ 110/488] step= 112640 | ep=  230 | return= 0.055 | guided%=  1.4 | bc=0.0000 | cumQ=  3948 | bc_coef=0.000 | sps=512
[ 120/488] step= 122880 | ep=  248 | return= 0.082 | guided%=  1.0 | bc=0.0000 | cumQ=  4008 | bc_coef=0.000 | sps=513
[ 130/488] step= 133120 | ep=  267 | return= 0.059 | guided%=  0.8 | bc=0.0000 | cumQ=  4101 | bc_coef=0.000 | sps=513
[ 140/488] step= 143360 | ep=  285 | return= 0.048 | guided%=  0.9 | bc=0.0000 | cumQ=  4211 | bc_coef=0.000 | sps=513
[ 150/488] step= 153600 | ep=  302 | return= 0.045 | guided%=  0.8 | bc=0.0000 | cumQ=  4260 | bc_coef=0.000 | sps=514
[ 160/488] step= 163840 | ep=  318 | return= 0.034 | guided%=  0.8 | bc=0.0000 | cumQ=  4312 | bc_coef=0.000 | sps=514
[ 170/488] step= 174080 | ep=  334 | return= 0.033 | guided%=  0.7 | bc=0.0000 | cumQ=  4347 | bc_coef=0.000 | sps=514
[ 180/488] step= 184320 | ep=  350 | return= 0.019 | guided%=  0.6 | bc=0.0000 | cumQ=  4370 | bc_coef=0.000 | sps=514
[ 190/488] step= 194560 | ep=  366 | return=-0.000 | guided%=  0.5 | bc=0.0000 | cumQ=  4407 | bc_coef=0.000 | sps=514
[ 200/488] step= 204800 | ep=  382 | return=-0.002 | guided%=  0.4 | bc=0.0000 | cumQ=  4428 | bc_coef=0.000 | sps=513
[ 210/488] step= 215040 | ep=  398 | return=-0.006 | guided%=  0.3 | bc=0.0000 | cumQ=  4450 | bc_coef=0.000 | sps=513
[ 220/488] step= 225280 | ep=  414 | return=-0.010 | guided%=  0.3 | bc=0.0000 | cumQ=  4462 | bc_coef=0.000 | sps=513
[ 230/488] step= 235520 | ep=  430 | return=-0.013 | guided%=  0.2 | bc=0.0000 | cumQ=  4467 | bc_coef=0.000 | sps=513
[ 240/488] step= 245760 | ep=  446 | return=-0.007 | guided%=  0.2 | bc=0.0000 | cumQ=  4474 | bc_coef=0.000 | sps=513
[ 250/488] step= 256000 | ep=  462 | return=-0.004 | guided%=  0.1 | bc=0.0000 | cumQ=  4484 | bc_coef=0.000 | sps=513
[ 260/488] step= 266240 | ep=  478 | return=-0.003 | guided%=  0.1 | bc=0.0000 | cumQ=  4497 | bc_coef=0.000 | sps=513
[ 270/488] step= 276480 | ep=  494 | return= 0.001 | guided%=  0.1 | bc=0.0000 | cumQ=  4507 | bc_coef=0.000 | sps=513
[ 280/488] step= 286720 | ep=  510 | return= 0.002 | guided%=  0.1 | bc=0.0000 | cumQ=  4522 | bc_coef=0.000 | sps=513
[ 290/488] step= 296960 | ep=  526 | return= 0.003 | guided%=  0.1 | bc=0.0000 | cumQ=  4538 | bc_coef=0.000 | sps=513
[ 300/488] step= 307200 | ep=  543 | return=-0.001 | guided%=  0.1 | bc=0.0000 | cumQ=  4559 | bc_coef=0.000 | sps=513
[ 310/488] step= 317440 | ep=  559 | return=-0.001 | guided%=  0.1 | bc=0.0000 | cumQ=  4567 | bc_coef=0.000 | sps=513
[ 320/488] step= 327680 | ep=  575 | return=-0.002 | guided%=  0.1 | bc=0.0000 | cumQ=  4580 | bc_coef=0.000 | sps=513
[ 330/488] step= 337920 | ep=  591 | return=-0.005 | guided%=  0.1 | bc=0.0000 | cumQ=  4595 | bc_coef=0.000 | sps=513
[ 340/488] step= 348160 | ep=  607 | return=-0.005 | guided%=  0.1 | bc=0.0000 | cumQ=  4602 | bc_coef=0.000 | sps=514
[ 350/488] step= 358400 | ep=  623 | return=-0.005 | guided%=  0.1 | bc=0.0000 | cumQ=  4609 | bc_coef=0.000 | sps=514
[ 360/488] step= 368640 | ep=  639 | return=-0.004 | guided%=  0.1 | bc=0.0000 | cumQ=  4613 | bc_coef=0.000 | sps=514
[ 370/488] step= 378880 | ep=  655 | return=-0.005 | guided%=  0.1 | bc=0.0000 | cumQ=  4616 | bc_coef=0.000 | sps=514
[ 380/488] step= 389120 | ep=  671 | return=-0.004 | guided%=  0.1 | bc=0.0000 | cumQ=  4622 | bc_coef=0.000 | sps=514
[ 390/488] step= 399360 | ep=  687 | return=-0.004 | guided%=  0.1 | bc=0.0000 | cumQ=  4627 | bc_coef=0.000 | sps=514
[ 400/488] step= 409600 | ep=  703 | return=-0.003 | guided%=  0.0 | bc=0.0000 | cumQ=  4630 | bc_coef=0.000 | sps=514
[ 410/488] step= 419840 | ep=  719 | return=-0.003 | guided%=  0.1 | bc=0.0000 | cumQ=  4639 | bc_coef=0.000 | sps=514
[ 420/488] step= 430080 | ep=  735 | return=-0.005 | guided%=  0.1 | bc=0.0000 | cumQ=  4664 | bc_coef=0.000 | sps=514
[ 430/488] step= 440320 | ep=  751 | return=-0.006 | guided%=  0.1 | bc=0.0000 | cumQ=  4677 | bc_coef=0.000 | sps=514
[ 440/488] step= 450560 | ep=  767 | return=-0.003 | guided%=  0.1 | bc=0.0000 | cumQ=  4693 | bc_coef=0.000 | sps=514
[ 450/488] step= 460800 | ep=  783 | return=-0.003 | guided%=  0.1 | bc=0.0000 | cumQ=  4695 | bc_coef=0.000 | sps=515
[ 460/488] step= 471040 | ep=  799 | return=-0.003 | guided%=  0.1 | bc=0.0000 | cumQ=  4697 | bc_coef=0.000 | sps=515
[ 470/488] step= 481280 | ep=  815 | return=-0.003 | guided%=  0.1 | bc=0.0000 | cumQ=  4697 | bc_coef=0.000 | sps=515
[ 480/488] step= 491520 | ep=  831 | return=-0.001 | guided%=  0.1 | bc=0.0000 | cumQ=  4702 | bc_coef=0.000 | sps=515
Generating plots...
Saved → figures/oracle_paid_001__MiniGrid-DoorKey-8x8-v0__seed3__1777328499.png
Plots → figures/oracle_paid_001__MiniGrid-DoorKey-8x8-v0__seed3__1777328499.png
=== Oracle payant moyen  (cost=0.05) | seed=3 ===
Run: oracle_paid_005__MiniGrid-DoorKey-8x8-v0__seed3__1777329476
  device=cuda, batch=1024, updates=488
  CSV → logs/oracle_paid_005__MiniGrid-DoorKey-8x8-v0__seed3__1777329476.csv
  obs=(64, 64, 3), n_actions=8, query_action=7
  params=67,167,753
[   1/488] step=   1024 | ep=    2 | return=-0.166 | guided%= 21.8 | bc=0.0000 | cumQ=   139 | bc_coef=0.000 | sps=248
[  10/488] step=  10240 | ep=   13 | return=-1.107 | guided%=  8.6 | bc=0.0000 | cumQ=   384 | bc_coef=0.000 | sps=464
[  20/488] step=  20480 | ep=   29 | return=-0.510 | guided%=  4.0 | bc=0.0000 | cumQ=   388 | bc_coef=0.000 | sps=489
  *** First unguided success — episode 45 ***
[  30/488] step=  30720 | ep=   49 | return=-0.261 | guided%=  2.4 | bc=0.0000 | cumQ=   389 | bc_coef=0.000 | sps=498
[  40/488] step=  40960 | ep=   66 | return=-0.183 | guided%=  1.8 | bc=0.0000 | cumQ=   391 | bc_coef=0.000 | sps=504
[  50/488] step=  51200 | ep=   84 | return=-0.128 | guided%=  1.4 | bc=0.0000 | cumQ=   395 | bc_coef=0.000 | sps=507
[  60/488] step=  61440 | ep=  100 | return=-0.107 | guided%=  1.2 | bc=0.0000 | cumQ=   398 | bc_coef=0.000 | sps=510
[  70/488] step=  71680 | ep=  117 | return= 0.056 | guided%=  0.0 | bc=0.0000 | cumQ=   403 | bc_coef=0.000 | sps=511
[  80/488] step=  81920 | ep=  135 | return= 0.066 | guided%=  0.0 | bc=0.0000 | cumQ=   407 | bc_coef=0.000 | sps=512
[  90/488] step=  92160 | ep=  152 | return= 0.058 | guided%=  0.0 | bc=0.0000 | cumQ=   411 | bc_coef=0.000 | sps=514
[ 100/488] step= 102400 | ep=  171 | return= 0.075 | guided%=  0.0 | bc=0.0000 | cumQ=   414 | bc_coef=0.000 | sps=515
[ 110/488] step= 112640 | ep=  187 | return= 0.074 | guided%=  0.0 | bc=0.0000 | cumQ=   415 | bc_coef=0.000 | sps=516
[ 120/488] step= 122880 | ep=  206 | return= 0.096 | guided%=  0.0 | bc=0.0000 | cumQ=   417 | bc_coef=0.000 | sps=517
[ 130/488] step= 133120 | ep=  223 | return= 0.108 | guided%=  0.0 | bc=0.0000 | cumQ=   419 | bc_coef=0.000 | sps=517
[ 140/488] step= 143360 | ep=  243 | return= 0.105 | guided%=  0.0 | bc=0.0000 | cumQ=   422 | bc_coef=0.000 | sps=518
[ 150/488] step= 153600 | ep=  265 | return= 0.148 | guided%=  0.0 | bc=0.0000 | cumQ=   423 | bc_coef=0.000 | sps=518
[ 160/488] step= 163840 | ep=  285 | return= 0.181 | guided%=  0.0 | bc=0.0000 | cumQ=   429 | bc_coef=0.000 | sps=518
[ 170/488] step= 174080 | ep=  305 | return= 0.212 | guided%=  0.0 | bc=0.0000 | cumQ=   435 | bc_coef=0.000 | sps=518
[ 180/488] step= 184320 | ep=  332 | return= 0.281 | guided%=  0.0 | bc=0.0000 | cumQ=   435 | bc_coef=0.000 | sps=519
[ 190/488] step= 194560 | ep=  357 | return= 0.316 | guided%=  0.0 | bc=0.0000 | cumQ=   436 | bc_coef=0.000 | sps=519
[ 200/488] step= 204800 | ep=  374 | return= 0.308 | guided%=  0.0 | bc=0.0000 | cumQ=   450 | bc_coef=0.000 | sps=520
[ 210/488] step= 215040 | ep=  396 | return= 0.292 | guided%=  0.1 | bc=0.0000 | cumQ=   460 | bc_coef=0.000 | sps=520
[ 220/488] step= 225280 | ep=  415 | return= 0.264 | guided%=  0.1 | bc=0.0000 | cumQ=   460 | bc_coef=0.000 | sps=521
[ 230/488] step= 235520 | ep=  438 | return= 0.236 | guided%=  0.1 | bc=0.0000 | cumQ=   460 | bc_coef=0.000 | sps=521
[ 240/488] step= 245760 | ep=  461 | return= 0.267 | guided%=  0.1 | bc=0.0000 | cumQ=   460 | bc_coef=0.000 | sps=522
[ 250/488] step= 256000 | ep=  481 | return= 0.265 | guided%=  0.0 | bc=0.0000 | cumQ=   460 | bc_coef=0.000 | sps=522
[ 260/488] step= 266240 | ep=  498 | return= 0.225 | guided%=  0.0 | bc=0.0000 | cumQ=   460 | bc_coef=0.000 | sps=522
[ 270/488] step= 276480 | ep=  514 | return= 0.227 | guided%=  0.0 | bc=0.0000 | cumQ=   460 | bc_coef=0.000 | sps=523
[ 280/488] step= 286720 | ep=  532 | return= 0.200 | guided%=  0.0 | bc=0.0000 | cumQ=   460 | bc_coef=0.000 | sps=523
[ 290/488] step= 296960 | ep=  551 | return= 0.150 | guided%=  0.0 | bc=0.0000 | cumQ=   460 | bc_coef=0.000 | sps=523
[ 300/488] step= 307200 | ep=  567 | return= 0.106 | guided%=  0.0 | bc=0.0000 | cumQ=   460 | bc_coef=0.000 | sps=524
[ 310/488] step= 317440 | ep=  586 | return= 0.099 | guided%=  0.0 | bc=0.0000 | cumQ=   460 | bc_coef=0.000 | sps=524
[ 320/488] step= 327680 | ep=  603 | return= 0.099 | guided%=  0.0 | bc=0.0000 | cumQ=   460 | bc_coef=0.000 | sps=524
[ 330/488] step= 337920 | ep=  621 | return= 0.104 | guided%=  0.0 | bc=0.0000 | cumQ=   460 | bc_coef=0.000 | sps=524
[ 340/488] step= 348160 | ep=  639 | return= 0.104 | guided%=  0.0 | bc=0.0000 | cumQ=   460 | bc_coef=0.000 | sps=525
[ 350/488] step= 358400 | ep=  656 | return= 0.091 | guided%=  0.0 | bc=0.0000 | cumQ=   460 | bc_coef=0.000 | sps=525
[ 360/488] step= 368640 | ep=  674 | return= 0.109 | guided%=  0.0 | bc=0.0000 | cumQ=   460 | bc_coef=0.000 | sps=525
[ 370/488] step= 378880 | ep=  691 | return= 0.085 | guided%=  0.0 | bc=0.0000 | cumQ=   460 | bc_coef=0.000 | sps=525
[ 380/488] step= 389120 | ep=  708 | return= 0.079 | guided%=  0.0 | bc=0.0000 | cumQ=   469 | bc_coef=0.000 | sps=525
[ 390/488] step= 399360 | ep=  727 | return= 0.107 | guided%=  0.0 | bc=0.0000 | cumQ=   469 | bc_coef=0.000 | sps=526
[ 400/488] step= 409600 | ep=  751 | return= 0.161 | guided%=  0.0 | bc=0.0000 | cumQ=   469 | bc_coef=0.000 | sps=526
[ 410/488] step= 419840 | ep=  769 | return= 0.170 | guided%=  0.0 | bc=0.0000 | cumQ=   469 | bc_coef=0.000 | sps=526
[ 420/488] step= 430080 | ep=  792 | return= 0.213 | guided%=  0.0 | bc=0.0000 | cumQ=   470 | bc_coef=0.000 | sps=526
[ 430/488] step= 440320 | ep=  809 | return= 0.218 | guided%=  0.0 | bc=0.0000 | cumQ=   470 | bc_coef=0.000 | sps=526
[ 440/488] step= 450560 | ep=  829 | return= 0.214 | guided%=  0.0 | bc=0.0000 | cumQ=   470 | bc_coef=0.000 | sps=527
[ 450/488] step= 460800 | ep=  852 | return= 0.218 | guided%=  0.0 | bc=0.0000 | cumQ=   470 | bc_coef=0.000 | sps=527
[ 460/488] step= 471040 | ep=  871 | return= 0.236 | guided%=  0.0 | bc=0.0000 | cumQ=   470 | bc_coef=0.000 | sps=527
[ 470/488] step= 481280 | ep=  893 | return= 0.241 | guided%=  0.0 | bc=0.0000 | cumQ=   470 | bc_coef=0.000 | sps=528
[ 480/488] step= 491520 | ep=  916 | return= 0.285 | guided%=  0.0 | bc=0.0000 | cumQ=   470 | bc_coef=0.000 | sps=528
Generating plots...
Saved → figures/oracle_paid_005__MiniGrid-DoorKey-8x8-v0__seed3__1777329476.png
Plots → figures/oracle_paid_005__MiniGrid-DoorKey-8x8-v0__seed3__1777329476.png
=== Baseline PPO                     | seed=3 ===
Run: baseline__MiniGrid-DoorKey-8x8-v0__seed3__1777330429
  device=cuda, batch=1024, updates=488
  CSV → logs/baseline__MiniGrid-DoorKey-8x8-v0__seed3__1777330429.csv
  obs=(64, 64, 3), n_actions=7, query_action=6
  params=67,167,496
[   1/488] step=   1024 | ep=    0 | return=   nan | guided%=  nan | bc=0.0000 | cumQ=     0 | bc_coef=0.000 | sps=256
[  10/488] step=  10240 | ep=    8 | return= 0.000 | guided%=  0.0 | bc=0.0000 | cumQ=     0 | bc_coef=0.000 | sps=468
[  20/488] step=  20480 | ep=   24 | return= 0.000 | guided%=  0.0 | bc=0.0000 | cumQ=     0 | bc_coef=0.000 | sps=489
[  30/488] step=  30720 | ep=   40 | return= 0.000 | guided%=  0.0 | bc=0.0000 | cumQ=     0 | bc_coef=0.000 | sps=497
[  40/488] step=  40960 | ep=   56 | return= 0.000 | guided%=  0.0 | bc=0.0000 | cumQ=     0 | bc_coef=0.000 | sps=502
  *** First unguided success — episode 73 ***
[  50/488] step=  51200 | ep=   73 | return= 0.007 | guided%=  0.0 | bc=0.0000 | cumQ=     0 | bc_coef=0.000 | sps=504
[  60/488] step=  61440 | ep=   89 | return= 0.006 | guided%=  0.0 | bc=0.0000 | cumQ=     0 | bc_coef=0.000 | sps=506
[  70/488] step=  71680 | ep=  107 | return= 0.014 | guided%=  0.0 | bc=0.0000 | cumQ=     0 | bc_coef=0.000 | sps=507
[  80/488] step=  81920 | ep=  123 | return= 0.014 | guided%=  0.0 | bc=0.0000 | cumQ=     0 | bc_coef=0.000 | sps=508
[  90/488] step=  92160 | ep=  139 | return= 0.014 | guided%=  0.0 | bc=0.0000 | cumQ=     0 | bc_coef=0.000 | sps=509
[ 100/488] step= 102400 | ep=  156 | return= 0.022 | guided%=  0.0 | bc=0.0000 | cumQ=     0 | bc_coef=0.000 | sps=509
[ 110/488] step= 112640 | ep=  173 | return= 0.019 | guided%=  0.0 | bc=0.0000 | cumQ=     0 | bc_coef=0.000 | sps=509
[ 120/488] step= 122880 | ep=  189 | return= 0.019 | guided%=  0.0 | bc=0.0000 | cumQ=     0 | bc_coef=0.000 | sps=510
[ 130/488] step= 133120 | ep=  205 | return= 0.010 | guided%=  0.0 | bc=0.0000 | cumQ=     0 | bc_coef=0.000 | sps=510
[ 140/488] step= 143360 | ep=  221 | return= 0.010 | guided%=  0.0 | bc=0.0000 | cumQ=     0 | bc_coef=0.000 | sps=510
[ 150/488] step= 153600 | ep=  237 | return= 0.010 | guided%=  0.0 | bc=0.0000 | cumQ=     0 | bc_coef=0.000 | sps=510
[ 160/488] step= 163840 | ep=  254 | return= 0.009 | guided%=  0.0 | bc=0.0000 | cumQ=     0 | bc_coef=0.000 | sps=511
[ 170/488] step= 174080 | ep=  270 | return= 0.009 | guided%=  0.0 | bc=0.0000 | cumQ=     0 | bc_coef=0.000 | sps=511
[ 180/488] step= 184320 | ep=  286 | return= 0.006 | guided%=  0.0 | bc=0.0000 | cumQ=     0 | bc_coef=0.000 | sps=511
[ 190/488] step= 194560 | ep=  302 | return= 0.006 | guided%=  0.0 | bc=0.0000 | cumQ=     0 | bc_coef=0.000 | sps=511
[ 200/488] step= 204800 | ep=  318 | return= 0.006 | guided%=  0.0 | bc=0.0000 | cumQ=     0 | bc_coef=0.000 | sps=511
[ 210/488] step= 215040 | ep=  334 | return= 0.006 | guided%=  0.0 | bc=0.0000 | cumQ=     0 | bc_coef=0.000 | sps=511
[ 220/488] step= 225280 | ep=  350 | return= 0.000 | guided%=  0.0 | bc=0.0000 | cumQ=     0 | bc_coef=0.000 | sps=511
[ 230/488] step= 235520 | ep=  366 | return= 0.000 | guided%=  0.0 | bc=0.0000 | cumQ=     0 | bc_coef=0.000 | sps=511
[ 240/488] step= 245760 | ep=  382 | return= 0.000 | guided%=  0.0 | bc=0.0000 | cumQ=     0 | bc_coef=0.000 | sps=511
[ 250/488] step= 256000 | ep=  398 | return= 0.000 | guided%=  0.0 | bc=0.0000 | cumQ=     0 | bc_coef=0.000 | sps=511
[ 260/488] step= 266240 | ep=  414 | return= 0.000 | guided%=  0.0 | bc=0.0000 | cumQ=     0 | bc_coef=0.000 | sps=511
[ 270/488] step= 276480 | ep=  430 | return= 0.000 | guided%=  0.0 | bc=0.0000 | cumQ=     0 | bc_coef=0.000 | sps=511
[ 280/488] step= 286720 | ep=  446 | return= 0.000 | guided%=  0.0 | bc=0.0000 | cumQ=     0 | bc_coef=0.000 | sps=511
[ 290/488] step= 296960 | ep=  462 | return= 0.002 | guided%=  0.0 | bc=0.0000 | cumQ=     0 | bc_coef=0.000 | sps=511
[ 300/488] step= 307200 | ep=  478 | return= 0.002 | guided%=  0.0 | bc=0.0000 | cumQ=     0 | bc_coef=0.000 | sps=511
[ 310/488] step= 317440 | ep=  494 | return= 0.002 | guided%=  0.0 | bc=0.0000 | cumQ=     0 | bc_coef=0.000 | sps=512
[ 320/488] step= 327680 | ep=  510 | return= 0.002 | guided%=  0.0 | bc=0.0000 | cumQ=     0 | bc_coef=0.000 | sps=512
[ 330/488] step= 337920 | ep=  526 | return= 0.002 | guided%=  0.0 | bc=0.0000 | cumQ=     0 | bc_coef=0.000 | sps=512
[ 340/488] step= 348160 | ep=  542 | return= 0.002 | guided%=  0.0 | bc=0.0000 | cumQ=     0 | bc_coef=0.000 | sps=512
[ 350/488] step= 358400 | ep=  558 | return= 0.000 | guided%=  0.0 | bc=0.0000 | cumQ=     0 | bc_coef=0.000 | sps=512
[ 360/488] step= 368640 | ep=  574 | return= 0.000 | guided%=  0.0 | bc=0.0000 | cumQ=     0 | bc_coef=0.000 | sps=512
[ 370/488] step= 378880 | ep=  590 | return= 0.000 | guided%=  0.0 | bc=0.0000 | cumQ=     0 | bc_coef=0.000 | sps=512
[ 380/488] step= 389120 | ep=  606 | return= 0.000 | guided%=  0.0 | bc=0.0000 | cumQ=     0 | bc_coef=0.000 | sps=512
[ 390/488] step= 399360 | ep=  622 | return= 0.000 | guided%=  0.0 | bc=0.0000 | cumQ=     0 | bc_coef=0.000 | sps=512
[ 400/488] step= 409600 | ep=  638 | return= 0.000 | guided%=  0.0 | bc=0.0000 | cumQ=     0 | bc_coef=0.000 | sps=512
[ 410/488] step= 419840 | ep=  654 | return= 0.000 | guided%=  0.0 | bc=0.0000 | cumQ=     0 | bc_coef=0.000 | sps=512
[ 420/488] step= 430080 | ep=  670 | return= 0.000 | guided%=  0.0 | bc=0.0000 | cumQ=     0 | bc_coef=0.000 | sps=512
[ 430/488] step= 440320 | ep=  686 | return= 0.000 | guided%=  0.0 | bc=0.0000 | cumQ=     0 | bc_coef=0.000 | sps=512
[ 440/488] step= 450560 | ep=  702 | return= 0.000 | guided%=  0.0 | bc=0.0000 | cumQ=     0 | bc_coef=0.000 | sps=512
[ 450/488] step= 460800 | ep=  718 | return= 0.000 | guided%=  0.0 | bc=0.0000 | cumQ=     0 | bc_coef=0.000 | sps=512
[ 460/488] step= 471040 | ep=  734 | return= 0.000 | guided%=  0.0 | bc=0.0000 | cumQ=     0 | bc_coef=0.000 | sps=512
[ 470/488] step= 481280 | ep=  750 | return= 0.000 | guided%=  0.0 | bc=0.0000 | cumQ=     0 | bc_coef=0.000 | sps=512
[ 480/488] step= 491520 | ep=  765 | return= 0.000 | guided%=  0.0 | bc=0.0000 | cumQ=     0 | bc_coef=0.000 | sps=512
Generating plots...
Saved → figures/baseline__MiniGrid-DoorKey-8x8-v0__seed3__1777330429.png
Plots → figures/baseline__MiniGrid-DoorKey-8x8-v0__seed3__1777330429.png
Tous les runs terminés.
